Archive member included to satisfy reference by file (symbol)

c:/program files (x86)/gnu tools arm embedded/8-2018-q4-major/bin/../lib/gcc/arm-none-eabi/8.2.1/../../../../arm-none-eabi/lib/thumb/v7e-m+fp/hard\libc_nano.a(lib_a-ctype_.o)
                              _build/nrf52832_xxaa/nrf_log_str_formatter.c.o (_ctype_)
c:/program files (x86)/gnu tools arm embedded/8-2018-q4-major/bin/../lib/gcc/arm-none-eabi/8.2.1/../../../../arm-none-eabi/lib/thumb/v7e-m+fp/hard\libc_nano.a(lib_a-exit.o)
                              c:/program files (x86)/gnu tools arm embedded/8-2018-q4-major/bin/../lib/gcc/arm-none-eabi/8.2.1/../../../../arm-none-eabi/lib/thumb/v7e-m+fp/hard/crt0.o (exit)
c:/program files (x86)/gnu tools arm embedded/8-2018-q4-major/bin/../lib/gcc/arm-none-eabi/8.2.1/../../../../arm-none-eabi/lib/thumb/v7e-m+fp/hard\libc_nano.a(lib_a-impure.o)
                              c:/program files (x86)/gnu tools arm embedded/8-2018-q4-major/bin/../lib/gcc/arm-none-eabi/8.2.1/../../../../arm-none-eabi/lib/thumb/v7e-m+fp/hard\libc_nano.a(lib_a-exit.o) (_global_impure_ptr)
c:/program files (x86)/gnu tools arm embedded/8-2018-q4-major/bin/../lib/gcc/arm-none-eabi/8.2.1/../../../../arm-none-eabi/lib/thumb/v7e-m+fp/hard\libc_nano.a(lib_a-init.o)
                              c:/program files (x86)/gnu tools arm embedded/8-2018-q4-major/bin/../lib/gcc/arm-none-eabi/8.2.1/../../../../arm-none-eabi/lib/thumb/v7e-m+fp/hard/crt0.o (__libc_init_array)
c:/program files (x86)/gnu tools arm embedded/8-2018-q4-major/bin/../lib/gcc/arm-none-eabi/8.2.1/../../../../arm-none-eabi/lib/thumb/v7e-m+fp/hard\libc_nano.a(lib_a-memcmp.o)
                              _build/nrf52832_xxaa/ble_advdata.c.o (memcmp)
c:/program files (x86)/gnu tools arm embedded/8-2018-q4-major/bin/../lib/gcc/arm-none-eabi/8.2.1/../../../../arm-none-eabi/lib/thumb/v7e-m+fp/hard\libc_nano.a(lib_a-memcpy-stub.o)
                              _build/nrf52832_xxaa/nrf_log_frontend.c.o (memcpy)
c:/program files (x86)/gnu tools arm embedded/8-2018-q4-major/bin/../lib/gcc/arm-none-eabi/8.2.1/../../../../arm-none-eabi/lib/thumb/v7e-m+fp/hard\libc_nano.a(lib_a-memset.o)
                              c:/program files (x86)/gnu tools arm embedded/8-2018-q4-major/bin/../lib/gcc/arm-none-eabi/8.2.1/../../../../arm-none-eabi/lib/thumb/v7e-m+fp/hard/crt0.o (memset)
c:/program files (x86)/gnu tools arm embedded/8-2018-q4-major/bin/../lib/gcc/arm-none-eabi/8.2.1/../../../../arm-none-eabi/lib/thumb/v7e-m+fp/hard\libc_nano.a(lib_a-strcpy.o)
                              _build/nrf52832_xxaa/SEGGER_RTT.c.o (strcpy)
c:/program files (x86)/gnu tools arm embedded/8-2018-q4-major/bin/../lib/gcc/arm-none-eabi/8.2.1/../../../../arm-none-eabi/lib/thumb/v7e-m+fp/hard\libc_nano.a(lib_a-strlen.o)
                              _build/nrf52832_xxaa/nrf_log_frontend.c.o (strlen)
c:/program files (x86)/gnu tools arm embedded/8-2018-q4-major/bin/../lib/gcc/arm-none-eabi/8.2.1/../../../../arm-none-eabi/lib/thumb/v7e-m+fp/hard\libnosys.a(_exit.o)
                              c:/program files (x86)/gnu tools arm embedded/8-2018-q4-major/bin/../lib/gcc/arm-none-eabi/8.2.1/../../../../arm-none-eabi/lib/thumb/v7e-m+fp/hard\libc_nano.a(lib_a-exit.o) (_exit)
c:/program files (x86)/gnu tools arm embedded/8-2018-q4-major/bin/../lib/gcc/arm-none-eabi/8.2.1/thumb/v7e-m+fp/hard\libgcc.a(_aeabi_ldivmod.o)
                              _build/nrf52832_xxaa/bsp.c.o (__aeabi_ldivmod)
c:/program files (x86)/gnu tools arm embedded/8-2018-q4-major/bin/../lib/gcc/arm-none-eabi/8.2.1/thumb/v7e-m+fp/hard\libgcc.a(_aeabi_uldivmod.o)
                              _build/nrf52832_xxaa/bsp.c.o (__aeabi_uldivmod)
c:/program files (x86)/gnu tools arm embedded/8-2018-q4-major/bin/../lib/gcc/arm-none-eabi/8.2.1/thumb/v7e-m+fp/hard\libgcc.a(_udivmoddi4.o)
                              c:/program files (x86)/gnu tools arm embedded/8-2018-q4-major/bin/../lib/gcc/arm-none-eabi/8.2.1/thumb/v7e-m+fp/hard\libgcc.a(_aeabi_ldivmod.o) (__udivmoddi4)
c:/program files (x86)/gnu tools arm embedded/8-2018-q4-major/bin/../lib/gcc/arm-none-eabi/8.2.1/thumb/v7e-m+fp/hard\libgcc.a(_dvmd_tls.o)
                              c:/program files (x86)/gnu tools arm embedded/8-2018-q4-major/bin/../lib/gcc/arm-none-eabi/8.2.1/thumb/v7e-m+fp/hard\libgcc.a(_aeabi_ldivmod.o) (__aeabi_ldiv0)

Allocating common symbols
Common symbol       size              file

nrf_nvic_state      0xc               _build/nrf52832_xxaa/app_util_platform.c.o
nrf_drv_uart_use_easy_dma
                    0x1               _build/nrf52832_xxaa/nrf_drv_uart.c.o
_SEGGER_RTT         0x78              _build/nrf52832_xxaa/SEGGER_RTT.c.o

Discarded input sections

 .text          0x00000000        0x0 c:/program files (x86)/gnu tools arm embedded/8-2018-q4-major/bin/../lib/gcc/arm-none-eabi/8.2.1/thumb/v7e-m+fp/hard/crti.o
[...]
Memory Configuration

Name             Origin             Length             Attributes
FLASH            0x00026000         0x0005a000         xr
RAM              0x200018a8         0x0000e758         xrw
*default*        0x00000000         0xffffffff

Linker script and memory map


.text           0x00026000     0x6110
 *(.isr_vector)
 .isr_vector    0x00026000      0x200 _build/nrf52832_xxaa/gcc_startup_nrf52.S.o
                0x00026000                __isr_vector
 *(.text*)
 .text          0x00026200       0x40 c:/program files (x86)/gnu tools arm embedded/8-2018-q4-major/bin/../lib/gcc/arm-none-eabi/8.2.1/thumb/v7e-m+fp/hard/crtbegin.o
 .text          0x00026240       0x74 c:/program files (x86)/gnu tools arm embedded/8-2018-q4-major/bin/../lib/gcc/arm-none-eabi/8.2.1/../../../../arm-none-eabi/lib/thumb/v7e-m+fp/hard/crt0.o
                0x00026240                _start
                0x00026240                _mainCRTStartup
 .text          0x000262b4       0x3c _build/nrf52832_xxaa/gcc_startup_nrf52.S.o
                0x000262b4                Reset_Handler
                0x000262dc                NMI_Handler
                0x000262de                HardFault_Handler
                0x000262e0                MemoryManagement_Handler
                0x000262e2                BusFault_Handler
                0x000262e4                UsageFault_Handler
                0x000262e6                SVC_Handler
                0x000262e8                DebugMon_Handler
                0x000262ea                PendSV_Handler
                0x000262ec                SysTick_Handler
                0x000262ee                TEMP_IRQHandler
                0x000262ee                QDEC_IRQHandler
                0x000262ee                TIMER3_IRQHandler
                0x000262ee                FPU_IRQHandler
                0x000262ee                SPIM0_SPIS0_TWIM0_TWIS0_SPI0_TWI0_IRQHandler
                0x000262ee                PDM_IRQHandler
                0x000262ee                TIMER4_IRQHandler
                0x000262ee                I2S_IRQHandler
                0x000262ee                SWI4_EGU4_IRQHandler
                0x000262ee                TIMER0_IRQHandler
                0x000262ee                RADIO_IRQHandler
                0x000262ee                RTC0_IRQHandler
                0x000262ee                PWM2_IRQHandler
                0x000262ee                ECB_IRQHandler
                0x000262ee                SPIM1_SPIS1_TWIM1_TWIS1_SPI1_TWI1_IRQHandler
                0x000262ee                Default_Handler
                0x000262ee                SAADC_IRQHandler
                0x000262ee                CCM_AAR_IRQHandler
                0x000262ee                WDT_IRQHandler
                0x000262ee                PWM1_IRQHandler
                0x000262ee                SWI5_EGU5_IRQHandler
                0x000262ee                RNG_IRQHandler
                0x000262ee                RTC2_IRQHandler
                0x000262ee                PWM0_IRQHandler
                0x000262ee                SWI3_EGU3_IRQHandler
                0x000262ee                SWI1_EGU1_IRQHandler
                0x000262ee                SPIM2_SPIS2_SPI2_IRQHandler
                0x000262ee                NFCT_IRQHandler
                0x000262ee                TIMER1_IRQHandler
                0x000262ee                MWU_IRQHandler
                0x000262ee                TIMER2_IRQHandler
                0x000262ee                COMP_LPCOMP_IRQHandler
 .text.nrf_log_backend_serial_put
                0x000262f0       0xd4 _build/nrf52832_xxaa/nrf_log_backend_serial.c.o
                0x000262f0                nrf_log_backend_serial_put
 .text.uart_evt_handler
                0x000263c4        0xc _build/nrf52832_xxaa/nrf_log_backend_uart.c.o
 .text.nrf_log_backend_uart_flush
                0x000263d0        0x4 _build/nrf52832_xxaa/nrf_log_backend_uart.c.o
 .text.nrf_log_backend_uart_put
                0x000263d4       0x20 _build/nrf52832_xxaa/nrf_log_backend_uart.c.o
 .text.serial_tx
                0x000263f4       0x4c _build/nrf52832_xxaa/nrf_log_backend_uart.c.o
 .text.nrf_log_backend_uart_panic_set
                0x00026440       0x64 _build/nrf52832_xxaa/nrf_log_backend_uart.c.o
 .text.nrf_log_backend_uart_init
                0x000264a4       0x4c _build/nrf52832_xxaa/nrf_log_backend_uart.c.o
                0x000264a4                nrf_log_backend_uart_init
 .text.nrf_log_default_backends_init
                0x000264f0       0x20 _build/nrf52832_xxaa/nrf_log_default_backends.c.o
                0x000264f0                nrf_log_default_backends_init
 .text.nrf_log_init
                0x00026510       0x40 _build/nrf52832_xxaa/nrf_log_frontend.c.o
                0x00026510                nrf_log_init
 .text.nrf_log_module_name_get
                0x00026550       0x58 _build/nrf52832_xxaa/nrf_log_frontend.c.o
                0x00026550                nrf_log_module_name_get
 .text.nrf_log_color_id_get
                0x000265a8       0x2c _build/nrf52832_xxaa/nrf_log_frontend.c.o
                0x000265a8                nrf_log_color_id_get
 .text.nrf_log_frontend_dequeue
                0x000265d4      0x428 _build/nrf52832_xxaa/nrf_log_frontend.c.o
                0x000265d4                nrf_log_frontend_dequeue
 .text.nrf_log_frontend_std_0
                0x000269fc      0x1b0 _build/nrf52832_xxaa/nrf_log_frontend.c.o
                0x000269fc                nrf_log_frontend_std_0
 .text.nrf_log_frontend_std_1
                0x00026bac      0x1c0 _build/nrf52832_xxaa/nrf_log_frontend.c.o
                0x00026bac                nrf_log_frontend_std_1
 .text.nrf_log_frontend_std_2
                0x00026d6c      0x1d0 _build/nrf52832_xxaa/nrf_log_frontend.c.o
                0x00026d6c                nrf_log_frontend_std_2
 .text.nrf_log_backend_add
                0x00026f3c       0x74 _build/nrf52832_xxaa/nrf_log_frontend.c.o
                0x00026f3c                nrf_log_backend_add
 .text.nrf_log_panic
                0x00026fb0       0x2c _build/nrf52832_xxaa/nrf_log_frontend.c.o
                0x00026fb0                nrf_log_panic
 .text.prefix_process
                0x00026fdc       0x80 _build/nrf52832_xxaa/nrf_log_str_formatter.c.o
 .text.nrf_log_std_entry_process
                0x0002705c       0xec _build/nrf52832_xxaa/nrf_log_str_formatter.c.o
                0x0002705c                nrf_log_std_entry_process
 .text.nrf_log_hexdump_entry_process
                0x00027148       0xfc _build/nrf52832_xxaa/nrf_log_str_formatter.c.o
                0x00027148                nrf_log_hexdump_entry_process
 .text.detection_delay_timeout_handler
                0x00027244      0x120 _build/nrf52832_xxaa/app_button.c.o
 .text.gpiote_event_handler
                0x00027364       0x9c _build/nrf52832_xxaa/app_button.c.o
 .text.app_button_init
                0x00027400       0xb0 _build/nrf52832_xxaa/app_button.c.o
                0x00027400                app_button_init
 .text.app_button_enable
                0x000274b0       0x2c _build/nrf52832_xxaa/app_button.c.o
                0x000274b0                app_button_enable
 .text.app_error_handler_bare
                0x000274dc       0x20 _build/nrf52832_xxaa/app_error.c.o
                0x000274dc                app_error_handler_bare
 .text.app_error_fault_handler
                0x000274fc       0x70 _build/nrf52832_xxaa/app_error_weak.c.o
                0x000274fc                app_error_fault_handler
 .text.RTC1_IRQHandler
                0x0002756c       0xa0 _build/nrf52832_xxaa/app_timer.c.o
                0x0002756c                RTC1_IRQHandler
 .text.SWI0_EGU0_IRQHandler
                0x0002760c      0x3e4 _build/nrf52832_xxaa/app_timer.c.o
                0x0002760c                SWI0_EGU0_IRQHandler
 .text.app_timer_init
                0x000279f0       0xa8 _build/nrf52832_xxaa/app_timer.c.o
                0x000279f0                app_timer_init
 .text.app_timer_create
                0x00027a98       0x24 _build/nrf52832_xxaa/app_timer.c.o
                0x00027a98                app_timer_create
 .text.app_timer_start
                0x00027abc       0xac _build/nrf52832_xxaa/app_timer.c.o
                0x00027abc                app_timer_start
 .text.app_timer_stop
                0x00027b68       0x74 _build/nrf52832_xxaa/app_timer.c.o
                0x00027b68                app_timer_stop
 .text.app_util_critical_region_enter
                0x00027bdc       0x4c _build/nrf52832_xxaa/app_util_platform.c.o
                0x00027bdc                app_util_critical_region_enter
 .text.app_util_critical_region_exit
                0x00027c28       0x30 _build/nrf52832_xxaa/app_util_platform.c.o
                0x00027c28                app_util_critical_region_exit
 .text.nrf_atomic_u32_fetch_store
                0x00027c58       0x14 _build/nrf52832_xxaa/nrf_atomic.c.o
                0x00027c58                nrf_atomic_u32_fetch_store
 .text.nrf_atomic_u32_add
                0x00027c6c       0x18 _build/nrf52832_xxaa/nrf_atomic.c.o
                0x00027c6c                nrf_atomic_u32_add
 .text.nrf_atomic_u32_sub
                0x00027c84       0x18 _build/nrf52832_xxaa/nrf_atomic.c.o
                0x00027c84                nrf_atomic_u32_sub
 .text.nrf_atomic_flag_set
                0x00027c9c       0x18 _build/nrf52832_xxaa/nrf_atomic.c.o
                0x00027c9c                nrf_atomic_flag_set
 .text.nrf_atomic_flag_clear_fetch
                0x00027cb4       0x18 _build/nrf52832_xxaa/nrf_atomic.c.o
                0x00027cb4                nrf_atomic_flag_clear_fetch
 .text.nrf_balloc_init
                0x00027ccc       0x38 _build/nrf52832_xxaa/nrf_balloc.c.o
                0x00027ccc                nrf_balloc_init
 .text.nrf_balloc_alloc
                0x00027d04       0x50 _build/nrf52832_xxaa/nrf_balloc.c.o
                0x00027d04                nrf_balloc_alloc
 .text.nrf_balloc_free
                0x00027d54       0x38 _build/nrf52832_xxaa/nrf_balloc.c.o
                0x00027d54                nrf_balloc_free
 .text.nrf_fprintf_buffer_flush
                0x00027d8c       0x18 _build/nrf52832_xxaa/nrf_fprintf.c.o
                0x00027d8c                nrf_fprintf_buffer_flush
 .text.nrf_fprintf
                0x00027da4       0x20 _build/nrf52832_xxaa/nrf_fprintf.c.o
                0x00027da4                nrf_fprintf
 .text.unsigned_print
                0x00027dc4      0x158 _build/nrf52832_xxaa/nrf_fprintf_format.c.o
 .text.nrf_fprintf_fmt
                0x00027f1c      0x73c _build/nrf52832_xxaa/nrf_fprintf_format.c.o
                0x00027f1c                nrf_fprintf_fmt
 .text.nrf_memobj_pool_init
                0x00028658        0x4 _build/nrf52832_xxaa/nrf_memobj.c.o
                0x00028658                nrf_memobj_pool_init
 .text.nrf_memobj_alloc
                0x0002865c       0x98 _build/nrf52832_xxaa/nrf_memobj.c.o
                0x0002865c                nrf_memobj_alloc
 .text.nrf_memobj_get
                0x000286f4        0x8 _build/nrf52832_xxaa/nrf_memobj.c.o
                0x000286f4                nrf_memobj_get
 .text.nrf_memobj_put
                0x000286fc       0x58 _build/nrf52832_xxaa/nrf_memobj.c.o
                0x000286fc                nrf_memobj_put
 .text.nrf_memobj_write
                0x00028754       0x68 _build/nrf52832_xxaa/nrf_memobj.c.o
                0x00028754                nrf_memobj_write
 .text.nrf_memobj_read
                0x000287bc       0x68 _build/nrf52832_xxaa/nrf_memobj.c.o
                0x000287bc                nrf_memobj_read
 .text.sd_app_evt_wait
                0x00028824        0x4 _build/nrf52832_xxaa/nrf_pwr_mgmt.c.o
 .text.nrf_pwr_mgmt_init
                0x00028828       0x2c _build/nrf52832_xxaa/nrf_pwr_mgmt.c.o
                0x00028828                nrf_pwr_mgmt_init
 .text.nrf_pwr_mgmt_run
                0x00028854       0x54 _build/nrf52832_xxaa/nrf_pwr_mgmt.c.o
                0x00028854                nrf_pwr_mgmt_run
 .text.nrf_ringbuf_init
                0x000288a8       0x1c _build/nrf52832_xxaa/nrf_ringbuf.c.o
                0x000288a8                nrf_ringbuf_init
 .text.nrf_section_iter_init
                0x000288c4       0x14 _build/nrf52832_xxaa/nrf_section_iter.c.o
                0x000288c4                nrf_section_iter_init
 .text.nrf_section_iter_next
                0x000288d8       0x18 _build/nrf52832_xxaa/nrf_section_iter.c.o
                0x000288d8                nrf_section_iter_next
 .text.nrf_strerror_get
                0x000288f0       0x88 _build/nrf52832_xxaa/nrf_strerror.c.o
                0x000288f0                nrf_strerror_get
 .text.SystemInit
                0x00028978      0x3b4 _build/nrf52832_xxaa/system_nrf52.c.o
                0x00028978                SystemInit
 .text.bsp_board_led_state_get
                0x00028d2c       0x1c _build/nrf52832_xxaa/boards.c.o
                0x00028d2c                bsp_board_led_state_get
 .text.bsp_board_led_on
                0x00028d48       0x18 _build/nrf52832_xxaa/boards.c.o
                0x00028d48                bsp_board_led_on
 .text.bsp_board_led_off
                0x00028d60       0x18 _build/nrf52832_xxaa/boards.c.o
                0x00028d60                bsp_board_led_off
 .text.bsp_board_leds_off
                0x00028d78       0x2c _build/nrf52832_xxaa/boards.c.o
                0x00028d78                bsp_board_leds_off
 .text.bsp_board_leds_on
                0x00028da4       0x2c _build/nrf52832_xxaa/boards.c.o
                0x00028da4                bsp_board_leds_on
 .text.bsp_board_led_invert
                0x00028dd0       0x24 _build/nrf52832_xxaa/boards.c.o
                0x00028dd0                bsp_board_led_invert
 .text.bsp_board_pin_to_button_idx
                0x00028df4       0x24 _build/nrf52832_xxaa/boards.c.o
                0x00028df4                bsp_board_pin_to_button_idx
 .text.bsp_board_init
                0x00028e18       0x5c _build/nrf52832_xxaa/boards.c.o
                0x00028e18                bsp_board_init
 .text.clock_irq_handler
                0x00028e74       0x44 _build/nrf52832_xxaa/nrf_drv_clock.c.o
 .text.soc_evt_handler
                0x00028eb8       0x28 _build/nrf52832_xxaa/nrf_drv_clock.c.o
 .text.sd_state_evt_handler
                0x00028ee0       0xa4 _build/nrf52832_xxaa/nrf_drv_clock.c.o
 .text.uarte_evt_handler
                0x00028f84       0x34 _build/nrf52832_xxaa/nrf_drv_uart.c.o
 .text.uart_evt_handler
                0x00028fb8       0x34 _build/nrf52832_xxaa/nrf_drv_uart.c.o
 .text.nrf_drv_uart_init
                0x00028fec       0x80 _build/nrf52832_xxaa/nrf_drv_uart.c.o
                0x00028fec                nrf_drv_uart_init
 .text.nrfx_clock_init
                0x0002906c       0x18 _build/nrf52832_xxaa/nrfx_clock.c.o
                0x0002906c                nrfx_clock_init
 .text.nrfx_clock_enable
                0x00029084       0x24 _build/nrf52832_xxaa/nrfx_clock.c.o
                0x00029084                nrfx_clock_enable
 .text.nrfx_clock_lfclk_stop
                0x000290a8       0x18 _build/nrf52832_xxaa/nrfx_clock.c.o
                0x000290a8                nrfx_clock_lfclk_stop
 .text.POWER_CLOCK_IRQHandler
                0x000290c0       0x64 _build/nrf52832_xxaa/nrfx_clock.c.o
                0x000290c0                POWER_CLOCK_IRQHandler
 .text.nrfx_gpiote_init
                0x00029124       0x94 _build/nrf52832_xxaa/nrfx_gpiote.c.o
                0x00029124                nrfx_gpiote_init
 .text.nrfx_gpiote_is_init
                0x000291b8       0x14 _build/nrf52832_xxaa/nrfx_gpiote.c.o
                0x000291b8                nrfx_gpiote_is_init
 .text.nrfx_gpiote_in_init
                0x000291cc      0x1b0 _build/nrf52832_xxaa/nrfx_gpiote.c.o
                0x000291cc                nrfx_gpiote_in_init
 .text.nrfx_gpiote_in_event_enable
                0x0002937c       0xc0 _build/nrf52832_xxaa/nrfx_gpiote.c.o
                0x0002937c                nrfx_gpiote_in_event_enable
 .text.nrfx_gpiote_in_is_set
                0x0002943c       0x14 _build/nrf52832_xxaa/nrfx_gpiote.c.o
                0x0002943c                nrfx_gpiote_in_is_set
 .text.GPIOTE_IRQHandler
                0x00029450      0x538 _build/nrf52832_xxaa/nrfx_gpiote.c.o
                0x00029450                GPIOTE_IRQHandler
 .text.UARTE0_UART0_IRQHandler
                0x00029988        0xc _build/nrf52832_xxaa/nrfx_prs.c.o
                0x00029988                UARTE0_UART0_IRQHandler
 .text.nrfx_prs_acquire
                0x00029994       0x50 _build/nrf52832_xxaa/nrfx_prs.c.o
                0x00029994                nrfx_prs_acquire
 .text.nrfx_prs_release
                0x000299e4       0x18 _build/nrf52832_xxaa/nrfx_prs.c.o
                0x000299e4                nrfx_prs_release
 .text.nrfx_uart_0_irq_handler
                0x000299fc      0x1c0 _build/nrf52832_xxaa/nrfx_uart.c.o
                0x000299fc                nrfx_uart_0_irq_handler
 .text.nrfx_uart_init
                0x00029bbc      0x194 _build/nrf52832_xxaa/nrfx_uart.c.o
                0x00029bbc                nrfx_uart_init
 .text.nrfx_uart_uninit
                0x00029d50       0xcc _build/nrf52832_xxaa/nrfx_uart.c.o
                0x00029d50                nrfx_uart_uninit
 .text.nrfx_uart_tx
                0x00029e1c       0xcc _build/nrf52832_xxaa/nrfx_uart.c.o
                0x00029e1c                nrfx_uart_tx
 .text.nrfx_uarte_0_irq_handler
                0x00029ee8      0x124 _build/nrf52832_xxaa/nrfx_uarte.c.o
                0x00029ee8                nrfx_uarte_0_irq_handler
 .text.nrfx_uarte_init
                0x0002a00c      0x1b8 _build/nrf52832_xxaa/nrfx_uarte.c.o
                0x0002a00c                nrfx_uarte_init
 .text.nrfx_uarte_uninit
                0x0002a1c4       0xd0 _build/nrf52832_xxaa/nrfx_uarte.c.o
                0x0002a1c4                nrfx_uarte_uninit
 .text.nrfx_uarte_tx
                0x0002a294       0xa4 _build/nrf52832_xxaa/nrfx_uarte.c.o
                0x0002a294                nrfx_uarte_tx
 .text.alert_timer_handler
                0x0002a338        0x8 _build/nrf52832_xxaa/bsp.c.o
 .text.bsp_button_event_handler
                0x0002a340       0xa4 _build/nrf52832_xxaa/bsp.c.o
 .text.button_timer_handler
                0x0002a3e4       0x30 _build/nrf52832_xxaa/bsp.c.o
 .text.bsp_led_indication
                0x0002a414      0x31c _build/nrf52832_xxaa/bsp.c.o
 .text.leds_timer_handler
                0x0002a730       0x1c _build/nrf52832_xxaa/bsp.c.o
 .text.bsp_indication_set
                0x0002a74c       0x18 _build/nrf52832_xxaa/bsp.c.o
                0x0002a74c                bsp_indication_set
 .text.bsp_init
                0x0002a764       0xc0 _build/nrf52832_xxaa/bsp.c.o
                0x0002a764                bsp_init
 .text.sd_ble_gap_adv_set_configure
                0x0002a824        0x4 _build/nrf52832_xxaa/main.c.o
 .text.sd_ble_gap_adv_start
                0x0002a828        0x4 _build/nrf52832_xxaa/main.c.o
 .text.startup.main
                0x0002a82c      0x148 _build/nrf52832_xxaa/main.c.o
                0x0002a82c                main
 .text.sd_ble_gap_addr_get
                0x0002a974        0x4 _build/nrf52832_xxaa/ble_advdata.c.o
 .text.sd_ble_gap_appearance_get
                0x0002a978        0x4 _build/nrf52832_xxaa/ble_advdata.c.o
 .text.sd_ble_gap_device_name_get
                0x0002a97c        0x4 _build/nrf52832_xxaa/ble_advdata.c.o
 .text.sd_ble_uuid_encode
                0x0002a980        0x4 _build/nrf52832_xxaa/ble_advdata.c.o
 .text.uuid_list_sized_encode.isra.0
                0x0002a984       0xc4 _build/nrf52832_xxaa/ble_advdata.c.o
 .text.ble_advdata_encode
                0x0002aa48      0x410 _build/nrf52832_xxaa/ble_advdata.c.o
                0x0002aa48                ble_advdata_encode
 .text.sd_softdevice_enable
                0x0002ae58        0x4 _build/nrf52832_xxaa/nrf_sdh.c.o
 .text.nrf_sdh_enable_request
                0x0002ae5c      0x118 _build/nrf52832_xxaa/nrf_sdh.c.o
                0x0002ae5c                nrf_sdh_enable_request
 .text.nrf_sdh_is_enabled
                0x0002af74        0xc _build/nrf52832_xxaa/nrf_sdh.c.o
                0x0002af74                nrf_sdh_is_enabled
 .text.SWI2_EGU2_IRQHandler
                0x0002af80       0x2c _build/nrf52832_xxaa/nrf_sdh.c.o
                0x0002af80                SWI2_EGU2_IRQHandler
 .text.sd_ble_enable
                0x0002afac        0x4 _build/nrf52832_xxaa/nrf_sdh_ble.c.o
 .text.sd_ble_cfg_set
                0x0002afb0        0x4 _build/nrf52832_xxaa/nrf_sdh_ble.c.o
 .text.sd_ble_evt_get
                0x0002afb4        0x4 _build/nrf52832_xxaa/nrf_sdh_ble.c.o
 .text.nrf_sdh_ble_evts_poll
                0x0002afb8       0x5c _build/nrf52832_xxaa/nrf_sdh_ble.c.o
 .text.nrf_sdh_ble_default_cfg_set
                0x0002b014      0x170 _build/nrf52832_xxaa/nrf_sdh_ble.c.o
                0x0002b014                nrf_sdh_ble_default_cfg_set
 .text.nrf_sdh_ble_enable
                0x0002b184       0x9c _build/nrf52832_xxaa/nrf_sdh_ble.c.o
                0x0002b184                nrf_sdh_ble_enable
 .text.sd_evt_get
                0x0002b220        0x4 _build/nrf52832_xxaa/nrf_sdh_soc.c.o
 .text.nrf_sdh_soc_evts_poll
                0x0002b224       0x4c _build/nrf52832_xxaa/nrf_sdh_soc.c.o
 .text.exit     0x0002b270       0x28 c:/program files (x86)/gnu tools arm embedded/8-2018-q4-major/bin/../lib/gcc/arm-none-eabi/8.2.1/../../../../arm-none-eabi/lib/thumb/v7e-m+fp/hard\libc_nano.a(lib_a-exit.o)
                0x0002b270                exit
 .text.__libc_init_array
                0x0002b298       0x48 c:/program files (x86)/gnu tools arm embedded/8-2018-q4-major/bin/../lib/gcc/arm-none-eabi/8.2.1/../../../../arm-none-eabi/lib/thumb/v7e-m+fp/hard\libc_nano.a(lib_a-init.o)
                0x0002b298                __libc_init_array
 .text.memcpy   0x0002b2e0       0x1c c:/program files (x86)/gnu tools arm embedded/8-2018-q4-major/bin/../lib/gcc/arm-none-eabi/8.2.1/../../../../arm-none-eabi/lib/thumb/v7e-m+fp/hard\libc_nano.a(lib_a-memcpy-stub.o)
                0x0002b2e0                memcpy
 .text.memset   0x0002b2fc       0x10 c:/program files (x86)/gnu tools arm embedded/8-2018-q4-major/bin/../lib/gcc/arm-none-eabi/8.2.1/../../../../arm-none-eabi/lib/thumb/v7e-m+fp/hard\libc_nano.a(lib_a-memset.o)
                0x0002b2fc                memset
 .text          0x0002b30c       0x10 c:/program files (x86)/gnu tools arm embedded/8-2018-q4-major/bin/../lib/gcc/arm-none-eabi/8.2.1/../../../../arm-none-eabi/lib/thumb/v7e-m+fp/hard\libc_nano.a(lib_a-strlen.o)
                0x0002b30c                strlen
 .text._exit    0x0002b31c        0x4 c:/program files (x86)/gnu tools arm embedded/8-2018-q4-major/bin/../lib/gcc/arm-none-eabi/8.2.1/../../../../arm-none-eabi/lib/thumb/v7e-m+fp/hard\libnosys.a(_exit.o)
                0x0002b31c                _exit
 .text          0x0002b320       0x30 c:/program files (x86)/gnu tools arm embedded/8-2018-q4-major/bin/../lib/gcc/arm-none-eabi/8.2.1/thumb/v7e-m+fp/hard\libgcc.a(_aeabi_uldivmod.o)
                0x0002b320                __aeabi_uldivmod
 .text          0x0002b350      0x2d0 c:/program files (x86)/gnu tools arm embedded/8-2018-q4-major/bin/../lib/gcc/arm-none-eabi/8.2.1/thumb/v7e-m+fp/hard\libgcc.a(_udivmoddi4.o)
                0x0002b350                __udivmoddi4
 .text          0x0002b620        0x4 c:/program files (x86)/gnu tools arm embedded/8-2018-q4-major/bin/../lib/gcc/arm-none-eabi/8.2.1/thumb/v7e-m+fp/hard\libgcc.a(_dvmd_tls.o)
                0x0002b620                __aeabi_idiv0
                0x0002b620                __aeabi_ldiv0
 *(.init)
 .init          0x0002b624        0x4 c:/program files (x86)/gnu tools arm embedded/8-2018-q4-major/bin/../lib/gcc/arm-none-eabi/8.2.1/thumb/v7e-m+fp/hard/crti.o
                0x0002b624                _init
 .init          0x0002b628        0x8 c:/program files (x86)/gnu tools arm embedded/8-2018-q4-major/bin/../lib/gcc/arm-none-eabi/8.2.1/thumb/v7e-m+fp/hard/crtn.o
 *(.fini)
 .fini          0x0002b630        0x4 c:/program files (x86)/gnu tools arm embedded/8-2018-q4-major/bin/../lib/gcc/arm-none-eabi/8.2.1/thumb/v7e-m+fp/hard/crti.o
                0x0002b630                _fini
 .fini          0x0002b634        0x8 c:/program files (x86)/gnu tools arm embedded/8-2018-q4-major/bin/../lib/gcc/arm-none-eabi/8.2.1/thumb/v7e-m+fp/hard/crtn.o
 *crtbegin.o(.ctors)
 *crtbegin?.o(.ctors)
 *(EXCLUDE_FILE(*crtend.o *crtend?.o) .ctors)
 *(SORT_BY_NAME(.ctors.*))
 *(.ctors)
 *crtbegin.o(.dtors)
 *crtbegin?.o(.dtors)
 *(EXCLUDE_FILE(*crtend.o *crtend?.o) .dtors)
 *(SORT_BY_NAME(.dtors.*))
 *(.dtors)
 *(.rodata*)
 .rodata        0x0002b63c       0x20 _build/nrf52832_xxaa/nrf_log_backend_uart.c.o
 .rodata.nrf_log_backend_uart_api
                0x0002b65c        0xc _build/nrf52832_xxaa/nrf_log_backend_uart.c.o
                0x0002b65c                nrf_log_backend_uart_api
 .rodata.str1.4
                0x0002b668       0x11 _build/nrf52832_xxaa/nrf_log_default_backends.c.o
 *fill*         0x0002b679        0x3 
 .rodata.m_log_push_ringbuf
                0x0002b67c        0xc _build/nrf52832_xxaa/nrf_log_frontend.c.o
 .rodata.nrf_log_frontend_dequeue.str1.4
                0x0002b688       0x11 _build/nrf52832_xxaa/nrf_log_frontend.c.o
 *fill*         0x0002b699        0x3 
 .rodata.str1.4
                0x0002b69c        0x4 _build/nrf52832_xxaa/nrf_log_frontend.c.o
 .rodata.m_colors
                0x0002b6a0       0x24 _build/nrf52832_xxaa/nrf_log_str_formatter.c.o
 .rodata.nrf_log_hexdump_entry_process.str1.4
                0x0002b6c4       0x13 _build/nrf52832_xxaa/nrf_log_str_formatter.c.o
                                 0x16 (size before relaxing)
 *fill*         0x0002b6d7        0x1 
 .rodata.nrf_log_std_entry_process.str1.4
                0x0002b6d8        0x3 _build/nrf52832_xxaa/nrf_log_str_formatter.c.o
 *fill*         0x0002b6db        0x1 
 .rodata.prefix_process.str1.4
                0x0002b6dc       0x36 _build/nrf52832_xxaa/nrf_log_str_formatter.c.o
 *fill*         0x0002b712        0x2 
 .rodata.severity_names
                0x0002b714       0x14 _build/nrf52832_xxaa/nrf_log_str_formatter.c.o
 .rodata.str1.4
                0x0002b728       0x56 _build/nrf52832_xxaa/nrf_log_str_formatter.c.o
 *fill*         0x0002b77e        0x2 
 .rodata.m_detection_delay_timer_id
                0x0002b780        0x4 _build/nrf52832_xxaa/app_button.c.o
 .rodata.app_error_fault_handler.str1.4
                0x0002b784       0x19 _build/nrf52832_xxaa/app_error_weak.c.o
 *fill*         0x0002b79d        0x3 
 .rodata.delay_machine_code.8819
                0x0002b7a0        0x6 _build/nrf52832_xxaa/app_timer.c.o
 *fill*         0x0002b7a6        0x2 
 .rodata._aV2C.7517
                0x0002b7a8       0x10 _build/nrf52832_xxaa/nrf_fprintf_format.c.o
 .rodata.pwr_mgmt_data
                0x0002b7b8        0xc _build/nrf52832_xxaa/nrf_pwr_mgmt.c.o
 .rodata.str1.4
                0x0002b7c4        0x9 _build/nrf52832_xxaa/nrf_pwr_mgmt.c.o
 *fill*         0x0002b7cd        0x3 
 .rodata.m_unknown_str
                0x0002b7d0       0x13 _build/nrf52832_xxaa/nrf_strerror.c.o
 *fill*         0x0002b7e3        0x1 
 .rodata.nrf_strerror_array
                0x0002b7e4      0x128 _build/nrf52832_xxaa/nrf_strerror.c.o
 .rodata.str1.4
                0x0002b90c      0x3e9 _build/nrf52832_xxaa/nrf_strerror.c.o
 *fill*         0x0002bcf5        0x3 
 .rodata.m_board_led_list
                0x0002bcf8        0x4 _build/nrf52832_xxaa/boards.c.o
 .rodata.str1.4
                0x0002bcfc        0x6 _build/nrf52832_xxaa/nrf_drv_clock.c.o
 *fill*         0x0002bd02        0x2 
 .rodata.str1.4
                0x0002bd04        0x6 _build/nrf52832_xxaa/nrfx_clock.c.o
 *fill*         0x0002bd0a        0x2 
 .rodata.str1.4
                0x0002bd0c        0x7 _build/nrf52832_xxaa/nrfx_gpiote.c.o
 *fill*         0x0002bd13        0x1 
 .rodata.str1.4
                0x0002bd14        0x4 _build/nrf52832_xxaa/nrfx_prs.c.o
 .rodata.str1.4
                0x0002bd18        0x5 _build/nrf52832_xxaa/nrfx_uart.c.o
 *fill*         0x0002bd1d        0x3 
 .rodata.str1.4
                0x0002bd20        0x6 _build/nrf52832_xxaa/nrfx_uarte.c.o
 *fill*         0x0002bd26        0x2 
 .rodata.app_buttons
                0x0002bd28       0x20 _build/nrf52832_xxaa/bsp.c.o
 .rodata.m_bsp_alert_tmr
                0x0002bd48        0x4 _build/nrf52832_xxaa/bsp.c.o
 .rodata.m_bsp_button_tmr
                0x0002bd4c        0x4 _build/nrf52832_xxaa/bsp.c.o
 .rodata.m_bsp_leds_tmr
                0x0002bd50        0x4 _build/nrf52832_xxaa/bsp.c.o
 .rodata.main.str1.4
                0x0002bd54       0x18 _build/nrf52832_xxaa/main.c.o
 .rodata        0x0002bd6c        0x4 _build/nrf52832_xxaa/nrf_sdh.c.o
 .rodata.sdh_req_observers
                0x0002bd70        0xc _build/nrf52832_xxaa/nrf_sdh.c.o
 .rodata.sdh_stack_observers
                0x0002bd7c        0xc _build/nrf52832_xxaa/nrf_sdh.c.o
 .rodata.sdh_state_observers
                0x0002bd88        0xc _build/nrf52832_xxaa/nrf_sdh.c.o
 .rodata.str1.4
                0x0002bd94        0x8 _build/nrf52832_xxaa/nrf_sdh.c.o
 .rodata.nrf_sdh_ble_default_cfg_set.str1.4
                0x0002bd9c      0x187 _build/nrf52832_xxaa/nrf_sdh_ble.c.o
 *fill*         0x0002bf23        0x1 
 .rodata.nrf_sdh_ble_enable.str1.4
                0x0002bf24       0xad _build/nrf52832_xxaa/nrf_sdh_ble.c.o
 *fill*         0x0002bfd1        0x3 
 .rodata.sdh_ble_observers
                0x0002bfd4        0xc _build/nrf52832_xxaa/nrf_sdh_ble.c.o
 .rodata.str1.4
                0x0002bfe0        0xc _build/nrf52832_xxaa/nrf_sdh_ble.c.o
 .rodata.sdh_soc_observers
                0x0002bfec        0xc _build/nrf52832_xxaa/nrf_sdh_soc.c.o
 .rodata.str1.4
                0x0002bff8        0xc _build/nrf52832_xxaa/nrf_sdh_soc.c.o
 .rodata._ctype_
                0x0002c004      0x101 c:/program files (x86)/gnu tools arm embedded/8-2018-q4-major/bin/../lib/gcc/arm-none-eabi/8.2.1/../../../../arm-none-eabi/lib/thumb/v7e-m+fp/hard\libc_nano.a(lib_a-ctype_.o)
                0x0002c004                _ctype_
 *fill*         0x0002c105        0x3 
 .rodata._global_impure_ptr
                0x0002c108        0x4 c:/program files (x86)/gnu tools arm embedded/8-2018-q4-major/bin/../lib/gcc/arm-none-eabi/8.2.1/../../../../arm-none-eabi/lib/thumb/v7e-m+fp/hard\libc_nano.a(lib_a-impure.o)
                0x0002c108                _global_impure_ptr
 *(.eh_frame*)
 .eh_frame      0x0002c10c        0x0 c:/program files (x86)/gnu tools arm embedded/8-2018-q4-major/bin/../lib/gcc/arm-none-eabi/8.2.1/thumb/v7e-m+fp/hard/crtbegin.o
 .eh_frame      0x0002c10c        0x4 c:/program files (x86)/gnu tools arm embedded/8-2018-q4-major/bin/../lib/gcc/arm-none-eabi/8.2.1/thumb/v7e-m+fp/hard/crtend.o

.glue_7         0x0002c110        0x0
 .glue_7        0x0002c110        0x0 linker stubs

.glue_7t        0x0002c110        0x0
 .glue_7t       0x0002c110        0x0 linker stubs

.vfp11_veneer   0x0002c110        0x0
 .vfp11_veneer  0x0002c110        0x0 linker stubs

.v4_bx          0x0002c110        0x0
 .v4_bx         0x0002c110        0x0 linker stubs

.iplt           0x0002c110        0x0
 .iplt          0x0002c110        0x0 c:/program files (x86)/gnu tools arm embedded/8-2018-q4-major/bin/../lib/gcc/arm-none-eabi/8.2.1/thumb/v7e-m+fp/hard/crtbegin.o

.mem_section_dummy_rom

.sdh_soc_observers
                0x0002c110        0x8
                0x0002c110                PROVIDE (__start_sdh_soc_observers = .)
 *(SORT_BY_NAME(.sdh_soc_observers*))
 .sdh_soc_observers0
                0x0002c110        0x8 _build/nrf52832_xxaa/nrf_drv_clock.c.o
                0x0002c118                PROVIDE (__stop_sdh_soc_observers = .)

.sdh_ble_observers
                0x0002c118        0x0
                0x0002c118                PROVIDE (__start_sdh_ble_observers = .)
 *(SORT_BY_NAME(.sdh_ble_observers*))
                0x0002c118                PROVIDE (__stop_sdh_ble_observers = .)

.pwr_mgmt_data  0x0002c118        0x0
                0x0002c118                PROVIDE (__start_pwr_mgmt_data = .)
 *(SORT_BY_NAME(.pwr_mgmt_data*))
                0x0002c118                PROVIDE (__stop_pwr_mgmt_data = .)

.sdh_req_observers
                0x0002c118        0x0
                0x0002c118                PROVIDE (__start_sdh_req_observers = .)
 *(SORT_BY_NAME(.sdh_req_observers*))
                0x0002c118                PROVIDE (__stop_sdh_req_observers = .)

.sdh_state_observers
                0x0002c118        0x8
                0x0002c118                PROVIDE (__start_sdh_state_observers = .)
 *(SORT_BY_NAME(.sdh_state_observers*))
 .sdh_state_observers0
                0x0002c118        0x8 _build/nrf52832_xxaa/nrf_drv_clock.c.o
                0x0002c120                PROVIDE (__stop_sdh_state_observers = .)

.sdh_stack_observers
                0x0002c120       0x10
                0x0002c120                PROVIDE (__start_sdh_stack_observers = .)
 *(SORT_BY_NAME(.sdh_stack_observers*))
 .sdh_stack_observers0
                0x0002c120        0x8 _build/nrf52832_xxaa/nrf_sdh_ble.c.o
 .sdh_stack_observers0
                0x0002c128        0x8 _build/nrf52832_xxaa/nrf_sdh_soc.c.o
                0x0002c130                PROVIDE (__stop_sdh_stack_observers = .)

.nrf_queue      0x0002c130        0x0
                [!provide]                PROVIDE (__start_nrf_queue = .)
 *(.nrf_queue)
                [!provide]                PROVIDE (__stop_nrf_queue = .)

.nrf_balloc     0x0002c130       0x14
                [!provide]                PROVIDE (__start_nrf_balloc = .)
 *(.nrf_balloc)
 .nrf_balloc    0x0002c130       0x14 _build/nrf52832_xxaa/nrf_log_frontend.c.o
                0x0002c130                log_mempool
                [!provide]                PROVIDE (__stop_nrf_balloc = .)

.cli_command    0x0002c144        0x0
                [!provide]                PROVIDE (__start_cli_command = .)
 *(.cli_command)
                [!provide]                PROVIDE (__stop_cli_command = .)

.crypto_data    0x0002c144        0x0
                [!provide]                PROVIDE (__start_crypto_data = .)
 *(SORT_BY_NAME(.crypto_data*))
                [!provide]                PROVIDE (__stop_crypto_data = .)

.log_const_data
                0x0002c144       0x58
                0x0002c144                PROVIDE (__start_log_const_data = .)
 *(SORT_BY_NAME(.log_const_data*))
 .log_const_data_CLOCK
                0x0002c144        0x8 _build/nrf52832_xxaa/nrfx_clock.c.o
                0x0002c144                m_nrf_log_CLOCK_logs_data_const
 .log_const_data_GPIOTE
                0x0002c14c        0x8 _build/nrf52832_xxaa/nrfx_gpiote.c.o
                0x0002c14c                m_nrf_log_GPIOTE_logs_data_const
 .log_const_data_PRS
                0x0002c154        0x8 _build/nrf52832_xxaa/nrfx_prs.c.o
                0x0002c154                m_nrf_log_PRS_logs_data_const
 .log_const_data_UART
                0x0002c15c        0x8 _build/nrf52832_xxaa/nrfx_uart.c.o
                0x0002c15c                m_nrf_log_UART_logs_data_const
 .log_const_data_UARTE
                0x0002c164        0x8 _build/nrf52832_xxaa/nrfx_uarte.c.o
                0x0002c164                m_nrf_log_UARTE_logs_data_const
 .log_const_data_app
                0x0002c16c        0x8 _build/nrf52832_xxaa/nrf_log_frontend.c.o
                0x0002c16c                m_nrf_log_app_logs_data_const
 .log_const_data_clock
                0x0002c174        0x8 _build/nrf52832_xxaa/nrf_drv_clock.c.o
                0x0002c174                m_nrf_log_clock_logs_data_const
 .log_const_data_nrf_sdh
                0x0002c17c        0x8 _build/nrf52832_xxaa/nrf_sdh.c.o
                0x0002c17c                m_nrf_log_nrf_sdh_logs_data_const
 .log_const_data_nrf_sdh_ble
                0x0002c184        0x8 _build/nrf52832_xxaa/nrf_sdh_ble.c.o
                0x0002c184                m_nrf_log_nrf_sdh_ble_logs_data_const
 .log_const_data_nrf_sdh_soc
                0x0002c18c        0x8 _build/nrf52832_xxaa/nrf_sdh_soc.c.o
                0x0002c18c                m_nrf_log_nrf_sdh_soc_logs_data_const
 .log_const_data_pwr_mgmt
                0x0002c194        0x8 _build/nrf52832_xxaa/nrf_pwr_mgmt.c.o
                0x0002c194                m_nrf_log_pwr_mgmt_logs_data_const
                0x0002c19c                PROVIDE (__stop_log_const_data = .)

.log_backends   0x0002c19c       0x10
                [!provide]                PROVIDE (__start_log_backends = .)
 *(SORT_BY_NAME(.log_backends*))
 .log_backends  0x0002c19c       0x10 _build/nrf52832_xxaa/nrf_log_default_backends.c.o
                [!provide]                PROVIDE (__stop_log_backends = .)

.ARM.extab
 *(.ARM.extab* .gnu.linkonce.armextab.*)
                0x0002c1ac                __exidx_start = .

.ARM.exidx      0x0002c1ac        0x8
 *(.ARM.exidx* .gnu.linkonce.armexidx.*)
 .ARM.exidx     0x0002c1ac        0x8 c:/program files (x86)/gnu tools arm embedded/8-2018-q4-major/bin/../lib/gcc/arm-none-eabi/8.2.1/../../../../arm-none-eabi/lib/thumb/v7e-m+fp/hard/crt0.o
 .ARM.exidx     0x0002c1b4        0x0 c:/program files (x86)/gnu tools arm embedded/8-2018-q4-major/bin/../lib/gcc/arm-none-eabi/8.2.1/thumb/v7e-m+fp/hard\libgcc.a(_udivmoddi4.o)
                                  0x8 (size before relaxing)
                0x0002c1b4                __exidx_end = .
                0x0002c1b4                __etext = .

.rel.dyn        0x0002c1b4        0x0
 .rel.iplt      0x0002c1b4        0x0 c:/program files (x86)/gnu tools arm embedded/8-2018-q4-major/bin/../lib/gcc/arm-none-eabi/8.2.1/thumb/v7e-m+fp/hard/crtbegin.o

.data           0x200018a8       0xb4 load address 0x0002c1b4
                0x200018a8                __data_start__ = .
 *(vtable)
 *(.data*)
 .data.m_uart   0x200018a8       0x14 _build/nrf52832_xxaa/nrf_log_backend_uart.c.o
                0x200018a8                m_uart
 .data.log_backend_cb_uart_log_backend
                0x200018bc        0x8 _build/nrf52832_xxaa/nrf_log_default_backends.c.o
 .data.SystemCoreClock
                0x200018c4        0x4 _build/nrf52832_xxaa/system_nrf52.c.o
                0x200018c4                SystemCoreClock
 .data.m_adv_data
                0x200018c8       0x10 _build/nrf52832_xxaa/main.c.o
 .data.m_adv_handle
                0x200018d8        0x1 _build/nrf52832_xxaa/main.c.o
 *fill*         0x200018d9        0x3 
 .data.m_beacon_info
                0x200018dc       0x17 _build/nrf52832_xxaa/main.c.o
 *fill*         0x200018f3        0x1 
 .data.impure_data
                0x200018f4       0x60 c:/program files (x86)/gnu tools arm embedded/8-2018-q4-major/bin/../lib/gcc/arm-none-eabi/8.2.1/../../../../arm-none-eabi/lib/thumb/v7e-m+fp/hard\libc_nano.a(lib_a-impure.o)
                0x20001954                . = ALIGN (0x4)
                0x20001954                PROVIDE (__preinit_array_start = .)
 *(.preinit_array)
                0x20001954                PROVIDE (__preinit_array_end = .)
                0x20001954                . = ALIGN (0x4)
                0x20001954                PROVIDE (__init_array_start = .)
 *(SORT_BY_NAME(.init_array.*))
 *(.init_array)
 .init_array    0x20001954        0x4 c:/program files (x86)/gnu tools arm embedded/8-2018-q4-major/bin/../lib/gcc/arm-none-eabi/8.2.1/thumb/v7e-m+fp/hard/crtbegin.o
                0x20001958                PROVIDE (__init_array_end = .)
                0x20001958                . = ALIGN (0x4)
                [!provide]                PROVIDE (__fini_array_start = .)
 *(SORT_BY_NAME(.fini_array.*))
 *(.fini_array)
 .fini_array    0x20001958        0x4 c:/program files (x86)/gnu tools arm embedded/8-2018-q4-major/bin/../lib/gcc/arm-none-eabi/8.2.1/thumb/v7e-m+fp/hard/crtbegin.o
                [!provide]                PROVIDE (__fini_array_end = .)
 *(.jcr*)
                0x2000195c                . = ALIGN (0x4)
                0x2000195c                __data_end__ = .
LOAD c:/program files (x86)/gnu tools arm embedded/8-2018-q4-major/bin/../lib/gcc/arm-none-eabi/8.2.1/thumb/v7e-m+fp/hard/crti.o
LOAD c:/program files (x86)/gnu tools arm embedded/8-2018-q4-major/bin/../lib/gcc/arm-none-eabi/8.2.1/thumb/v7e-m+fp/hard/crtbegin.o
LOAD c:/program files (x86)/gnu tools arm embedded/8-2018-q4-major/bin/../lib/gcc/arm-none-eabi/8.2.1/../../../../arm-none-eabi/lib/thumb/v7e-m+fp/hard/crt0.o
LOAD _build/nrf52832_xxaa/gcc_startup_nrf52.S.o
LOAD _build/nrf52832_xxaa/nrf_log_backend_rtt.c.o
LOAD _build/nrf52832_xxaa/nrf_log_backend_serial.c.o
LOAD _build/nrf52832_xxaa/nrf_log_backend_uart.c.o
LOAD _build/nrf52832_xxaa/nrf_log_default_backends.c.o
LOAD _build/nrf52832_xxaa/nrf_log_frontend.c.o
LOAD _build/nrf52832_xxaa/nrf_log_str_formatter.c.o
LOAD _build/nrf52832_xxaa/app_button.c.o
LOAD _build/nrf52832_xxaa/app_error.c.o
LOAD _build/nrf52832_xxaa/app_error_handler_gcc.c.o
LOAD _build/nrf52832_xxaa/app_error_weak.c.o
LOAD _build/nrf52832_xxaa/app_scheduler.c.o
LOAD _build/nrf52832_xxaa/app_timer.c.o
LOAD _build/nrf52832_xxaa/app_util_platform.c.o
LOAD _build/nrf52832_xxaa/hardfault_implementation.c.o
LOAD _build/nrf52832_xxaa/nrf_assert.c.o
LOAD _build/nrf52832_xxaa/nrf_atfifo.c.o
LOAD _build/nrf52832_xxaa/nrf_atomic.c.o
LOAD _build/nrf52832_xxaa/nrf_balloc.c.o
LOAD _build/nrf52832_xxaa/nrf_fprintf.c.o
LOAD _build/nrf52832_xxaa/nrf_fprintf_format.c.o
LOAD _build/nrf52832_xxaa/nrf_memobj.c.o
LOAD _build/nrf52832_xxaa/nrf_pwr_mgmt.c.o
LOAD _build/nrf52832_xxaa/nrf_ringbuf.c.o
LOAD _build/nrf52832_xxaa/nrf_section_iter.c.o
LOAD _build/nrf52832_xxaa/nrf_strerror.c.o
LOAD _build/nrf52832_xxaa/system_nrf52.c.o
LOAD _build/nrf52832_xxaa/boards.c.o
LOAD _build/nrf52832_xxaa/nrf_drv_clock.c.o
LOAD _build/nrf52832_xxaa/nrf_drv_uart.c.o
LOAD _build/nrf52832_xxaa/nrfx_atomic.c.o
LOAD _build/nrf52832_xxaa/nrfx_clock.c.o
LOAD _build/nrf52832_xxaa/nrfx_gpiote.c.o
LOAD _build/nrf52832_xxaa/nrfx_prs.c.o
LOAD _build/nrf52832_xxaa/nrfx_uart.c.o
LOAD _build/nrf52832_xxaa/nrfx_uarte.c.o
LOAD _build/nrf52832_xxaa/bsp.c.o
LOAD _build/nrf52832_xxaa/main.c.o
LOAD _build/nrf52832_xxaa/SEGGER_RTT.c.o
LOAD _build/nrf52832_xxaa/SEGGER_RTT_Syscalls_GCC.c.o
LOAD _build/nrf52832_xxaa/SEGGER_RTT_printf.c.o
LOAD _build/nrf52832_xxaa/ble_advdata.c.o
LOAD _build/nrf52832_xxaa/ble_srv_common.c.o
LOAD _build/nrf52832_xxaa/utf.c.o
LOAD _build/nrf52832_xxaa/nrf_sdh.c.o
LOAD _build/nrf52832_xxaa/nrf_sdh_ble.c.o
LOAD _build/nrf52832_xxaa/nrf_sdh_soc.c.o
LOAD c:/program files (x86)/gnu tools arm embedded/8-2018-q4-major/bin/../lib/gcc/arm-none-eabi/8.2.1/../../../../arm-none-eabi/lib/thumb/v7e-m+fp/hard\libc_nano.a
LOAD c:/program files (x86)/gnu tools arm embedded/8-2018-q4-major/bin/../lib/gcc/arm-none-eabi/8.2.1/../../../../arm-none-eabi/lib/thumb/v7e-m+fp/hard\libnosys.a
LOAD c:/program files (x86)/gnu tools arm embedded/8-2018-q4-major/bin/../lib/gcc/arm-none-eabi/8.2.1/../../../../arm-none-eabi/lib/thumb/v7e-m+fp/hard\libm.a
START GROUP
LOAD c:/program files (x86)/gnu tools arm embedded/8-2018-q4-major/bin/../lib/gcc/arm-none-eabi/8.2.1/thumb/v7e-m+fp/hard\libgcc.a
LOAD c:/program files (x86)/gnu tools arm embedded/8-2018-q4-major/bin/../lib/gcc/arm-none-eabi/8.2.1/../../../../arm-none-eabi/lib/thumb/v7e-m+fp/hard\libg_nano.a
LOAD c:/program files (x86)/gnu tools arm embedded/8-2018-q4-major/bin/../lib/gcc/arm-none-eabi/8.2.1/../../../../arm-none-eabi/lib/thumb/v7e-m+fp/hard\libc_nano.a
END GROUP
START GROUP
LOAD c:/program files (x86)/gnu tools arm embedded/8-2018-q4-major/bin/../lib/gcc/arm-none-eabi/8.2.1/thumb/v7e-m+fp/hard\libgcc.a
LOAD c:/program files (x86)/gnu tools arm embedded/8-2018-q4-major/bin/../lib/gcc/arm-none-eabi/8.2.1/../../../../arm-none-eabi/lib/thumb/v7e-m+fp/hard\libc_nano.a
END GROUP
LOAD c:/program files (x86)/gnu tools arm embedded/8-2018-q4-major/bin/../lib/gcc/arm-none-eabi/8.2.1/thumb/v7e-m+fp/hard/crtend.o
LOAD c:/program files (x86)/gnu tools arm embedded/8-2018-q4-major/bin/../lib/gcc/arm-none-eabi/8.2.1/thumb/v7e-m+fp/hard/crtn.o
START GROUP
LOAD c:/program files (x86)/gnu tools arm embedded/8-2018-q4-major/bin/../lib/gcc/arm-none-eabi/8.2.1/thumb/v7e-m+fp/hard\libgcc.a
LOAD c:/program files (x86)/gnu tools arm embedded/8-2018-q4-major/bin/../lib/gcc/arm-none-eabi/8.2.1/../../../../arm-none-eabi/lib/thumb/v7e-m+fp/hard\libc.a
LOAD c:/program files (x86)/gnu tools arm embedded/8-2018-q4-major/bin/../lib/gcc/arm-none-eabi/8.2.1/../../../../arm-none-eabi/lib/thumb/v7e-m+fp/hard\libnosys.a
END GROUP

.igot.plt       0x2000195c        0x0 load address 0x0002c268
 .igot.plt      0x2000195c        0x0 c:/program files (x86)/gnu tools arm embedded/8-2018-q4-major/bin/../lib/gcc/arm-none-eabi/8.2.1/thumb/v7e-m+fp/hard/crtbegin.o
                0x2000195c                . = ALIGN (0x4)

.mem_section_dummy_ram

.cli_sorted_cmd_ptrs
                0x2000195c        0x0
                [!provide]                PROVIDE (__start_cli_sorted_cmd_ptrs = .)
 *(.cli_sorted_cmd_ptrs)
                [!provide]                PROVIDE (__stop_cli_sorted_cmd_ptrs = .)

.fs_data        0x2000195c        0x0
                [!provide]                PROVIDE (__start_fs_data = .)
 *(.fs_data)
                [!provide]                PROVIDE (__stop_fs_data = .)

.log_dynamic_data
                0x2000195c        0x0
                0x2000195c                PROVIDE (__start_log_dynamic_data = .)
 *(SORT_BY_NAME(.log_dynamic_data*))
                [!provide]                PROVIDE (__stop_log_dynamic_data = .)

.log_filter_data
                0x2000195c        0x0
                [!provide]                PROVIDE (__start_log_filter_data = .)
 *(SORT_BY_NAME(.log_filter_data*))
                [!provide]                PROVIDE (__stop_log_filter_data = .)

.bss            0x20001960      0x914 load address 0x0002c270
                0x20001960                . = ALIGN (0x4)
                0x20001960                __bss_start__ = .
 *(.bss*)
 .bss           0x20001960       0x1c c:/program files (x86)/gnu tools arm embedded/8-2018-q4-major/bin/../lib/gcc/arm-none-eabi/8.2.1/thumb/v7e-m+fp/hard/crtbegin.o
 .bss.m_async_mode
                0x2000197c        0x1 _build/nrf52832_xxaa/nrf_log_backend_uart.c.o
 *fill*         0x2000197d        0x3 
 .bss.m_string_buff
                0x20001980       0x40 _build/nrf52832_xxaa/nrf_log_backend_uart.c.o
 .bss.m_xfer_done
                0x200019c0        0x1 _build/nrf52832_xxaa/nrf_log_backend_uart.c.o
 *fill*         0x200019c1        0x3 
 .bss.log_mempool_nrf_balloc_cb
                0x200019c4        0x8 _build/nrf52832_xxaa/nrf_log_frontend.c.o
 .bss.log_mempool_nrf_balloc_pool_mem
                0x200019cc       0xc0 _build/nrf52832_xxaa/nrf_log_frontend.c.o
 .bss.log_mempool_nrf_balloc_pool_stack
                0x20001a8c        0x8 _build/nrf52832_xxaa/nrf_log_frontend.c.o
 *fill*         0x20001a94        0x4 
 .bss.m_log_data
                0x20001a98      0x424 _build/nrf52832_xxaa/nrf_log_frontend.c.o
 .bss.m_log_push_ringbuf_buf
                0x20001ebc       0x80 _build/nrf52832_xxaa/nrf_log_frontend.c.o
 .bss.m_log_push_ringbuf_cb
                0x20001f3c       0x18 _build/nrf52832_xxaa/nrf_log_frontend.c.o
 .bss.m_button_count
                0x20001f54        0x1 _build/nrf52832_xxaa/app_button.c.o
 *fill*         0x20001f55        0x3 
 .bss.m_detection_delay
                0x20001f58        0x4 _build/nrf52832_xxaa/app_button.c.o
 .bss.m_detection_delay_timer_id_data
                0x20001f5c       0x20 _build/nrf52832_xxaa/app_button.c.o
 *fill*         0x20001f7c        0x4 
 .bss.m_pin_state
                0x20001f80        0x8 _build/nrf52832_xxaa/app_button.c.o
 .bss.m_pin_transition
                0x20001f88        0x8 _build/nrf52832_xxaa/app_button.c.o
 .bss.mp_buttons
                0x20001f90        0x4 _build/nrf52832_xxaa/app_button.c.o
 .bss.m_op_queue
                0x20001f94      0x10c _build/nrf52832_xxaa/app_timer.c.o
 .bss.m_rtc1_reset
                0x200020a0        0x1 _build/nrf52832_xxaa/app_timer.c.o
 .bss.m_rtc1_running
                0x200020a1        0x1 _build/nrf52832_xxaa/app_timer.c.o
 *fill*         0x200020a2        0x2 
 .bss.m_ticks_elapsed
                0x200020a4        0x8 _build/nrf52832_xxaa/app_timer.c.o
 .bss.m_ticks_elapsed_q_read_ind
                0x200020ac        0x1 _build/nrf52832_xxaa/app_timer.c.o
 .bss.m_ticks_elapsed_q_write_ind
                0x200020ad        0x1 _build/nrf52832_xxaa/app_timer.c.o
 *fill*         0x200020ae        0x2 
 .bss.m_ticks_latest
                0x200020b0        0x4 _build/nrf52832_xxaa/app_timer.c.o
 .bss.mp_timer_id_head
                0x200020b4        0x4 _build/nrf52832_xxaa/app_timer.c.o
 .bss.m_handlers_iter
                0x200020b8        0x8 _build/nrf52832_xxaa/nrf_pwr_mgmt.c.o
 .bss.m_shutdown_started
                0x200020c0        0x1 _build/nrf52832_xxaa/nrf_pwr_mgmt.c.o
 *fill*         0x200020c1        0x3 
 .bss.m_sysoff_mtx
                0x200020c4        0x4 _build/nrf52832_xxaa/nrf_pwr_mgmt.c.o
 .bss.m_clock_cb
                0x200020c8       0x14 _build/nrf52832_xxaa/nrf_drv_clock.c.o
 .bss.m_contexts
                0x200020dc        0x4 _build/nrf52832_xxaa/nrf_drv_uart.c.o
 .bss.m_handlers
                0x200020e0        0x4 _build/nrf52832_xxaa/nrf_drv_uart.c.o
 .bss.m_clock_cb
                0x200020e4        0x8 _build/nrf52832_xxaa/nrfx_clock.c.o
 *fill*         0x200020ec        0x4 
 .bss.m_cb      0x200020f0       0x5c _build/nrf52832_xxaa/nrfx_gpiote.c.o
 .bss.m_prs_box_4
                0x2000214c        0x8 _build/nrf52832_xxaa/nrfx_prs.c.o
 .bss.m_cb      0x20002154       0x2c _build/nrf52832_xxaa/nrfx_uart.c.o
 .bss.m_cb      0x20002180       0x24 _build/nrf52832_xxaa/nrfx_uarte.c.o
 .bss.current_long_push_pin_no.8953
                0x200021a4        0x1 _build/nrf52832_xxaa/bsp.c.o
 .bss.m_alert_on
                0x200021a5        0x1 _build/nrf52832_xxaa/bsp.c.o
 *fill*         0x200021a6        0x2 
 .bss.m_bsp_alert_tmr_data
                0x200021a8       0x20 _build/nrf52832_xxaa/bsp.c.o
 .bss.m_bsp_button_tmr_data
                0x200021c8       0x20 _build/nrf52832_xxaa/bsp.c.o
 .bss.m_bsp_leds_tmr_data
                0x200021e8       0x20 _build/nrf52832_xxaa/bsp.c.o
 .bss.m_events_list
                0x20002208        0xc _build/nrf52832_xxaa/bsp.c.o
 .bss.m_indication_type
                0x20002214        0x4 _build/nrf52832_xxaa/bsp.c.o
 .bss.m_leds_clear
                0x20002218        0x1 _build/nrf52832_xxaa/bsp.c.o
 *fill*         0x20002219        0x3 
 .bss.m_registered_callback
                0x2000221c        0x4 _build/nrf52832_xxaa/bsp.c.o
 .bss.m_stable_state
                0x20002220        0x1 _build/nrf52832_xxaa/bsp.c.o
 *fill*         0x20002221        0x3 
 .bss.release_event_at_push.8954
                0x20002224        0x4 _build/nrf52832_xxaa/bsp.c.o
 .bss.m_adv_params
                0x20002228       0x18 _build/nrf52832_xxaa/main.c.o
 .bss.m_enc_advdata
                0x20002240       0x1f _build/nrf52832_xxaa/main.c.o
 .bss.m_nrf_sdh_continue
                0x2000225f        0x1 _build/nrf52832_xxaa/nrf_sdh.c.o
 .bss.m_nrf_sdh_enabled
                0x20002260        0x1 _build/nrf52832_xxaa/nrf_sdh.c.o
 .bss.m_nrf_sdh_suspended
                0x20002261        0x1 _build/nrf52832_xxaa/nrf_sdh.c.o
 .bss.m_stack_is_enabled
                0x20002262        0x1 _build/nrf52832_xxaa/nrf_sdh_ble.c.o
 *(COMMON)
 *fill*         0x20002263        0x1 
 COMMON         0x20002264        0xc _build/nrf52832_xxaa/app_util_platform.c.o
                0x20002264                nrf_nvic_state
 COMMON         0x20002270        0x1 _build/nrf52832_xxaa/nrf_drv_uart.c.o
                0x20002270                nrf_drv_uart_use_easy_dma
                0x20002274                . = ALIGN (0x4)
 *fill*         0x20002271        0x3 
                0x20002274                __bss_end__ = .

.heap           0x20002278     0x2000
                0x20002278                __HeapBase = .
                0x20002278                __end__ = .
                [!provide]                PROVIDE (end = .)
 *(.heap*)
 .heap          0x20002278     0x2000 _build/nrf52832_xxaa/gcc_startup_nrf52.S.o
                0x20004278                __HeapLimit = .

.stack_dummy    0x20002278     0x2000
 *(.stack*)
 .stack         0x20002278     0x2000 _build/nrf52832_xxaa/gcc_startup_nrf52.S.o
                0x20010000                __StackTop = (ORIGIN (RAM) + LENGTH (RAM))
                0x2000e000                __StackLimit = (__StackTop - SIZEOF (.stack_dummy))
                0x20010000                PROVIDE (__stack = __StackTop)
                0x00000001                ASSERT ((__StackLimit >= __HeapLimit), region RAM overflowed with stack)
                0x000000b8                DataInitFlashUsed = (__bss_start__ - __data_start__)
                0x000061b4                CodeFlashUsed = (__etext - ORIGIN (FLASH))
                0x0000626c                TotalFlashUsed = (CodeFlashUsed + DataInitFlashUsed)
                0x00000001                ASSERT ((TotalFlashUsed <= LENGTH (FLASH)), region FLASH overflowed with .data and user data)
OUTPUT(_build/nrf52832_xxaa.out elf32-littlearm)

.ARM.attributes
                0x00000000       0x30
 .ARM.attributes
                0x00000000       0x1e c:/program files (x86)/gnu tools arm embedded/8-2018-q4-major/bin/../lib/gcc/arm-none-eabi/8.2.1/thumb/v7e-m+fp/hard/crti.o
 .ARM.attributes
                0x0000001e       0x34 c:/program files (x86)/gnu tools arm embedded/8-2018-q4-major/bin/../lib/gcc/arm-none-eabi/8.2.1/thumb/v7e-m+fp/hard/crtbegin.o
 .ARM.attributes
                0x00000052       0x1c c:/program files (x86)/gnu tools arm embedded/8-2018-q4-major/bin/../lib/gcc/arm-none-eabi/8.2.1/../../../../arm-none-eabi/lib/thumb/v7e-m+fp/hard/crt0.o
 .ARM.attributes
                0x0000006e       0x20 _build/nrf52832_xxaa/gcc_startup_nrf52.S.o
 .ARM.attributes
                0x0000008e       0x34 _build/nrf52832_xxaa/nrf_log_backend_serial.c.o
 .ARM.attributes
                0x000000c2       0x34 _build/nrf52832_xxaa/nrf_log_backend_uart.c.o
 .ARM.attributes
                0x000000f6       0x34 _build/nrf52832_xxaa/nrf_log_default_backends.c.o
 .ARM.attributes
                0x0000012a       0x34 _build/nrf52832_xxaa/nrf_log_frontend.c.o
 .ARM.attributes
                0x0000015e       0x34 _build/nrf52832_xxaa/nrf_log_str_formatter.c.o
 .ARM.attributes
                0x00000192       0x34 _build/nrf52832_xxaa/app_button.c.o
 .ARM.attributes
                0x000001c6       0x34 _build/nrf52832_xxaa/app_error.c.o
 .ARM.attributes
                0x000001fa       0x34 _build/nrf52832_xxaa/app_error_weak.c.o
 .ARM.attributes
                0x0000022e       0x34 _build/nrf52832_xxaa/app_timer.c.o
 .ARM.attributes
                0x00000262       0x34 _build/nrf52832_xxaa/app_util_platform.c.o
 .ARM.attributes
                0x00000296       0x34 _build/nrf52832_xxaa/nrf_atomic.c.o
 .ARM.attributes
                0x000002ca       0x34 _build/nrf52832_xxaa/nrf_balloc.c.o
 .ARM.attributes
                0x000002fe       0x34 _build/nrf52832_xxaa/nrf_fprintf.c.o
 .ARM.attributes
                0x00000332       0x34 _build/nrf52832_xxaa/nrf_fprintf_format.c.o
 .ARM.attributes
                0x00000366       0x34 _build/nrf52832_xxaa/nrf_memobj.c.o
 .ARM.attributes
                0x0000039a       0x34 _build/nrf52832_xxaa/nrf_pwr_mgmt.c.o
 .ARM.attributes
                0x000003ce       0x34 _build/nrf52832_xxaa/nrf_ringbuf.c.o
 .ARM.attributes
                0x00000402       0x34 _build/nrf52832_xxaa/nrf_section_iter.c.o
 .ARM.attributes
                0x00000436       0x34 _build/nrf52832_xxaa/nrf_strerror.c.o
 .ARM.attributes
                0x0000046a       0x34 _build/nrf52832_xxaa/system_nrf52.c.o
 .ARM.attributes
                0x0000049e       0x34 _build/nrf52832_xxaa/boards.c.o
 .ARM.attributes
                0x000004d2       0x34 _build/nrf52832_xxaa/nrf_drv_clock.c.o
 .ARM.attributes
                0x00000506       0x34 _build/nrf52832_xxaa/nrf_drv_uart.c.o
 .ARM.attributes
                0x0000053a       0x34 _build/nrf52832_xxaa/nrfx_clock.c.o
 .ARM.attributes
                0x0000056e       0x34 _build/nrf52832_xxaa/nrfx_gpiote.c.o
 .ARM.attributes
                0x000005a2       0x34 _build/nrf52832_xxaa/nrfx_prs.c.o
 .ARM.attributes
                0x000005d6       0x34 _build/nrf52832_xxaa/nrfx_uart.c.o
 .ARM.attributes
                0x0000060a       0x34 _build/nrf52832_xxaa/nrfx_uarte.c.o
 .ARM.attributes
                0x0000063e       0x34 _build/nrf52832_xxaa/bsp.c.o
 .ARM.attributes
                0x00000672       0x34 _build/nrf52832_xxaa/main.c.o
 .ARM.attributes
                0x000006a6       0x34 _build/nrf52832_xxaa/ble_advdata.c.o
 .ARM.attributes
                0x000006da       0x34 _build/nrf52832_xxaa/nrf_sdh.c.o
 .ARM.attributes
                0x0000070e       0x34 _build/nrf52832_xxaa/nrf_sdh_ble.c.o
 .ARM.attributes
                0x00000742       0x34 _build/nrf52832_xxaa/nrf_sdh_soc.c.o
 .ARM.attributes
                0x00000776       0x32 c:/program files (x86)/gnu tools arm embedded/8-2018-q4-major/bin/../lib/gcc/arm-none-eabi/8.2.1/../../../../arm-none-eabi/lib/thumb/v7e-m+fp/hard\libc_nano.a(lib_a-ctype_.o)
 .ARM.attributes
                0x000007a8       0x34 c:/program files (x86)/gnu tools arm embedded/8-2018-q4-major/bin/../lib/gcc/arm-none-eabi/8.2.1/../../../../arm-none-eabi/lib/thumb/v7e-m+fp/hard\libc_nano.a(lib_a-exit.o)
 .ARM.attributes
                0x000007dc       0x32 c:/program files (x86)/gnu tools arm embedded/8-2018-q4-major/bin/../lib/gcc/arm-none-eabi/8.2.1/../../../../arm-none-eabi/lib/thumb/v7e-m+fp/hard\libc_nano.a(lib_a-impure.o)
 .ARM.attributes
                0x0000080e       0x34 c:/program files (x86)/gnu tools arm embedded/8-2018-q4-major/bin/../lib/gcc/arm-none-eabi/8.2.1/../../../../arm-none-eabi/lib/thumb/v7e-m+fp/hard\libc_nano.a(lib_a-init.o)
 .ARM.attributes
                0x00000842       0x34 c:/program files (x86)/gnu tools arm embedded/8-2018-q4-major/bin/../lib/gcc/arm-none-eabi/8.2.1/../../../../arm-none-eabi/lib/thumb/v7e-m+fp/hard\libc_nano.a(lib_a-memcpy-stub.o)
 .ARM.attributes
                0x00000876       0x34 c:/program files (x86)/gnu tools arm embedded/8-2018-q4-major/bin/../lib/gcc/arm-none-eabi/8.2.1/../../../../arm-none-eabi/lib/thumb/v7e-m+fp/hard\libc_nano.a(lib_a-memset.o)
 .ARM.attributes
                0x000008aa       0x17 c:/program files (x86)/gnu tools arm embedded/8-2018-q4-major/bin/../lib/gcc/arm-none-eabi/8.2.1/../../../../arm-none-eabi/lib/thumb/v7e-m+fp/hard\libc_nano.a(lib_a-strlen.o)
 .ARM.attributes
                0x000008c1       0x34 c:/program files (x86)/gnu tools arm embedded/8-2018-q4-major/bin/../lib/gcc/arm-none-eabi/8.2.1/../../../../arm-none-eabi/lib/thumb/v7e-m+fp/hard\libnosys.a(_exit.o)
 .ARM.attributes
                0x000008f5       0x1e c:/program files (x86)/gnu tools arm embedded/8-2018-q4-major/bin/../lib/gcc/arm-none-eabi/8.2.1/thumb/v7e-m+fp/hard\libgcc.a(_aeabi_uldivmod.o)
 .ARM.attributes
                0x00000913       0x34 c:/program files (x86)/gnu tools arm embedded/8-2018-q4-major/bin/../lib/gcc/arm-none-eabi/8.2.1/thumb/v7e-m+fp/hard\libgcc.a(_udivmoddi4.o)
 .ARM.attributes
                0x00000947       0x1e c:/program files (x86)/gnu tools arm embedded/8-2018-q4-major/bin/../lib/gcc/arm-none-eabi/8.2.1/thumb/v7e-m+fp/hard\libgcc.a(_dvmd_tls.o)
 .ARM.attributes
                0x00000965       0x32 c:/program files (x86)/gnu tools arm embedded/8-2018-q4-major/bin/../lib/gcc/arm-none-eabi/8.2.1/thumb/v7e-m+fp/hard/crtend.o
 .ARM.attributes
                0x00000997       0x1e c:/program files (x86)/gnu tools arm embedded/8-2018-q4-major/bin/../lib/gcc/arm-none-eabi/8.2.1/thumb/v7e-m+fp/hard/crtn.o

.comment        0x00000000       0x75
 .comment       0x00000000       0x75 _build/nrf52832_xxaa/nrf_log_backend_serial.c.o
                                 0x76 (size before relaxing)
 .comment       0x00000075       0x76 _build/nrf52832_xxaa/nrf_log_backend_uart.c.o
 .comment       0x00000075       0x76 _build/nrf52832_xxaa/nrf_log_default_backends.c.o
 .comment       0x00000075       0x76 _build/nrf52832_xxaa/nrf_log_frontend.c.o
 .comment       0x00000075       0x76 _build/nrf52832_xxaa/nrf_log_str_formatter.c.o
 .comment       0x00000075       0x76 _build/nrf52832_xxaa/app_button.c.o
 .comment       0x00000075       0x76 _build/nrf52832_xxaa/app_error.c.o
 .comment       0x00000075       0x76 _build/nrf52832_xxaa/app_error_weak.c.o
 .comment       0x00000075       0x76 _build/nrf52832_xxaa/app_timer.c.o
 .comment       0x00000075       0x76 _build/nrf52832_xxaa/app_util_platform.c.o
 .comment       0x00000075       0x76 _build/nrf52832_xxaa/nrf_atomic.c.o
 .comment       0x00000075       0x76 _build/nrf52832_xxaa/nrf_balloc.c.o
 .comment       0x00000075       0x76 _build/nrf52832_xxaa/nrf_fprintf.c.o
 .comment       0x00000075       0x76 _build/nrf52832_xxaa/nrf_fprintf_format.c.o
 .comment       0x00000075       0x76 _build/nrf52832_xxaa/nrf_memobj.c.o
 .comment       0x00000075       0x76 _build/nrf52832_xxaa/nrf_pwr_mgmt.c.o
 .comment       0x00000075       0x76 _build/nrf52832_xxaa/nrf_ringbuf.c.o
 .comment       0x00000075       0x76 _build/nrf52832_xxaa/nrf_section_iter.c.o
 .comment       0x00000075       0x76 _build/nrf52832_xxaa/nrf_strerror.c.o
 .comment       0x00000075       0x76 _build/nrf52832_xxaa/system_nrf52.c.o
 .comment       0x00000075       0x76 _build/nrf52832_xxaa/boards.c.o
 .comment       0x00000075       0x76 _build/nrf52832_xxaa/nrf_drv_clock.c.o
 .comment       0x00000075       0x76 _build/nrf52832_xxaa/nrf_drv_uart.c.o
 .comment       0x00000075       0x76 _build/nrf52832_xxaa/nrfx_clock.c.o
 .comment       0x00000075       0x76 _build/nrf52832_xxaa/nrfx_gpiote.c.o
 .comment       0x00000075       0x76 _build/nrf52832_xxaa/nrfx_prs.c.o
 .comment       0x00000075       0x76 _build/nrf52832_xxaa/nrfx_uart.c.o
 .comment       0x00000075       0x76 _build/nrf52832_xxaa/nrfx_uarte.c.o
 .comment       0x00000075       0x76 _build/nrf52832_xxaa/bsp.c.o
 .comment       0x00000075       0x76 _build/nrf52832_xxaa/main.c.o
 .comment       0x00000075       0x76 _build/nrf52832_xxaa/ble_advdata.c.o
 .comment       0x00000075       0x76 _build/nrf52832_xxaa/nrf_sdh.c.o
 .comment       0x00000075       0x76 _build/nrf52832_xxaa/nrf_sdh_ble.c.o
 .comment       0x00000075       0x76 _build/nrf52832_xxaa/nrf_sdh_soc.c.o

.debug_line     0x00000000    0x1f659
 .debug_line    0x00000000       0x86 _build/nrf52832_xxaa/gcc_startup_nrf52.S.o
 .debug_line    0x00000086      0x935 _build/nrf52832_xxaa/nrf_log_backend_serial.c.o
 .debug_line    0x000009bb      0xc54 _build/nrf52832_xxaa/nrf_log_backend_uart.c.o
 .debug_line    0x0000160f      0x81b _build/nrf52832_xxaa/nrf_log_default_backends.c.o
 .debug_line    0x00001e2a     0x2c98 _build/nrf52832_xxaa/nrf_log_frontend.c.o
 .debug_line    0x00004ac2      0xa3f _build/nrf52832_xxaa/nrf_log_str_formatter.c.o
 .debug_line    0x00005501      0xbb3 _build/nrf52832_xxaa/app_button.c.o
 .debug_line    0x000060b4      0x5c5 _build/nrf52832_xxaa/app_error.c.o
 .debug_line    0x00006679      0x90f _build/nrf52832_xxaa/app_error_weak.c.o
 .debug_line    0x00006f88     0x178f _build/nrf52832_xxaa/app_timer.c.o
 .debug_line    0x00008717      0x809 _build/nrf52832_xxaa/app_util_platform.c.o
 .debug_line    0x00008f20      0x881 _build/nrf52832_xxaa/nrf_atomic.c.o
 .debug_line    0x000097a1      0x95b _build/nrf52832_xxaa/nrf_balloc.c.o
 .debug_line    0x0000a0fc      0x5f3 _build/nrf52832_xxaa/nrf_fprintf.c.o
 .debug_line    0x0000a6ef      0xedf _build/nrf52832_xxaa/nrf_fprintf_format.c.o
 .debug_line    0x0000b5ce      0xb63 _build/nrf52832_xxaa/nrf_memobj.c.o
 .debug_line    0x0000c131      0xeff _build/nrf52832_xxaa/nrf_pwr_mgmt.c.o
 .debug_line    0x0000d030      0xa6c _build/nrf52832_xxaa/nrf_ringbuf.c.o
 .debug_line    0x0000da9c      0x609 _build/nrf52832_xxaa/nrf_section_iter.c.o
 .debug_line    0x0000e0a5      0x6e8 _build/nrf52832_xxaa/nrf_strerror.c.o
 .debug_line    0x0000e78d      0x922 _build/nrf52832_xxaa/system_nrf52.c.o
 .debug_line    0x0000f0af     0x1079 _build/nrf52832_xxaa/boards.c.o
 .debug_line    0x00010128     0x1228 _build/nrf52832_xxaa/nrf_drv_clock.c.o
 .debug_line    0x00011350      0x8e8 _build/nrf52832_xxaa/nrf_drv_uart.c.o
 .debug_line    0x00011c38     0x1000 _build/nrf52832_xxaa/nrfx_clock.c.o
 .debug_line    0x00012c38     0x2e12 _build/nrf52832_xxaa/nrfx_gpiote.c.o
 .debug_line    0x00015a4a      0x9e1 _build/nrf52832_xxaa/nrfx_prs.c.o
 .debug_line    0x0001642b     0x1e83 _build/nrf52832_xxaa/nrfx_uart.c.o
 .debug_line    0x000182ae     0x1ba0 _build/nrf52832_xxaa/nrfx_uarte.c.o
 .debug_line    0x00019e4e     0x1165 _build/nrf52832_xxaa/bsp.c.o
 .debug_line    0x0001afb3      0xe93 _build/nrf52832_xxaa/main.c.o
 .debug_line    0x0001be46     0x13e1 _build/nrf52832_xxaa/ble_advdata.c.o
 .debug_line    0x0001d227     0x1008 _build/nrf52832_xxaa/nrf_sdh.c.o
 .debug_line    0x0001e22f      0xbde _build/nrf52832_xxaa/nrf_sdh_ble.c.o
 .debug_line    0x0001ee0d      0x84c _build/nrf52832_xxaa/nrf_sdh_soc.c.o

.debug_info     0x00000000    0x3c312
 .debug_info    0x00000000       0x26 _build/nrf52832_xxaa/gcc_startup_nrf52.S.o
 .debug_info    0x00000026     0x1254 _build/nrf52832_xxaa/nrf_log_backend_serial.c.o
 .debug_info    0x0000127a     0x1c9d _build/nrf52832_xxaa/nrf_log_backend_uart.c.o
 .debug_info    0x00002f17      0xd9e _build/nrf52832_xxaa/nrf_log_default_backends.c.o
 .debug_info    0x00003cb5     0x4b7f _build/nrf52832_xxaa/nrf_log_frontend.c.o
 .debug_info    0x00008834     0x142a _build/nrf52832_xxaa/nrf_log_str_formatter.c.o
 .debug_info    0x00009c5e     0x1045 _build/nrf52832_xxaa/app_button.c.o
 .debug_info    0x0000aca3      0xbac _build/nrf52832_xxaa/app_error.c.o
 .debug_info    0x0000b84f     0x1026 _build/nrf52832_xxaa/app_error_weak.c.o
 .debug_info    0x0000c875     0x29ec _build/nrf52832_xxaa/app_timer.c.o
 .debug_info    0x0000f261     0x1305 _build/nrf52832_xxaa/app_util_platform.c.o
 .debug_info    0x00010566     0x1434 _build/nrf52832_xxaa/nrf_atomic.c.o
 .debug_info    0x0001199a      0xea4 _build/nrf52832_xxaa/nrf_balloc.c.o
 .debug_info    0x0001283e      0xb51 _build/nrf52832_xxaa/nrf_fprintf.c.o
 .debug_info    0x0001338f     0x1594 _build/nrf52832_xxaa/nrf_fprintf_format.c.o
 .debug_info    0x00014923     0x1611 _build/nrf52832_xxaa/nrf_memobj.c.o
 .debug_info    0x00015f34     0x1e19 _build/nrf52832_xxaa/nrf_pwr_mgmt.c.o
 .debug_info    0x00017d4d      0xf99 _build/nrf52832_xxaa/nrf_ringbuf.c.o
 .debug_info    0x00018ce6      0xac1 _build/nrf52832_xxaa/nrf_section_iter.c.o
 .debug_info    0x000197a7      0xb72 _build/nrf52832_xxaa/nrf_strerror.c.o
 .debug_info    0x0001a319     0x1277 _build/nrf52832_xxaa/system_nrf52.c.o
 .debug_info    0x0001b590     0x171e _build/nrf52832_xxaa/boards.c.o
 .debug_info    0x0001ccae     0x207f _build/nrf52832_xxaa/nrf_drv_clock.c.o
 .debug_info    0x0001ed2d     0x1ae7 _build/nrf52832_xxaa/nrf_drv_uart.c.o
 .debug_info    0x00020814     0x1e2e _build/nrf52832_xxaa/nrfx_clock.c.o
 .debug_info    0x00022642     0x43ed _build/nrf52832_xxaa/nrfx_gpiote.c.o
 .debug_info    0x00026a2f     0x1200 _build/nrf52832_xxaa/nrfx_prs.c.o
 .debug_info    0x00027c2f     0x4154 _build/nrf52832_xxaa/nrfx_uart.c.o
 .debug_info    0x0002bd83     0x3d8a _build/nrf52832_xxaa/nrfx_uarte.c.o
 .debug_info    0x0002fb0d     0x1e95 _build/nrf52832_xxaa/bsp.c.o
 .debug_info    0x000319a2     0x1c26 _build/nrf52832_xxaa/main.c.o
 .debug_info    0x000335c8     0x28bd _build/nrf52832_xxaa/ble_advdata.c.o
 .debug_info    0x00035e85     0x2074 _build/nrf52832_xxaa/nrf_sdh.c.o
 .debug_info    0x00037ef9     0x34b1 _build/nrf52832_xxaa/nrf_sdh_ble.c.o
 .debug_info    0x0003b3aa      0xf68 _build/nrf52832_xxaa/nrf_sdh_soc.c.o

.debug_abbrev   0x00000000     0x843f
 .debug_abbrev  0x00000000       0x14 _build/nrf52832_xxaa/gcc_startup_nrf52.S.o
 .debug_abbrev  0x00000014      0x2bd _build/nrf52832_xxaa/nrf_log_backend_serial.c.o
 .debug_abbrev  0x000002d1      0x41d _build/nrf52832_xxaa/nrf_log_backend_uart.c.o
 .debug_abbrev  0x000006ee      0x294 _build/nrf52832_xxaa/nrf_log_default_backends.c.o
 .debug_abbrev  0x00000982      0x62d _build/nrf52832_xxaa/nrf_log_frontend.c.o
 .debug_abbrev  0x00000faf      0x320 _build/nrf52832_xxaa/nrf_log_str_formatter.c.o
 .debug_abbrev  0x000012cf      0x323 _build/nrf52832_xxaa/app_button.c.o
 .debug_abbrev  0x000015f2      0x276 _build/nrf52832_xxaa/app_error.c.o
 .debug_abbrev  0x00001868      0x2e9 _build/nrf52832_xxaa/app_error_weak.c.o
 .debug_abbrev  0x00001b51      0x53a _build/nrf52832_xxaa/app_timer.c.o
 .debug_abbrev  0x0000208b      0x3e6 _build/nrf52832_xxaa/app_util_platform.c.o
 .debug_abbrev  0x00002471      0x378 _build/nrf52832_xxaa/nrf_atomic.c.o
 .debug_abbrev  0x000027e9      0x34d _build/nrf52832_xxaa/nrf_balloc.c.o
 .debug_abbrev  0x00002b36      0x27d _build/nrf52832_xxaa/nrf_fprintf.c.o
 .debug_abbrev  0x00002db3      0x3a2 _build/nrf52832_xxaa/nrf_fprintf_format.c.o
 .debug_abbrev  0x00003155      0x39e _build/nrf52832_xxaa/nrf_memobj.c.o
 .debug_abbrev  0x000034f3      0x508 _build/nrf52832_xxaa/nrf_pwr_mgmt.c.o
 .debug_abbrev  0x000039fb      0x2a1 _build/nrf52832_xxaa/nrf_ringbuf.c.o
 .debug_abbrev  0x00003c9c      0x206 _build/nrf52832_xxaa/nrf_section_iter.c.o
 .debug_abbrev  0x00003ea2      0x29c _build/nrf52832_xxaa/nrf_strerror.c.o
 .debug_abbrev  0x0000413e      0x226 _build/nrf52832_xxaa/system_nrf52.c.o
 .debug_abbrev  0x00004364      0x403 _build/nrf52832_xxaa/boards.c.o
 .debug_abbrev  0x00004767      0x5e9 _build/nrf52832_xxaa/nrf_drv_clock.c.o
 .debug_abbrev  0x00004d50      0x2da _build/nrf52832_xxaa/nrf_drv_uart.c.o
 .debug_abbrev  0x0000502a      0x536 _build/nrf52832_xxaa/nrfx_clock.c.o
 .debug_abbrev  0x00005560      0x5cb _build/nrf52832_xxaa/nrfx_gpiote.c.o
 .debug_abbrev  0x00005b2b      0x362 _build/nrf52832_xxaa/nrfx_prs.c.o
 .debug_abbrev  0x00005e8d      0x585 _build/nrf52832_xxaa/nrfx_uart.c.o
 .debug_abbrev  0x00006412      0x558 _build/nrf52832_xxaa/nrfx_uarte.c.o
 .debug_abbrev  0x0000696a      0x51b _build/nrf52832_xxaa/bsp.c.o
 .debug_abbrev  0x00006e85      0x3da _build/nrf52832_xxaa/main.c.o
 .debug_abbrev  0x0000725f      0x4a4 _build/nrf52832_xxaa/ble_advdata.c.o
 .debug_abbrev  0x00007703      0x5a3 _build/nrf52832_xxaa/nrf_sdh.c.o
 .debug_abbrev  0x00007ca6      0x4a8 _build/nrf52832_xxaa/nrf_sdh_ble.c.o
 .debug_abbrev  0x0000814e      0x2f1 _build/nrf52832_xxaa/nrf_sdh_soc.c.o

.debug_aranges  0x00000000      0xb38
 .debug_aranges
                0x00000000       0x20 _build/nrf52832_xxaa/gcc_startup_nrf52.S.o
 .debug_aranges
                0x00000020       0x20 _build/nrf52832_xxaa/nrf_log_backend_serial.c.o
 .debug_aranges
                0x00000040       0x48 _build/nrf52832_xxaa/nrf_log_backend_uart.c.o
 .debug_aranges
                0x00000088       0x20 _build/nrf52832_xxaa/nrf_log_default_backends.c.o
 .debug_aranges
                0x000000a8       0xb8 _build/nrf52832_xxaa/nrf_log_frontend.c.o
 .debug_aranges
                0x00000160       0x38 _build/nrf52832_xxaa/nrf_log_str_formatter.c.o
 .debug_aranges
                0x00000198       0x48 _build/nrf52832_xxaa/app_button.c.o
 .debug_aranges
                0x000001e0       0x28 _build/nrf52832_xxaa/app_error.c.o
 .debug_aranges
                0x00000208       0x20 _build/nrf52832_xxaa/app_error_weak.c.o
 .debug_aranges
                0x00000228       0x70 _build/nrf52832_xxaa/app_timer.c.o
 .debug_aranges
                0x00000298       0x48 _build/nrf52832_xxaa/app_util_platform.c.o
 .debug_aranges
                0x000002e0       0xb0 _build/nrf52832_xxaa/nrf_atomic.c.o
 .debug_aranges
                0x00000390       0x30 _build/nrf52832_xxaa/nrf_balloc.c.o
 .debug_aranges
                0x000003c0       0x28 _build/nrf52832_xxaa/nrf_fprintf.c.o
 .debug_aranges
                0x000003e8       0x28 _build/nrf52832_xxaa/nrf_fprintf_format.c.o
 .debug_aranges
                0x00000410       0x50 _build/nrf52832_xxaa/nrf_memobj.c.o
 .debug_aranges
                0x00000460       0x48 _build/nrf52832_xxaa/nrf_pwr_mgmt.c.o
 .debug_aranges
                0x000004a8       0x50 _build/nrf52832_xxaa/nrf_ringbuf.c.o
 .debug_aranges
                0x000004f8       0x28 _build/nrf52832_xxaa/nrf_section_iter.c.o
 .debug_aranges
                0x00000520       0x28 _build/nrf52832_xxaa/nrf_strerror.c.o
 .debug_aranges
                0x00000548       0x28 _build/nrf52832_xxaa/system_nrf52.c.o
 .debug_aranges
                0x00000570       0x78 _build/nrf52832_xxaa/boards.c.o
 .debug_aranges
                0x000005e8       0xa8 _build/nrf52832_xxaa/nrf_drv_clock.c.o
 .debug_aranges
                0x00000690       0x30 _build/nrf52832_xxaa/nrf_drv_uart.c.o
 .debug_aranges
                0x000006c0       0x78 _build/nrf52832_xxaa/nrfx_clock.c.o
 .debug_aranges
                0x00000738       0xd8 _build/nrf52832_xxaa/nrfx_gpiote.c.o
 .debug_aranges
                0x00000810       0x30 _build/nrf52832_xxaa/nrfx_prs.c.o
 .debug_aranges
                0x00000840       0x78 _build/nrf52832_xxaa/nrfx_uart.c.o
 .debug_aranges
                0x000008b8       0x68 _build/nrf52832_xxaa/nrfx_uarte.c.o
 .debug_aranges
                0x00000920       0x80 _build/nrf52832_xxaa/bsp.c.o
 .debug_aranges
                0x000009a0       0x38 _build/nrf52832_xxaa/main.c.o
 .debug_aranges
                0x000009d8       0x78 _build/nrf52832_xxaa/ble_advdata.c.o
 .debug_aranges
                0x00000a50       0x70 _build/nrf52832_xxaa/nrf_sdh.c.o
 .debug_aranges
                0x00000ac0       0x50 _build/nrf52832_xxaa/nrf_sdh_ble.c.o
 .debug_aranges
                0x00000b10       0x28 _build/nrf52832_xxaa/nrf_sdh_soc.c.o

.debug_str      0x00000000    0x92a0d
 .debug_str     0x00000000       0xb1 _build/nrf52832_xxaa/gcc_startup_nrf52.S.o
 .debug_str     0x000000b1    0x738a9 _build/nrf52832_xxaa/nrf_log_backend_serial.c.o
                              0x75a25 (size before relaxing)
 .debug_str     0x0007395a     0x8518 _build/nrf52832_xxaa/nrf_log_backend_uart.c.o
                              0x7da20 (size before relaxing)
 .debug_str     0x0007be72      0x11c _build/nrf52832_xxaa/nrf_log_default_backends.c.o
                              0x757dc (size before relaxing)
 .debug_str     0x0007bf8e     0x1372 _build/nrf52832_xxaa/nrf_log_frontend.c.o
                              0x76c93 (size before relaxing)
 .debug_str     0x0007d300      0x6a6 _build/nrf52832_xxaa/nrf_log_str_formatter.c.o
                              0x75f47 (size before relaxing)
 .debug_str     0x0007d9a6     0x1636 _build/nrf52832_xxaa/app_button.c.o
                              0x7a99d (size before relaxing)
 .debug_str     0x0007efdc       0xf4 _build/nrf52832_xxaa/app_error.c.o
                              0x60ace (size before relaxing)
 .debug_str     0x0007f0d0      0xa52 _build/nrf52832_xxaa/app_error_weak.c.o
                              0x7681e (size before relaxing)
 .debug_str     0x0007fb22      0xb33 _build/nrf52832_xxaa/app_timer.c.o
                              0x7a367 (size before relaxing)
 .debug_str     0x00080655      0x24e _build/nrf52832_xxaa/app_util_platform.c.o
                              0x61fe2 (size before relaxing)
 .debug_str     0x000808a3      0x6b9 _build/nrf52832_xxaa/nrf_atomic.c.o
                              0x70d50 (size before relaxing)
 .debug_str     0x00080f5c      0x164 _build/nrf52832_xxaa/nrf_balloc.c.o
                              0x757d6 (size before relaxing)
 .debug_str     0x000810c0      0x144 _build/nrf52832_xxaa/nrf_fprintf.c.o
                              0x709a9 (size before relaxing)
 .debug_str     0x00081204      0x11d _build/nrf52832_xxaa/nrf_fprintf_format.c.o
                              0x70a9e (size before relaxing)
 .debug_str     0x00081321      0x1a5 _build/nrf52832_xxaa/nrf_memobj.c.o
                              0x73b8e (size before relaxing)
 .debug_str     0x000814c6     0x16cb _build/nrf52832_xxaa/nrf_pwr_mgmt.c.o
                              0x7ebcd (size before relaxing)
 .debug_str     0x00082b91       0xdc _build/nrf52832_xxaa/nrf_ringbuf.c.o
                              0x72280 (size before relaxing)
 .debug_str     0x00082c6d       0x54 _build/nrf52832_xxaa/nrf_section_iter.c.o
                              0x70b78 (size before relaxing)
 .debug_str     0x00082cc1       0xed _build/nrf52832_xxaa/nrf_strerror.c.o
                              0x70715 (size before relaxing)
 .debug_str     0x00082dae      0x36e _build/nrf52832_xxaa/system_nrf52.c.o
                              0x5c597 (size before relaxing)
 .debug_str     0x0008311c     0x148e _build/nrf52832_xxaa/boards.c.o
                              0x7a355 (size before relaxing)
 .debug_str     0x000845aa      0xe8b _build/nrf52832_xxaa/nrf_drv_clock.c.o
                              0x7d894 (size before relaxing)
 .debug_str     0x00085435      0x470 _build/nrf52832_xxaa/nrf_drv_uart.c.o
                              0x7a233 (size before relaxing)
 .debug_str     0x000858a5      0x8e4 _build/nrf52832_xxaa/nrfx_clock.c.o
                              0x7cdd6 (size before relaxing)
 .debug_str     0x00086189      0xd47 _build/nrf52832_xxaa/nrfx_gpiote.c.o
                              0x7df74 (size before relaxing)
 .debug_str     0x00086ed0      0x33d _build/nrf52832_xxaa/nrfx_prs.c.o
                              0x7c462 (size before relaxing)
 .debug_str     0x0008720d      0x6a7 _build/nrf52832_xxaa/nrfx_uart.c.o
                              0x7d5f0 (size before relaxing)
 .debug_str     0x000878b4      0x976 _build/nrf52832_xxaa/nrfx_uarte.c.o
                              0x7da84 (size before relaxing)
 .debug_str     0x0008822a      0xfe6 _build/nrf52832_xxaa/bsp.c.o
                              0x7b411 (size before relaxing)
 .debug_str     0x00089210     0x62ff _build/nrf52832_xxaa/main.c.o
                              0x85575 (size before relaxing)
 .debug_str     0x0008f50f     0x1842 _build/nrf52832_xxaa/ble_advdata.c.o
                              0x77a97 (size before relaxing)
 .debug_str     0x00090d51      0x4f4 _build/nrf52832_xxaa/nrf_sdh.c.o
                              0x76205 (size before relaxing)
 .debug_str     0x00091245     0x1644 _build/nrf52832_xxaa/nrf_sdh_ble.c.o
                              0x7af62 (size before relaxing)
 .debug_str     0x00092889      0x184 _build/nrf52832_xxaa/nrf_sdh_soc.c.o
                              0x751c0 (size before relaxing)

.debug_loc      0x00000000    0x17d1e
 .debug_loc     0x00000000      0x1a3 _build/nrf52832_xxaa/nrf_log_backend_serial.c.o
 .debug_loc     0x000001a3      0x334 _build/nrf52832_xxaa/nrf_log_backend_uart.c.o
 .debug_loc     0x000004d7       0x17 _build/nrf52832_xxaa/nrf_log_default_backends.c.o
 .debug_loc     0x000004ee     0x5796 _build/nrf52832_xxaa/nrf_log_frontend.c.o
 .debug_loc     0x00005c84      0x486 _build/nrf52832_xxaa/nrf_log_str_formatter.c.o
 .debug_loc     0x0000610a      0x44a _build/nrf52832_xxaa/app_button.c.o
 .debug_loc     0x00006554       0xc9 _build/nrf52832_xxaa/app_error.c.o
 .debug_loc     0x0000661d       0x6f _build/nrf52832_xxaa/app_error_weak.c.o
 .debug_loc     0x0000668c     0x14aa _build/nrf52832_xxaa/app_timer.c.o
 .debug_loc     0x00007b36      0x1e9 _build/nrf52832_xxaa/app_util_platform.c.o
 .debug_loc     0x00007d1f      0x5c9 _build/nrf52832_xxaa/nrf_atomic.c.o
 .debug_loc     0x000082e8      0x1c3 _build/nrf52832_xxaa/nrf_balloc.c.o
 .debug_loc     0x000084ab       0x54 _build/nrf52832_xxaa/nrf_fprintf.c.o
 .debug_loc     0x000084ff     0x141b _build/nrf52832_xxaa/nrf_fprintf_format.c.o
 .debug_loc     0x0000991a      0xebd _build/nrf52832_xxaa/nrf_memobj.c.o
 .debug_loc     0x0000a7d7      0x106 _build/nrf52832_xxaa/nrf_pwr_mgmt.c.o
 .debug_loc     0x0000a8dd      0x6d4 _build/nrf52832_xxaa/nrf_ringbuf.c.o
 .debug_loc     0x0000afb1      0x402 _build/nrf52832_xxaa/nrf_strerror.c.o
 .debug_loc     0x0000b3b3      0xd31 _build/nrf52832_xxaa/boards.c.o
 .debug_loc     0x0000c0e4      0x5af _build/nrf52832_xxaa/nrf_drv_clock.c.o
 .debug_loc     0x0000c693      0x1e6 _build/nrf52832_xxaa/nrf_drv_uart.c.o
 .debug_loc     0x0000c879      0x2d9 _build/nrf52832_xxaa/nrfx_clock.c.o
 .debug_loc     0x0000cb52     0x3ca1 _build/nrf52832_xxaa/nrfx_gpiote.c.o
 .debug_loc     0x000107f3      0x110 _build/nrf52832_xxaa/nrfx_prs.c.o
 .debug_loc     0x00010903     0x208a _build/nrf52832_xxaa/nrfx_uart.c.o
 .debug_loc     0x0001298d     0x1c91 _build/nrf52832_xxaa/nrfx_uarte.c.o
 .debug_loc     0x0001461e      0xe13 _build/nrf52832_xxaa/bsp.c.o
 .debug_loc     0x00015431      0x391 _build/nrf52832_xxaa/main.c.o
 .debug_loc     0x000157c2     0x1ce8 _build/nrf52832_xxaa/ble_advdata.c.o
 .debug_loc     0x000174aa      0x4b1 _build/nrf52832_xxaa/nrf_sdh.c.o
 .debug_loc     0x0001795b      0x32c _build/nrf52832_xxaa/nrf_sdh_ble.c.o
 .debug_loc     0x00017c87       0x97 _build/nrf52832_xxaa/nrf_sdh_soc.c.o

.debug_ranges   0x00000000     0x6480
 .debug_ranges  0x00000000       0x28 _build/nrf52832_xxaa/nrf_log_backend_serial.c.o
 .debug_ranges  0x00000028      0x110 _build/nrf52832_xxaa/nrf_log_backend_uart.c.o
 .debug_ranges  0x00000138       0x10 _build/nrf52832_xxaa/nrf_log_default_backends.c.o
 .debug_ranges  0x00000148      0xd70 _build/nrf52832_xxaa/nrf_log_frontend.c.o
 .debug_ranges  0x00000eb8       0xa8 _build/nrf52832_xxaa/nrf_log_str_formatter.c.o
 .debug_ranges  0x00000f60       0x88 _build/nrf52832_xxaa/app_button.c.o
 .debug_ranges  0x00000fe8       0x18 _build/nrf52832_xxaa/app_error.c.o
 .debug_ranges  0x00001000       0x28 _build/nrf52832_xxaa/app_error_weak.c.o
 .debug_ranges  0x00001028      0x748 _build/nrf52832_xxaa/app_timer.c.o
 .debug_ranges  0x00001770      0x148 _build/nrf52832_xxaa/app_util_platform.c.o
 .debug_ranges  0x000018b8       0xd8 _build/nrf52832_xxaa/nrf_atomic.c.o
 .debug_ranges  0x00001990       0x78 _build/nrf52832_xxaa/nrf_balloc.c.o
 .debug_ranges  0x00001a08       0x18 _build/nrf52832_xxaa/nrf_fprintf.c.o
 .debug_ranges  0x00001a20      0x3c8 _build/nrf52832_xxaa/nrf_fprintf_format.c.o
 .debug_ranges  0x00001de8       0xb8 _build/nrf52832_xxaa/nrf_memobj.c.o
 .debug_ranges  0x00001ea0      0x100 _build/nrf52832_xxaa/nrf_pwr_mgmt.c.o
 .debug_ranges  0x00001fa0       0x40 _build/nrf52832_xxaa/nrf_ringbuf.c.o
 .debug_ranges  0x00001fe0       0x18 _build/nrf52832_xxaa/nrf_section_iter.c.o
 .debug_ranges  0x00001ff8       0xb0 _build/nrf52832_xxaa/nrf_strerror.c.o
 .debug_ranges  0x000020a8      0x208 _build/nrf52832_xxaa/system_nrf52.c.o
 .debug_ranges  0x000022b0      0x988 _build/nrf52832_xxaa/boards.c.o
 .debug_ranges  0x00002c38      0x348 _build/nrf52832_xxaa/nrf_drv_clock.c.o
 .debug_ranges  0x00002f80       0x20 _build/nrf52832_xxaa/nrf_drv_uart.c.o
 .debug_ranges  0x00002fa0      0x2d0 _build/nrf52832_xxaa/nrfx_clock.c.o
 .debug_ranges  0x00003270     0x13d8 _build/nrf52832_xxaa/nrfx_gpiote.c.o
 .debug_ranges  0x00004648       0x60 _build/nrf52832_xxaa/nrfx_prs.c.o
 .debug_ranges  0x000046a8      0x8a0 _build/nrf52832_xxaa/nrfx_uart.c.o
 .debug_ranges  0x00004f48      0x790 _build/nrf52832_xxaa/nrfx_uarte.c.o
 .debug_ranges  0x000056d8      0x288 _build/nrf52832_xxaa/bsp.c.o
 .debug_ranges  0x00005960      0x1e8 _build/nrf52832_xxaa/main.c.o
 .debug_ranges  0x00005b48      0x308 _build/nrf52832_xxaa/ble_advdata.c.o
 .debug_ranges  0x00005e50      0x4c0 _build/nrf52832_xxaa/nrf_sdh.c.o
 .debug_ranges  0x00006310      0x108 _build/nrf52832_xxaa/nrf_sdh_ble.c.o
 .debug_ranges  0x00006418       0x68 _build/nrf52832_xxaa/nrf_sdh_soc.c.o

.debug_macro    0x00000000     0xbbe5
 .debug_macro   0x00000000      0x3b4 _build/nrf52832_xxaa/nrf_log_backend_serial.c.o
 .debug_macro   0x000003b4       0x16 _build/nrf52832_xxaa/nrf_log_backend_serial.c.o
 .debug_macro   0x000003ca       0x22 _build/nrf52832_xxaa/nrf_log_backend_serial.c.o
 .debug_macro   0x000003ec       0x46 _build/nrf52832_xxaa/nrf_log_backend_serial.c.o
 .debug_macro   0x00000432       0xa3 _build/nrf52832_xxaa/nrf_log_backend_serial.c.o
 .debug_macro   0x000004d5       0x3a _build/nrf52832_xxaa/nrf_log_backend_serial.c.o
 .debug_macro   0x0000050f       0x1c _build/nrf52832_xxaa/nrf_log_backend_serial.c.o
 .debug_macro   0x0000052b       0x10 _build/nrf52832_xxaa/nrf_log_backend_serial.c.o
 .debug_macro   0x0000053b       0x10 _build/nrf52832_xxaa/nrf_log_backend_serial.c.o
 .debug_macro   0x0000054b       0xb6 _build/nrf52832_xxaa/nrf_log_backend_serial.c.o
 .debug_macro   0x00000601       0x16 _build/nrf52832_xxaa/nrf_log_backend_serial.c.o
 .debug_macro   0x00000617      0x129 _build/nrf52832_xxaa/nrf_log_backend_serial.c.o
 .debug_macro   0x00000740       0x49 _build/nrf52832_xxaa/nrf_log_backend_serial.c.o
 .debug_macro   0x00000789       0x8c _build/nrf52832_xxaa/nrf_log_backend_serial.c.o
 .debug_macro   0x00000815       0x31 _build/nrf52832_xxaa/nrf_log_backend_serial.c.o
 .debug_macro   0x00000846       0x55 _build/nrf52832_xxaa/nrf_log_backend_serial.c.o
 .debug_macro   0x0000089b       0x98 _build/nrf52832_xxaa/nrf_log_backend_serial.c.o
 .debug_macro   0x00000933       0x10 _build/nrf52832_xxaa/nrf_log_backend_serial.c.o
 .debug_macro   0x00000943       0x1d _build/nrf52832_xxaa/nrf_log_backend_serial.c.o
 .debug_macro   0x00000960       0x2e _build/nrf52832_xxaa/nrf_log_backend_serial.c.o
 .debug_macro   0x0000098e       0x1c _build/nrf52832_xxaa/nrf_log_backend_serial.c.o
 .debug_macro   0x000009aa      0x185 _build/nrf52832_xxaa/nrf_log_backend_serial.c.o
 .debug_macro   0x00000b2f      0x4a6 _build/nrf52832_xxaa/nrf_log_backend_uart.c.o
 .debug_macro   0x00000fd5      0x3b1 _build/nrf52832_xxaa/nrf_log_backend_uart.c.o
 .debug_macro   0x00001386       0x52 _build/nrf52832_xxaa/nrf_log_backend_uart.c.o
 .debug_macro   0x000013d8      0xe8c _build/nrf52832_xxaa/nrf_log_backend_uart.c.o
 .debug_macro   0x00002264      0x125 _build/nrf52832_xxaa/nrf_log_backend_uart.c.o
 .debug_macro   0x00002389       0x5a _build/nrf52832_xxaa/nrf_log_backend_uart.c.o
 .debug_macro   0x000023e3       0x1d _build/nrf52832_xxaa/nrf_log_backend_uart.c.o
 .debug_macro   0x00002400       0xac _build/nrf52832_xxaa/nrf_log_backend_uart.c.o
 .debug_macro   0x000024ac       0x22 _build/nrf52832_xxaa/nrf_log_backend_uart.c.o
 .debug_macro   0x000024ce       0x40 _build/nrf52832_xxaa/nrf_log_backend_uart.c.o
 .debug_macro   0x0000250e       0x20 _build/nrf52832_xxaa/nrf_log_backend_uart.c.o
 .debug_macro   0x0000252e       0x10 _build/nrf52832_xxaa/nrf_log_backend_uart.c.o
 .debug_macro   0x0000253e       0x10 _build/nrf52832_xxaa/nrf_log_backend_uart.c.o
 .debug_macro   0x0000254e       0x10 _build/nrf52832_xxaa/nrf_log_backend_uart.c.o
 .debug_macro   0x0000255e       0x10 _build/nrf52832_xxaa/nrf_log_backend_uart.c.o
 .debug_macro   0x0000256e       0x10 _build/nrf52832_xxaa/nrf_log_backend_uart.c.o
 .debug_macro   0x0000257e       0x3f _build/nrf52832_xxaa/nrf_log_backend_uart.c.o
 .debug_macro   0x000025bd      0x3a5 _build/nrf52832_xxaa/nrf_log_default_backends.c.o
 .debug_macro   0x00002962       0x10 _build/nrf52832_xxaa/nrf_log_default_backends.c.o
 .debug_macro   0x00002972      0x426 _build/nrf52832_xxaa/nrf_log_frontend.c.o
 .debug_macro   0x00002d98       0x16 _build/nrf52832_xxaa/nrf_log_frontend.c.o
 .debug_macro   0x00002dae       0x9a _build/nrf52832_xxaa/nrf_log_frontend.c.o
 .debug_macro   0x00002e48       0x9e _build/nrf52832_xxaa/nrf_log_frontend.c.o
 .debug_macro   0x00002ee6      0x3f6 _build/nrf52832_xxaa/nrf_log_str_formatter.c.o
 .debug_macro   0x000032dc       0xa2 _build/nrf52832_xxaa/nrf_log_str_formatter.c.o
 .debug_macro   0x0000337e      0x3fc _build/nrf52832_xxaa/app_button.c.o
 .debug_macro   0x0000377a       0x3f _build/nrf52832_xxaa/app_button.c.o
 .debug_macro   0x000037b9       0x19 _build/nrf52832_xxaa/app_button.c.o
 .debug_macro   0x000037d2       0x35 _build/nrf52832_xxaa/app_button.c.o
 .debug_macro   0x00003807       0x7b _build/nrf52832_xxaa/app_button.c.o
 .debug_macro   0x00003882       0x16 _build/nrf52832_xxaa/app_button.c.o
 .debug_macro   0x00003898       0x1c _build/nrf52832_xxaa/app_button.c.o
 .debug_macro   0x000038b4       0x42 _build/nrf52832_xxaa/app_button.c.o
 .debug_macro   0x000038f6       0x25 _build/nrf52832_xxaa/app_button.c.o
 .debug_macro   0x0000391b       0x44 _build/nrf52832_xxaa/app_button.c.o
 .debug_macro   0x0000395f       0xcc _build/nrf52832_xxaa/app_button.c.o
 .debug_macro   0x00003a2b      0x21f _build/nrf52832_xxaa/app_error.c.o
 .debug_macro   0x00003c4a       0x35 _build/nrf52832_xxaa/app_error.c.o
 .debug_macro   0x00003c7f       0x26 _build/nrf52832_xxaa/app_error.c.o
 .debug_macro   0x00003ca5       0x16 _build/nrf52832_xxaa/app_error.c.o
 .debug_macro   0x00003cbb       0x97 _build/nrf52832_xxaa/app_error.c.o
 .debug_macro   0x00003d52       0xf6 _build/nrf52832_xxaa/app_error.c.o
 .debug_macro   0x00003e48      0x3c6 _build/nrf52832_xxaa/app_error_weak.c.o
 .debug_macro   0x0000420e       0x16 _build/nrf52832_xxaa/app_error_weak.c.o
 .debug_macro   0x00004224       0x1c _build/nrf52832_xxaa/app_error_weak.c.o
 .debug_macro   0x00004240      0x11b _build/nrf52832_xxaa/app_error_weak.c.o
 .debug_macro   0x0000435b      0x43c _build/nrf52832_xxaa/app_timer.c.o
 .debug_macro   0x00004797       0x3c _build/nrf52832_xxaa/app_timer.c.o
 .debug_macro   0x000047d3       0x45 _build/nrf52832_xxaa/app_timer.c.o
 .debug_macro   0x00004818      0x263 _build/nrf52832_xxaa/app_util_platform.c.o
 .debug_macro   0x00004a7b      0x241 _build/nrf52832_xxaa/nrf_atomic.c.o
 .debug_macro   0x00004cbc       0x42 _build/nrf52832_xxaa/nrf_atomic.c.o
 .debug_macro   0x00004cfe      0x369 _build/nrf52832_xxaa/nrf_balloc.c.o
 .debug_macro   0x00005067      0x24d _build/nrf52832_xxaa/nrf_fprintf.c.o
 .debug_macro   0x000052b4       0x58 _build/nrf52832_xxaa/nrf_fprintf.c.o
 .debug_macro   0x0000530c      0x25f _build/nrf52832_xxaa/nrf_fprintf_format.c.o
 .debug_macro   0x0000556b      0x350 _build/nrf52832_xxaa/nrf_memobj.c.o
 .debug_macro   0x000058bb      0x10e _build/nrf52832_xxaa/nrf_memobj.c.o
 .debug_macro   0x000059c9       0x86 _build/nrf52832_xxaa/nrf_memobj.c.o
 .debug_macro   0x00005a4f       0x54 _build/nrf52832_xxaa/nrf_memobj.c.o
 .debug_macro   0x00005aa3      0x540 _build/nrf52832_xxaa/nrf_pwr_mgmt.c.o
 .debug_macro   0x00005fe3       0x11 _build/nrf52832_xxaa/nrf_pwr_mgmt.c.o
 .debug_macro   0x00005ff4       0x10 _build/nrf52832_xxaa/nrf_pwr_mgmt.c.o
 .debug_macro   0x00006004       0x22 _build/nrf52832_xxaa/nrf_pwr_mgmt.c.o
 .debug_macro   0x00006026      0x17f _build/nrf52832_xxaa/nrf_pwr_mgmt.c.o
 .debug_macro   0x000061a5       0x31 _build/nrf52832_xxaa/nrf_pwr_mgmt.c.o
 .debug_macro   0x000061d6      0x2ff _build/nrf52832_xxaa/nrf_ringbuf.c.o
 .debug_macro   0x000064d5      0x250 _build/nrf52832_xxaa/nrf_section_iter.c.o
 .debug_macro   0x00006725      0x236 _build/nrf52832_xxaa/nrf_strerror.c.o
 .debug_macro   0x0000695b       0xf1 _build/nrf52832_xxaa/system_nrf52.c.o
 .debug_macro   0x00006a4c      0x390 _build/nrf52832_xxaa/boards.c.o
 .debug_macro   0x00006ddc      0x25a _build/nrf52832_xxaa/boards.c.o
 .debug_macro   0x00007036      0x16d _build/nrf52832_xxaa/boards.c.o
 .debug_macro   0x000071a3      0x48c _build/nrf52832_xxaa/nrf_drv_clock.c.o
 .debug_macro   0x0000762f       0x22 _build/nrf52832_xxaa/nrf_drv_clock.c.o
 .debug_macro   0x00007651       0x10 _build/nrf52832_xxaa/nrf_drv_clock.c.o
 .debug_macro   0x00007661       0x2b _build/nrf52832_xxaa/nrf_drv_clock.c.o
 .debug_macro   0x0000768c       0x16 _build/nrf52832_xxaa/nrf_drv_clock.c.o
 .debug_macro   0x000076a2      0x3b9 _build/nrf52832_xxaa/nrf_drv_uart.c.o
 .debug_macro   0x00007a5b      0x447 _build/nrf52832_xxaa/nrfx_clock.c.o
 .debug_macro   0x00007ea2       0x1c _build/nrf52832_xxaa/nrfx_clock.c.o
 .debug_macro   0x00007ebe       0x42 _build/nrf52832_xxaa/nrfx_clock.c.o
 .debug_macro   0x00007f00      0x46d _build/nrf52832_xxaa/nrfx_gpiote.c.o
 .debug_macro   0x0000836d       0x1c _build/nrf52832_xxaa/nrfx_gpiote.c.o
 .debug_macro   0x00008389       0x16 _build/nrf52832_xxaa/nrfx_gpiote.c.o
 .debug_macro   0x0000839f      0x422 _build/nrf52832_xxaa/nrfx_prs.c.o
 .debug_macro   0x000087c1       0x28 _build/nrf52832_xxaa/nrfx_prs.c.o
 .debug_macro   0x000087e9      0x43d _build/nrf52832_xxaa/nrfx_uart.c.o
 .debug_macro   0x00008c26      0x45b _build/nrf52832_xxaa/nrfx_uarte.c.o
 .debug_macro   0x00009081      0x3c8 _build/nrf52832_xxaa/bsp.c.o
 .debug_macro   0x00009449       0x1c _build/nrf52832_xxaa/bsp.c.o
 .debug_macro   0x00009465      0x100 _build/nrf52832_xxaa/bsp.c.o
 .debug_macro   0x00009565      0x5ac _build/nrf52832_xxaa/main.c.o
 .debug_macro   0x00009b11       0x46 _build/nrf52832_xxaa/main.c.o
 .debug_macro   0x00009b57       0xb2 _build/nrf52832_xxaa/main.c.o
 .debug_macro   0x00009c09      0x13a _build/nrf52832_xxaa/main.c.o
 .debug_macro   0x00009d43      0x204 _build/nrf52832_xxaa/main.c.o
 .debug_macro   0x00009f47      0x583 _build/nrf52832_xxaa/main.c.o
 .debug_macro   0x0000a4ca       0x8c _build/nrf52832_xxaa/main.c.o
 .debug_macro   0x0000a556      0x205 _build/nrf52832_xxaa/main.c.o
 .debug_macro   0x0000a75b       0x22 _build/nrf52832_xxaa/main.c.o
 .debug_macro   0x0000a77d       0xf4 _build/nrf52832_xxaa/main.c.o
 .debug_macro   0x0000a871       0x4a _build/nrf52832_xxaa/main.c.o
 .debug_macro   0x0000a8bb       0x1c _build/nrf52832_xxaa/main.c.o
 .debug_macro   0x0000a8d7       0x6a _build/nrf52832_xxaa/main.c.o
 .debug_macro   0x0000a941       0x10 _build/nrf52832_xxaa/main.c.o
 .debug_macro   0x0000a951       0x10 _build/nrf52832_xxaa/main.c.o
 .debug_macro   0x0000a961      0x2e8 _build/nrf52832_xxaa/ble_advdata.c.o
 .debug_macro   0x0000ac49       0x1c _build/nrf52832_xxaa/ble_advdata.c.o
 .debug_macro   0x0000ac65      0x343 _build/nrf52832_xxaa/ble_advdata.c.o
 .debug_macro   0x0000afa8      0x398 _build/nrf52832_xxaa/nrf_sdh.c.o
 .debug_macro   0x0000b340      0x173 _build/nrf52832_xxaa/nrf_sdh.c.o
 .debug_macro   0x0000b4b3      0x3c3 _build/nrf52832_xxaa/nrf_sdh_ble.c.o
 .debug_macro   0x0000b876      0x36f _build/nrf52832_xxaa/nrf_sdh_soc.c.o

.debug_frame    0x00000000     0x1fac