Archive member included to satisfy reference by file (symbol)

c:/program files (x86)/gnu tools arm embedded/7 2018-q2-update/bin/../lib/gcc/arm-none-eabi/7.3.1/../../../../arm-none-eabi/lib/thumb/v7e-m/fpv4-sp/hard\libc_nano.a(lib_a-exit.o)
                              c:/program files (x86)/gnu tools arm embedded/7 2018-q2-update/bin/../lib/gcc/arm-none-eabi/7.3.1/../../../../arm-none-eabi/lib/thumb/v7e-m/fpv4-sp/hard/crt0.o (exit)
c:/program files (x86)/gnu tools arm embedded/7 2018-q2-update/bin/../lib/gcc/arm-none-eabi/7.3.1/../../../../arm-none-eabi/lib/thumb/v7e-m/fpv4-sp/hard\libc_nano.a(lib_a-impure.o)
                              c:/program files (x86)/gnu tools arm embedded/7 2018-q2-update/bin/../lib/gcc/arm-none-eabi/7.3.1/../../../../arm-none-eabi/lib/thumb/v7e-m/fpv4-sp/hard\libc_nano.a(lib_a-exit.o) (_global_impure_ptr)
c:/program files (x86)/gnu tools arm embedded/7 2018-q2-update/bin/../lib/gcc/arm-none-eabi/7.3.1/../../../../arm-none-eabi/lib/thumb/v7e-m/fpv4-sp/hard\libc_nano.a(lib_a-init.o)
                              c:/program files (x86)/gnu tools arm embedded/7 2018-q2-update/bin/../lib/gcc/arm-none-eabi/7.3.1/../../../../arm-none-eabi/lib/thumb/v7e-m/fpv4-sp/hard/crt0.o (__libc_init_array)
c:/program files (x86)/gnu tools arm embedded/7 2018-q2-update/bin/../lib/gcc/arm-none-eabi/7.3.1/../../../../arm-none-eabi/lib/thumb/v7e-m/fpv4-sp/hard\libc_nano.a(lib_a-locale.o)
                              _build/nrf52832_xxaa/nrf_log_str_formatter.c.o (__locale_ctype_ptr)
c:/program files (x86)/gnu tools arm embedded/7 2018-q2-update/bin/../lib/gcc/arm-none-eabi/7.3.1/../../../../arm-none-eabi/lib/thumb/v7e-m/fpv4-sp/hard\libc_nano.a(lib_a-mbtowc_r.o)
                              c:/program files (x86)/gnu tools arm embedded/7 2018-q2-update/bin/../lib/gcc/arm-none-eabi/7.3.1/../../../../arm-none-eabi/lib/thumb/v7e-m/fpv4-sp/hard\libc_nano.a(lib_a-locale.o) (__ascii_mbtowc)
c:/program files (x86)/gnu tools arm embedded/7 2018-q2-update/bin/../lib/gcc/arm-none-eabi/7.3.1/../../../../arm-none-eabi/lib/thumb/v7e-m/fpv4-sp/hard\libc_nano.a(lib_a-memcmp.o)
                              _build/nrf52832_xxaa/ble_advdata.c.o (memcmp)
c:/program files (x86)/gnu tools arm embedded/7 2018-q2-update/bin/../lib/gcc/arm-none-eabi/7.3.1/../../../../arm-none-eabi/lib/thumb/v7e-m/fpv4-sp/hard\libc_nano.a(lib_a-memcpy-stub.o)
                              _build/nrf52832_xxaa/nrf_log_frontend.c.o (memcpy)
c:/program files (x86)/gnu tools arm embedded/7 2018-q2-update/bin/../lib/gcc/arm-none-eabi/7.3.1/../../../../arm-none-eabi/lib/thumb/v7e-m/fpv4-sp/hard\libc_nano.a(lib_a-memset.o)
                              c:/program files (x86)/gnu tools arm embedded/7 2018-q2-update/bin/../lib/gcc/arm-none-eabi/7.3.1/../../../../arm-none-eabi/lib/thumb/v7e-m/fpv4-sp/hard/crt0.o (memset)
c:/program files (x86)/gnu tools arm embedded/7 2018-q2-update/bin/../lib/gcc/arm-none-eabi/7.3.1/../../../../arm-none-eabi/lib/thumb/v7e-m/fpv4-sp/hard\libc_nano.a(lib_a-printf.o)
                              _build/nrf52832_xxaa/main.c.o (printf)
c:/program files (x86)/gnu tools arm embedded/7 2018-q2-update/bin/../lib/gcc/arm-none-eabi/7.3.1/../../../../arm-none-eabi/lib/thumb/v7e-m/fpv4-sp/hard\libc_nano.a(lib_a-strcmp.o)
                              c:/program files (x86)/gnu tools arm embedded/7 2018-q2-update/bin/../lib/gcc/arm-none-eabi/7.3.1/../../../../arm-none-eabi/lib/thumb/v7e-m/fpv4-sp/hard\libc_nano.a(lib_a-locale.o) (strcmp)
c:/program files (x86)/gnu tools arm embedded/7 2018-q2-update/bin/../lib/gcc/arm-none-eabi/7.3.1/../../../../arm-none-eabi/lib/thumb/v7e-m/fpv4-sp/hard\libc_nano.a(lib_a-strcpy.o)
                              _build/nrf52832_xxaa/SEGGER_RTT.c.o (strcpy)
c:/program files (x86)/gnu tools arm embedded/7 2018-q2-update/bin/../lib/gcc/arm-none-eabi/7.3.1/../../../../arm-none-eabi/lib/thumb/v7e-m/fpv4-sp/hard\libc_nano.a(lib_a-strlen.o)
                              _build/nrf52832_xxaa/nrf_log_frontend.c.o (strlen)
c:/program files (x86)/gnu tools arm embedded/7 2018-q2-update/bin/../lib/gcc/arm-none-eabi/7.3.1/../../../../arm-none-eabi/lib/thumb/v7e-m/fpv4-sp/hard\libc_nano.a(lib_a-wctomb_r.o)
                              c:/program files (x86)/gnu tools arm embedded/7 2018-q2-update/bin/../lib/gcc/arm-none-eabi/7.3.1/../../../../arm-none-eabi/lib/thumb/v7e-m/fpv4-sp/hard\libc_nano.a(lib_a-locale.o) (__ascii_wctomb)
c:/program files (x86)/gnu tools arm embedded/7 2018-q2-update/bin/../lib/gcc/arm-none-eabi/7.3.1/../../../../arm-none-eabi/lib/thumb/v7e-m/fpv4-sp/hard\libc_nano.a(lib_a-ctype_.o)
                              c:/program files (x86)/gnu tools arm embedded/7 2018-q2-update/bin/../lib/gcc/arm-none-eabi/7.3.1/../../../../arm-none-eabi/lib/thumb/v7e-m/fpv4-sp/hard\libc_nano.a(lib_a-locale.o) (_ctype_)
c:/program files (x86)/gnu tools arm embedded/7 2018-q2-update/bin/../lib/gcc/arm-none-eabi/7.3.1/../../../../arm-none-eabi/lib/thumb/v7e-m/fpv4-sp/hard\libc_nano.a(lib_a-findfp.o)
[...]
Memory Configuration

Name             Origin             Length             Attributes
FLASH            0x00026000         0x0005a000         xr
RAM              0x20002a98         0x0000d568         xrw
*default*        0x00000000         0xffffffff

Linker script and memory map


.text           0x00026000     0x9420
 *(.isr_vector)
 .isr_vector    0x00026000      0x200 _build/nrf52832_xxaa/gcc_startup_nrf52.S.o
                0x00026000                __isr_vector
 *(.text*)
 .text          0x00026200       0x40 c:/program files (x86)/gnu tools arm embedded/7 2018-q2-update/bin/../lib/gcc/arm-none-eabi/7.3.1/thumb/v7e-m/fpv4-sp/hard/crtbegin.o
 .text          0x00026240       0x74 c:/program files (x86)/gnu tools arm embedded/7 2018-q2-update/bin/../lib/gcc/arm-none-eabi/7.3.1/../../../../arm-none-eabi/lib/thumb/v7e-m/fpv4-sp/hard/crt0.o
                0x00026240                _start
                0x00026240                _mainCRTStartup
 .text          0x000262b4       0x3c _build/nrf52832_xxaa/gcc_startup_nrf52.S.o
                0x000262b4                Reset_Handler
                0x000262dc                NMI_Handler
                0x000262de                HardFault_Handler
                0x000262e0                MemoryManagement_Handler
                0x000262e2                BusFault_Handler
                0x000262e4                UsageFault_Handler
                0x000262e6                SVC_Handler
                0x000262e8                DebugMon_Handler
                0x000262ea                PendSV_Handler
                0x000262ec                SysTick_Handler
                0x000262ee                TEMP_IRQHandler
                0x000262ee                QDEC_IRQHandler
                0x000262ee                TIMER3_IRQHandler
                0x000262ee                FPU_IRQHandler
                0x000262ee                SPIM0_SPIS0_TWIM0_TWIS0_SPI0_TWI0_IRQHandler
                0x000262ee                PDM_IRQHandler
                0x000262ee                TIMER4_IRQHandler
                0x000262ee                I2S_IRQHandler
                0x000262ee                SWI4_EGU4_IRQHandler
                0x000262ee                TIMER0_IRQHandler
                0x000262ee                RADIO_IRQHandler
                0x000262ee                RTC0_IRQHandler
                0x000262ee                PWM2_IRQHandler
                0x000262ee                ECB_IRQHandler
                0x000262ee                SPIM1_SPIS1_TWIM1_TWIS1_SPI1_TWI1_IRQHandler
                0x000262ee                Default_Handler
                0x000262ee                SAADC_IRQHandler
                0x000262ee                CCM_AAR_IRQHandler
                0x000262ee                WDT_IRQHandler
                0x000262ee                PWM1_IRQHandler
                0x000262ee                SWI5_EGU5_IRQHandler
                0x000262ee                RNG_IRQHandler
                0x000262ee                RTC2_IRQHandler
                0x000262ee                PWM0_IRQHandler
                0x000262ee                SWI3_EGU3_IRQHandler
                0x000262ee                SWI1_EGU1_IRQHandler
                0x000262ee                SPIM2_SPIS2_SPI2_IRQHandler
                0x000262ee                NFCT_IRQHandler
                0x000262ee                TIMER1_IRQHandler
                0x000262ee                MWU_IRQHandler
                0x000262ee                TIMER2_IRQHandler
                0x000262ee                COMP_LPCOMP_IRQHandler
 .text.nrf_log_backend_rtt_flush
                0x000262f0        0x4 _build/nrf52832_xxaa/nrf_log_backend_rtt.c.o
 .text.nrf_log_backend_rtt_put
                0x000262f4       0x20 _build/nrf52832_xxaa/nrf_log_backend_rtt.c.o
 .text.serial_tx
                0x00026314       0x54 _build/nrf52832_xxaa/nrf_log_backend_rtt.c.o
 .text.nrf_log_backend_rtt_panic_set
                0x00026368        0x4 _build/nrf52832_xxaa/nrf_log_backend_rtt.c.o
 .text.nrf_log_backend_rtt_init
                0x0002636c        0x4 _build/nrf52832_xxaa/nrf_log_backend_rtt.c.o
                0x0002636c                nrf_log_backend_rtt_init
 .text.nrf_log_backend_serial_put
                0x00026370       0xd4 _build/nrf52832_xxaa/nrf_log_backend_serial.c.o
                0x00026370                nrf_log_backend_serial_put
 .text.nrf_log_default_backends_init
                0x00026444       0x20 _build/nrf52832_xxaa/nrf_log_default_backends.c.o
                0x00026444                nrf_log_default_backends_init
 .text.log_skip
                0x00026464       0xd4 _build/nrf52832_xxaa/nrf_log_frontend.c.o
 .text.nrf_log_init
                0x00026538       0x3c _build/nrf52832_xxaa/nrf_log_frontend.c.o
                0x00026538                nrf_log_init
 .text.nrf_log_module_name_get
                0x00026574       0x58 _build/nrf52832_xxaa/nrf_log_frontend.c.o
                0x00026574                nrf_log_module_name_get
 .text.nrf_log_color_id_get
                0x000265cc       0x2c _build/nrf52832_xxaa/nrf_log_frontend.c.o
                0x000265cc                nrf_log_color_id_get
 .text.nrf_log_frontend_std_0
                0x000265f8       0xf0 _build/nrf52832_xxaa/nrf_log_frontend.c.o
                0x000265f8                nrf_log_frontend_std_0
 .text.nrf_log_frontend_dequeue.part.6
                0x000266e8      0x26c _build/nrf52832_xxaa/nrf_log_frontend.c.o
 .text.nrf_log_frontend_std_1
                0x00026954      0x100 _build/nrf52832_xxaa/nrf_log_frontend.c.o
                0x00026954                nrf_log_frontend_std_1
 .text.nrf_log_frontend_std_2
                0x00026a54      0x104 _build/nrf52832_xxaa/nrf_log_frontend.c.o
                0x00026a54                nrf_log_frontend_std_2
 .text.nrf_log_frontend_dequeue
                0x00026b58       0x18 _build/nrf52832_xxaa/nrf_log_frontend.c.o
                0x00026b58                nrf_log_frontend_dequeue
 .text.nrf_log_backend_add
                0x00026b70       0x68 _build/nrf52832_xxaa/nrf_log_frontend.c.o
                0x00026b70                nrf_log_backend_add
 .text.nrf_log_panic
                0x00026bd8       0x2c _build/nrf52832_xxaa/nrf_log_frontend.c.o
                0x00026bd8                nrf_log_panic
 .text.nrf_log_std_entry_process
                0x00026c04      0x14c _build/nrf52832_xxaa/nrf_log_str_formatter.c.o
                0x00026c04                nrf_log_std_entry_process
 .text.nrf_log_hexdump_entry_process
                0x00026d50      0x160 _build/nrf52832_xxaa/nrf_log_str_formatter.c.o
                0x00026d50                nrf_log_hexdump_entry_process
 .text.detection_delay_timeout_handler
                0x00026eb0      0x120 _build/nrf52832_xxaa/app_button.c.o
 .text.gpiote_event_handler
                0x00026fd0       0xa8 _build/nrf52832_xxaa/app_button.c.o
 .text.app_button_init
                0x00027078       0xb0 _build/nrf52832_xxaa/app_button.c.o
                0x00027078                app_button_init
 .text.app_button_enable
                0x00027128       0x2c _build/nrf52832_xxaa/app_button.c.o
                0x00027128                app_button_enable
 .text.app_error_handler_bare
                0x00027154       0x20 _build/nrf52832_xxaa/app_error.c.o
                0x00027154                app_error_handler_bare
 .text.app_error_fault_handler
                0x00027174       0x70 _build/nrf52832_xxaa/app_error_weak.c.o
                0x00027174                app_error_fault_handler
 .text.app_fifo_init
                0x000271e4       0x20 _build/nrf52832_xxaa/app_fifo.c.o
                0x000271e4                app_fifo_init
 .text.app_fifo_put
                0x00027204       0x30 _build/nrf52832_xxaa/app_fifo.c.o
                0x00027204                app_fifo_put
 .text.app_fifo_get
                0x00027234       0x2c _build/nrf52832_xxaa/app_fifo.c.o
                0x00027234                app_fifo_get
 .text.RTC1_IRQHandler
                0x00027260       0xa0 _build/nrf52832_xxaa/app_timer.c.o
                0x00027260                RTC1_IRQHandler
 .text.SWI0_EGU0_IRQHandler
                0x00027300      0x394 _build/nrf52832_xxaa/app_timer.c.o
                0x00027300                SWI0_EGU0_IRQHandler
 .text.app_timer_init
                0x00027694       0xa8 _build/nrf52832_xxaa/app_timer.c.o
                0x00027694                app_timer_init
 .text.app_timer_create
                0x0002773c       0x24 _build/nrf52832_xxaa/app_timer.c.o
                0x0002773c                app_timer_create
 .text.app_timer_start
                0x00027760       0xac _build/nrf52832_xxaa/app_timer.c.o
                0x00027760                app_timer_start
 .text.app_timer_stop
                0x0002780c       0x74 _build/nrf52832_xxaa/app_timer.c.o
                0x0002780c                app_timer_stop
 .text.uart_event_handler
                0x00027880      0x114 _build/nrf52832_xxaa/app_uart_fifo.c.o
 .text.app_uart_init
                0x00027994       0xf4 _build/nrf52832_xxaa/app_uart_fifo.c.o
                0x00027994                app_uart_init
 .text.app_uart_get
                0x00027a88       0x5c _build/nrf52832_xxaa/app_uart_fifo.c.o
                0x00027a88                app_uart_get
 .text.app_uart_put
                0x00027ae4       0x74 _build/nrf52832_xxaa/app_uart_fifo.c.o
                0x00027ae4                app_uart_put
 .text.app_util_critical_region_enter
                0x00027b58       0x4c _build/nrf52832_xxaa/app_util_platform.c.o
                0x00027b58                app_util_critical_region_enter
 .text.app_util_critical_region_exit
                0x00027ba4       0x30 _build/nrf52832_xxaa/app_util_platform.c.o
                0x00027ba4                app_util_critical_region_exit
 .text.nrf_atflags_set
                0x00027bd4       0x14 _build/nrf52832_xxaa/nrf_atflags.c.o
                0x00027bd4                nrf_atflags_set
 .text.nrf_atflags_clear
                0x00027be8       0x14 _build/nrf52832_xxaa/nrf_atflags.c.o
                0x00027be8                nrf_atflags_clear
 .text.nrf_atflags_get
                0x00027bfc       0x14 _build/nrf52832_xxaa/nrf_atflags.c.o
                0x00027bfc                nrf_atflags_get
 .text.nrf_atomic_u32_fetch_store
                0x00027c10       0x14 _build/nrf52832_xxaa/nrf_atomic.c.o
                0x00027c10                nrf_atomic_u32_fetch_store
 .text.nrf_atomic_u32_or
                0x00027c24       0x18 _build/nrf52832_xxaa/nrf_atomic.c.o
                0x00027c24                nrf_atomic_u32_or
 .text.nrf_atomic_u32_and
                0x00027c3c       0x18 _build/nrf52832_xxaa/nrf_atomic.c.o
                0x00027c3c                nrf_atomic_u32_and
 .text.nrf_atomic_u32_add
                0x00027c54       0x18 _build/nrf52832_xxaa/nrf_atomic.c.o
                0x00027c54                nrf_atomic_u32_add
 .text.nrf_atomic_u32_sub
                0x00027c6c       0x18 _build/nrf52832_xxaa/nrf_atomic.c.o
                0x00027c6c                nrf_atomic_u32_sub
 .text.nrf_atomic_flag_set
                0x00027c84       0x18 _build/nrf52832_xxaa/nrf_atomic.c.o
                0x00027c84                nrf_atomic_flag_set
 .text.nrf_atomic_flag_clear_fetch
                0x00027c9c       0x18 _build/nrf52832_xxaa/nrf_atomic.c.o
                0x00027c9c                nrf_atomic_flag_clear_fetch
 .text.nrf_balloc_init
                0x00027cb4       0x38 _build/nrf52832_xxaa/nrf_balloc.c.o
                0x00027cb4                nrf_balloc_init
 .text.nrf_balloc_alloc
                0x00027cec       0x50 _build/nrf52832_xxaa/nrf_balloc.c.o
                0x00027cec                nrf_balloc_alloc
 .text.nrf_balloc_free
                0x00027d3c       0x38 _build/nrf52832_xxaa/nrf_balloc.c.o
                0x00027d3c                nrf_balloc_free
 .text.nrf_fprintf_buffer_flush
                0x00027d74       0x18 _build/nrf52832_xxaa/nrf_fprintf.c.o
                0x00027d74                nrf_fprintf_buffer_flush
 .text.nrf_fprintf
                0x00027d8c       0x20 _build/nrf52832_xxaa/nrf_fprintf.c.o
                0x00027d8c                nrf_fprintf
 .text.unsigned_print
                0x00027dac      0x148 _build/nrf52832_xxaa/nrf_fprintf_format.c.o
 .text.nrf_fprintf_fmt
                0x00027ef4      0x6e4 _build/nrf52832_xxaa/nrf_fprintf_format.c.o
                0x00027ef4                nrf_fprintf_fmt
 .text.nrf_memobj_pool_init
                0x000285d8        0x4 _build/nrf52832_xxaa/nrf_memobj.c.o
                0x000285d8                nrf_memobj_pool_init
 .text.nrf_memobj_alloc
                0x000285dc       0x84 _build/nrf52832_xxaa/nrf_memobj.c.o
                0x000285dc                nrf_memobj_alloc
 .text.nrf_memobj_get
                0x00028660        0x8 _build/nrf52832_xxaa/nrf_memobj.c.o
                0x00028660                nrf_memobj_get
 .text.nrf_memobj_put
                0x00028668       0x44 _build/nrf52832_xxaa/nrf_memobj.c.o
                0x00028668                nrf_memobj_put
 .text.nrf_memobj_write
                0x000286ac       0x68 _build/nrf52832_xxaa/nrf_memobj.c.o
                0x000286ac                nrf_memobj_write
 .text.nrf_memobj_read
                0x00028714       0x68 _build/nrf52832_xxaa/nrf_memobj.c.o
                0x00028714                nrf_memobj_read
 .text.sd_app_evt_wait
                0x0002877c        0x4 _build/nrf52832_xxaa/nrf_pwr_mgmt.c.o
 .text.nrf_pwr_mgmt_init
                0x00028780       0x2c _build/nrf52832_xxaa/nrf_pwr_mgmt.c.o
                0x00028780                nrf_pwr_mgmt_init
 .text.nrf_pwr_mgmt_run
                0x000287ac       0x50 _build/nrf52832_xxaa/nrf_pwr_mgmt.c.o
                0x000287ac                nrf_pwr_mgmt_run
 .text.nrf_ringbuf_init
                0x000287fc       0x1c _build/nrf52832_xxaa/nrf_ringbuf.c.o
                0x000287fc                nrf_ringbuf_init
 .text.nrf_section_iter_init
                0x00028818       0x14 _build/nrf52832_xxaa/nrf_section_iter.c.o
                0x00028818                nrf_section_iter_init
 .text.nrf_section_iter_next
                0x0002882c       0x18 _build/nrf52832_xxaa/nrf_section_iter.c.o
                0x0002882c                nrf_section_iter_next
 .text.nrf_strerror_get
                0x00028844       0x6c _build/nrf52832_xxaa/nrf_strerror.c.o
                0x00028844                nrf_strerror_get
 .text._write   0x000288b0       0x1c _build/nrf52832_xxaa/retarget.c.o
                0x000288b0                _write
 .text._read    0x000288cc       0x14 _build/nrf52832_xxaa/retarget.c.o
                0x000288cc                _read
 .text.SystemInit
                0x000288e0      0x3c0 _build/nrf52832_xxaa/system_nrf52.c.o
                0x000288e0                SystemInit
 .text.bsp_board_led_state_get
                0x00028ca0       0x1c _build/nrf52832_xxaa/boards.c.o
                0x00028ca0                bsp_board_led_state_get
 .text.bsp_board_led_on
                0x00028cbc       0x18 _build/nrf52832_xxaa/boards.c.o
                0x00028cbc                bsp_board_led_on
 .text.bsp_board_led_off
                0x00028cd4       0x18 _build/nrf52832_xxaa/boards.c.o
                0x00028cd4                bsp_board_led_off
 .text.bsp_board_leds_off
                0x00028cec       0x2c _build/nrf52832_xxaa/boards.c.o
                0x00028cec                bsp_board_leds_off
 .text.bsp_board_leds_on
                0x00028d18       0x2c _build/nrf52832_xxaa/boards.c.o
                0x00028d18                bsp_board_leds_on
 .text.bsp_board_led_invert
                0x00028d44       0x24 _build/nrf52832_xxaa/boards.c.o
                0x00028d44                bsp_board_led_invert
 .text.bsp_board_button_state_get
                0x00028d68       0x1c _build/nrf52832_xxaa/boards.c.o
                0x00028d68                bsp_board_button_state_get
 .text.bsp_board_pin_to_button_idx
                0x00028d84       0x24 _build/nrf52832_xxaa/boards.c.o
                0x00028d84                bsp_board_pin_to_button_idx
 .text.bsp_board_button_idx_to_pin
                0x00028da8        0xc _build/nrf52832_xxaa/boards.c.o
                0x00028da8                bsp_board_button_idx_to_pin
 .text.bsp_board_init
                0x00028db4       0x5c _build/nrf52832_xxaa/boards.c.o
                0x00028db4                bsp_board_init
 .text.clock_irq_handler
                0x00028e10       0x44 _build/nrf52832_xxaa/nrf_drv_clock.c.o
 .text.soc_evt_handler
                0x00028e54       0x28 _build/nrf52832_xxaa/nrf_drv_clock.c.o
 .text.sd_state_evt_handler
                0x00028e7c       0xa0 _build/nrf52832_xxaa/nrf_drv_clock.c.o
 .text.uarte_evt_handler
                0x00028f1c       0x34 _build/nrf52832_xxaa/nrf_drv_uart.c.o
 .text.uart_evt_handler
                0x00028f50       0x34 _build/nrf52832_xxaa/nrf_drv_uart.c.o
 .text.nrf_drv_uart_init
                0x00028f84       0x80 _build/nrf52832_xxaa/nrf_drv_uart.c.o
                0x00028f84                nrf_drv_uart_init
 .text.nrfx_clock_init
                0x00029004       0x1c _build/nrf52832_xxaa/nrfx_clock.c.o
                0x00029004                nrfx_clock_init
 .text.nrfx_clock_enable
                0x00029020       0x24 _build/nrf52832_xxaa/nrfx_clock.c.o
                0x00029020                nrfx_clock_enable
 .text.nrfx_clock_lfclk_stop
                0x00029044       0x18 _build/nrf52832_xxaa/nrfx_clock.c.o
                0x00029044                nrfx_clock_lfclk_stop
 .text.POWER_CLOCK_IRQHandler
                0x0002905c       0x64 _build/nrf52832_xxaa/nrfx_clock.c.o
                0x0002905c                POWER_CLOCK_IRQHandler
 .text.nrfx_gpiote_init
                0x000290c0       0x88 _build/nrf52832_xxaa/nrfx_gpiote.c.o
                0x000290c0                nrfx_gpiote_init
 .text.nrfx_gpiote_is_init
                0x00029148       0x14 _build/nrf52832_xxaa/nrfx_gpiote.c.o
                0x00029148                nrfx_gpiote_is_init
 .text.nrfx_gpiote_in_init
                0x0002915c      0x1bc _build/nrf52832_xxaa/nrfx_gpiote.c.o
                0x0002915c                nrfx_gpiote_in_init
 .text.nrfx_gpiote_in_event_enable
                0x00029318       0xc4 _build/nrf52832_xxaa/nrfx_gpiote.c.o
                0x00029318                nrfx_gpiote_in_event_enable
 .text.nrfx_gpiote_in_is_set
                0x000293dc       0x14 _build/nrf52832_xxaa/nrfx_gpiote.c.o
                0x000293dc                nrfx_gpiote_in_is_set
 .text.GPIOTE_IRQHandler
                0x000293f0      0x548 _build/nrf52832_xxaa/nrfx_gpiote.c.o
                0x000293f0                GPIOTE_IRQHandler
 .text.UARTE0_UART0_IRQHandler
                0x00029938        0xc _build/nrf52832_xxaa/nrfx_prs.c.o
                0x00029938                UARTE0_UART0_IRQHandler
 .text.nrfx_prs_acquire
                0x00029944       0x4c _build/nrf52832_xxaa/nrfx_prs.c.o
                0x00029944                nrfx_prs_acquire
 .text.nrfx_uart_0_irq_handler
                0x00029990      0x1bc _build/nrf52832_xxaa/nrfx_uart.c.o
                0x00029990                nrfx_uart_0_irq_handler
 .text.nrfx_uart_init
                0x00029b4c      0x194 _build/nrf52832_xxaa/nrfx_uart.c.o
                0x00029b4c                nrfx_uart_init
 .text.nrfx_uart_tx
                0x00029ce0       0xcc _build/nrf52832_xxaa/nrfx_uart.c.o
                0x00029ce0                nrfx_uart_tx
 .text.nrfx_uart_tx_in_progress
                0x00029dac       0x18 _build/nrf52832_xxaa/nrfx_uart.c.o
                0x00029dac                nrfx_uart_tx_in_progress
 .text.nrfx_uart_rx
                0x00029dc4      0x14c _build/nrf52832_xxaa/nrfx_uart.c.o
                0x00029dc4                nrfx_uart_rx
 .text.nrfx_uarte_0_irq_handler
                0x00029f10      0x11c _build/nrf52832_xxaa/nrfx_uarte.c.o
                0x00029f10                nrfx_uarte_0_irq_handler
 .text.nrfx_uarte_init
                0x0002a02c      0x1b8 _build/nrf52832_xxaa/nrfx_uarte.c.o
                0x0002a02c                nrfx_uarte_init
 .text.nrfx_uarte_tx
                0x0002a1e4       0xa4 _build/nrf52832_xxaa/nrfx_uarte.c.o
                0x0002a1e4                nrfx_uarte_tx
 .text.nrfx_uarte_tx_in_progress
                0x0002a288       0x1c _build/nrf52832_xxaa/nrfx_uarte.c.o
                0x0002a288                nrfx_uarte_tx_in_progress
 .text.nrfx_uarte_rx
                0x0002a2a4      0x12c _build/nrf52832_xxaa/nrfx_uarte.c.o
                0x0002a2a4                nrfx_uarte_rx
 .text.alert_timer_handler
                0x0002a3d0        0x8 _build/nrf52832_xxaa/bsp.c.o
 .text.bsp_button_event_handler
                0x0002a3d8       0xa0 _build/nrf52832_xxaa/bsp.c.o
 .text.button_timer_handler
                0x0002a478       0x30 _build/nrf52832_xxaa/bsp.c.o
 .text.leds_timer_handler
                0x0002a4a8      0x2ec _build/nrf52832_xxaa/bsp.c.o
 .text.bsp_button_is_pressed
                0x0002a794        0xc _build/nrf52832_xxaa/bsp.c.o
                0x0002a794                bsp_button_is_pressed
 .text.bsp_indication_set
                0x0002a7a0      0x330 _build/nrf52832_xxaa/bsp.c.o
                0x0002a7a0                bsp_indication_set
 .text.bsp_init
                0x0002aad0       0xbc _build/nrf52832_xxaa/bsp.c.o
                0x0002aad0                bsp_init
 .text.bsp_event_to_button_action_assign
                0x0002ab8c       0x50 _build/nrf52832_xxaa/bsp.c.o
                0x0002ab8c                bsp_event_to_button_action_assign
 .text.bsp_wakeup_button_enable
                0x0002abdc       0x30 _build/nrf52832_xxaa/bsp.c.o
                0x0002abdc                bsp_wakeup_button_enable
 .text.ble_evt_handler
                0x0002ac0c       0xac _build/nrf52832_xxaa/bsp_btn_ble.c.o
 .text.bsp_btn_ble_sleep_mode_prepare
                0x0002acb8       0x24 _build/nrf52832_xxaa/bsp_btn_ble.c.o
                0x0002acb8                bsp_btn_ble_sleep_mode_prepare
 .text.bsp_btn_ble_init
                0x0002acdc       0x6c _build/nrf52832_xxaa/bsp_btn_ble.c.o
                0x0002acdc                bsp_btn_ble_init
 .text.sd_ble_gap_disconnect
                0x0002ad48        0x4 _build/nrf52832_xxaa/main.c.o
 .text.sd_ble_gap_ppcp_set
                0x0002ad4c        0x4 _build/nrf52832_xxaa/main.c.o
 .text.sd_ble_gap_device_name_set
                0x0002ad50        0x4 _build/nrf52832_xxaa/main.c.o
 .text.sd_ble_gap_sec_params_reply
                0x0002ad54        0x4 _build/nrf52832_xxaa/main.c.o
 .text.sd_ble_gap_phy_update
                0x0002ad58        0x4 _build/nrf52832_xxaa/main.c.o
 .text.sd_ble_gatts_sys_attr_set
                0x0002ad5c        0x4 _build/nrf52832_xxaa/main.c.o
 .text.sd_power_system_off
                0x0002ad60        0x4 _build/nrf52832_xxaa/main.c.o
 .text.nrf_qwr_error_handler
                0x0002ad64        0x4 _build/nrf52832_xxaa/main.c.o
 .text.ble_evt_handler
                0x0002ad68      0x118 _build/nrf52832_xxaa/main.c.o
 .text.gatt_evt_handler
                0x0002ae80       0x50 _build/nrf52832_xxaa/main.c.o
                0x0002ae80                gatt_evt_handler
 .text.on_conn_params_evt
                0x0002aed0       0x24 _build/nrf52832_xxaa/main.c.o
 .text.bsp_event_handler
                0x0002aef4       0x70 _build/nrf52832_xxaa/main.c.o
                0x0002aef4                bsp_event_handler
 .text.uart_event_handle
                0x0002af64       0x94 _build/nrf52832_xxaa/main.c.o
                0x0002af64                uart_event_handle
 .text.nus_data_handler
                0x0002aff8       0x74 _build/nrf52832_xxaa/main.c.o
 .text.conn_params_error_handler
                0x0002b06c        0x4 _build/nrf52832_xxaa/main.c.o
 .text.on_adv_evt
                0x0002b070       0x40 _build/nrf52832_xxaa/main.c.o
 .text.gatt_init
                0x0002b0b0       0x30 _build/nrf52832_xxaa/main.c.o
                0x0002b0b0                gatt_init
 .text.startup.main
                0x0002b0e0      0x224 _build/nrf52832_xxaa/main.c.o
                0x0002b0e0                main
 .text.SEGGER_RTT_WriteNoLock
                0x0002b304      0x168 _build/nrf52832_xxaa/SEGGER_RTT.c.o
                0x0002b304                SEGGER_RTT_WriteNoLock
 .text.SEGGER_RTT_Init
                0x0002b46c       0x60 _build/nrf52832_xxaa/SEGGER_RTT.c.o
                0x0002b46c                SEGGER_RTT_Init
 .text.sd_ble_gap_addr_get
                0x0002b4cc        0x4 _build/nrf52832_xxaa/ble_advdata.c.o
 .text.sd_ble_gap_appearance_get
                0x0002b4d0        0x4 _build/nrf52832_xxaa/ble_advdata.c.o
 .text.sd_ble_gap_device_name_get
                0x0002b4d4        0x4 _build/nrf52832_xxaa/ble_advdata.c.o
 .text.sd_ble_uuid_encode
                0x0002b4d8        0x4 _build/nrf52832_xxaa/ble_advdata.c.o
 .text.uuid_list_sized_encode
                0x0002b4dc       0xb4 _build/nrf52832_xxaa/ble_advdata.c.o
 .text.ble_advdata_encode
                0x0002b590      0x3fc _build/nrf52832_xxaa/ble_advdata.c.o
                0x0002b590                ble_advdata_encode
 .text.ble_advdata_parse
                0x0002b98c       0x4c _build/nrf52832_xxaa/ble_advdata.c.o
                0x0002b98c                ble_advdata_parse
 .text.sd_ble_gap_adv_set_configure
                0x0002b9d8        0x4 _build/nrf52832_xxaa/ble_advertising.c.o
 .text.sd_ble_gap_adv_start
                0x0002b9dc        0x4 _build/nrf52832_xxaa/ble_advertising.c.o
 .text.sd_ble_gap_adv_stop
                0x0002b9e0        0x4 _build/nrf52832_xxaa/ble_advertising.c.o
 .text.ble_advertising_start.part.3
                0x0002b9e4      0x2d0 _build/nrf52832_xxaa/ble_advertising.c.o
 .text.ble_advertising_conn_cfg_tag_set
                0x0002bcb4        0x8 _build/nrf52832_xxaa/ble_advertising.c.o
                0x0002bcb4                ble_advertising_conn_cfg_tag_set
 .text.ble_advertising_init
                0x0002bcbc      0x100 _build/nrf52832_xxaa/ble_advertising.c.o
                0x0002bcbc                ble_advertising_init
 .text.ble_advertising_start
                0x0002bdbc      0x2c8 _build/nrf52832_xxaa/ble_advertising.c.o
                0x0002bdbc                ble_advertising_start
 .text.ble_advertising_on_ble_evt
                0x0002c084       0x8c _build/nrf52832_xxaa/ble_advertising.c.o
                0x0002c084                ble_advertising_on_ble_evt
 .text.ble_advertising_on_sys_evt
                0x0002c110        0x4 _build/nrf52832_xxaa/ble_advertising.c.o
                0x0002c110                ble_advertising_on_sys_evt
 .text.ble_advertising_restart_without_whitelist
                0x0002c114       0x60 _build/nrf52832_xxaa/ble_advertising.c.o
                0x0002c114                ble_advertising_restart_without_whitelist
 .text.sd_ble_gap_conn_param_update
                0x0002c174        0x4 _build/nrf52832_xxaa/ble_conn_params.c.o
 .text.sd_ble_gap_disconnect
                0x0002c178        0x4 _build/nrf52832_xxaa/ble_conn_params.c.o
 .text.sd_ble_gap_ppcp_set
                0x0002c17c        0x4 _build/nrf52832_xxaa/ble_conn_params.c.o
 .text.sd_ble_gap_ppcp_get
                0x0002c180        0x4 _build/nrf52832_xxaa/ble_conn_params.c.o
 .text.update_timeout_handler
                0x0002c184       0x80 _build/nrf52832_xxaa/ble_conn_params.c.o
 .text.ble_evt_handler
                0x0002c204      0x1d4 _build/nrf52832_xxaa/ble_conn_params.c.o
 .text.ble_conn_params_init
                0x0002c3d8       0x7c _build/nrf52832_xxaa/ble_conn_params.c.o
                0x0002c3d8                ble_conn_params_init
 .text.ble_evt_handler
                0x0002c454      0x124 _build/nrf52832_xxaa/ble_conn_state.c.o
 .text.ble_conn_state_conn_idx
                0x0002c578       0x24 _build/nrf52832_xxaa/ble_conn_state.c.o
                0x0002c578                ble_conn_state_conn_idx
 .text.blcm_link_ctx_get
                0x0002c59c       0x4c _build/nrf52832_xxaa/ble_link_ctx_manager.c.o
                0x0002c59c                blcm_link_ctx_get
 .text.sd_ble_gatts_characteristic_add
                0x0002c5e8        0x4 _build/nrf52832_xxaa/ble_srv_common.c.o
 .text.ble_srv_is_notification_enabled
                0x0002c5ec        0x8 _build/nrf52832_xxaa/ble_srv_common.c.o
                0x0002c5ec                ble_srv_is_notification_enabled
 .text.characteristic_add
                0x0002c5f4      0x270 _build/nrf52832_xxaa/ble_srv_common.c.o
                0x0002c5f4                characteristic_add
 .text.sd_ble_gap_data_length_update
                0x0002c864        0x4 _build/nrf52832_xxaa/nrf_ble_gatt.c.o
 .text.sd_ble_gattc_exchange_mtu_request
                0x0002c868        0x4 _build/nrf52832_xxaa/nrf_ble_gatt.c.o
 .text.sd_ble_gatts_exchange_mtu_reply
                0x0002c86c        0x4 _build/nrf52832_xxaa/nrf_ble_gatt.c.o
 .text.nrf_ble_gatt_init
                0x0002c870       0x30 _build/nrf52832_xxaa/nrf_ble_gatt.c.o
                0x0002c870                nrf_ble_gatt_init
 .text.nrf_ble_gatt_att_mtu_periph_set
                0x0002c8a0       0x18 _build/nrf52832_xxaa/nrf_ble_gatt.c.o
                0x0002c8a0                nrf_ble_gatt_att_mtu_periph_set
 .text.nrf_ble_gatt_on_ble_evt
                0x0002c8b8      0x240 _build/nrf52832_xxaa/nrf_ble_gatt.c.o
                0x0002c8b8                nrf_ble_gatt_on_ble_evt
 .text.sd_ble_gatts_rw_authorize_reply
                0x0002caf8        0x4 _build/nrf52832_xxaa/nrf_ble_qwr.c.o
 .text.sd_ble_user_mem_reply
                0x0002cafc        0x4 _build/nrf52832_xxaa/nrf_ble_qwr.c.o
 .text.nrf_ble_qwr_init
                0x0002cb00       0x24 _build/nrf52832_xxaa/nrf_ble_qwr.c.o
                0x0002cb00                nrf_ble_qwr_init
 .text.nrf_ble_qwr_conn_handle_assign
                0x0002cb24       0x18 _build/nrf52832_xxaa/nrf_ble_qwr.c.o
                0x0002cb24                nrf_ble_qwr_conn_handle_assign
 .text.nrf_ble_qwr_on_ble_evt
                0x0002cb3c       0xf8 _build/nrf52832_xxaa/nrf_ble_qwr.c.o
                0x0002cb3c                nrf_ble_qwr_on_ble_evt
 .text.sd_ble_gatts_service_add
                0x0002cc34        0x4 _build/nrf52832_xxaa/ble_nus.c.o
 .text.sd_ble_gatts_value_get
                0x0002cc38        0x4 _build/nrf52832_xxaa/ble_nus.c.o
 .text.sd_ble_gatts_hvx
                0x0002cc3c        0x4 _build/nrf52832_xxaa/ble_nus.c.o
 .text.sd_ble_uuid_vs_add
                0x0002cc40        0x4 _build/nrf52832_xxaa/ble_nus.c.o
 .text.ble_nus_on_ble_evt
                0x0002cc44      0x13c _build/nrf52832_xxaa/ble_nus.c.o
                0x0002cc44                ble_nus_on_ble_evt
 .text.ble_nus_init
                0x0002cd80       0xdc _build/nrf52832_xxaa/ble_nus.c.o
                0x0002cd80                ble_nus_init
 .text.ble_nus_data_send
                0x0002ce5c       0x68 _build/nrf52832_xxaa/ble_nus.c.o
                0x0002ce5c                ble_nus_data_send
 .text.sd_softdevice_enable
                0x0002cec4        0x4 _build/nrf52832_xxaa/nrf_sdh.c.o
 .text.nrf_sdh_enable_request
                0x0002cec8      0x114 _build/nrf52832_xxaa/nrf_sdh.c.o
                0x0002cec8                nrf_sdh_enable_request
 .text.nrf_sdh_is_enabled
                0x0002cfdc        0xc _build/nrf52832_xxaa/nrf_sdh.c.o
                0x0002cfdc                nrf_sdh_is_enabled
 .text.SWI2_EGU2_IRQHandler
                0x0002cfe8       0x2c _build/nrf52832_xxaa/nrf_sdh.c.o
                0x0002cfe8                SWI2_EGU2_IRQHandler
 .text.sd_ble_enable
                0x0002d014        0x4 _build/nrf52832_xxaa/nrf_sdh_ble.c.o
 .text.sd_ble_cfg_set
                0x0002d018        0x4 _build/nrf52832_xxaa/nrf_sdh_ble.c.o
 .text.sd_ble_evt_get
                0x0002d01c        0x4 _build/nrf52832_xxaa/nrf_sdh_ble.c.o
 .text.nrf_sdh_ble_evts_poll.part.1
                0x0002d020       0x54 _build/nrf52832_xxaa/nrf_sdh_ble.c.o
 .text.nrf_sdh_ble_evts_poll
                0x0002d074       0x10 _build/nrf52832_xxaa/nrf_sdh_ble.c.o
 .text.nrf_sdh_ble_default_cfg_set
                0x0002d084      0x1bc _build/nrf52832_xxaa/nrf_sdh_ble.c.o
                0x0002d084                nrf_sdh_ble_default_cfg_set
 .text.nrf_sdh_ble_enable
                0x0002d240       0x9c _build/nrf52832_xxaa/nrf_sdh_ble.c.o
                0x0002d240                nrf_sdh_ble_enable
 .text.sd_evt_get
                0x0002d2dc        0x4 _build/nrf52832_xxaa/nrf_sdh_soc.c.o
 .text.nrf_sdh_soc_evts_poll
                0x0002d2e0       0x4c _build/nrf52832_xxaa/nrf_sdh_soc.c.o
 .text.exit     0x0002d32c       0x28 c:/program files (x86)/gnu tools arm embedded/7 2018-q2-update/bin/../lib/gcc/arm-none-eabi/7.3.1/../../../../arm-none-eabi/lib/thumb/v7e-m/fpv4-sp/hard\libc_nano.a(lib_a-exit.o)
                0x0002d32c                exit
 .text.__libc_init_array
                0x0002d354       0x48 c:/program files (x86)/gnu tools arm embedded/7 2018-q2-update/bin/../lib/gcc/arm-none-eabi/7.3.1/../../../../arm-none-eabi/lib/thumb/v7e-m/fpv4-sp/hard\libc_nano.a(lib_a-init.o)
                0x0002d354                __libc_init_array
 .text.__locale_ctype_ptr
                0x0002d39c       0x1c c:/program files (x86)/gnu tools arm embedded/7 2018-q2-update/bin/../lib/gcc/arm-none-eabi/7.3.1/../../../../arm-none-eabi/lib/thumb/v7e-m/fpv4-sp/hard\libc_nano.a(lib_a-locale.o)
                0x0002d39c                __locale_ctype_ptr
 .text.__ascii_mbtowc
                0x0002d3b8       0x24 c:/program files (x86)/gnu tools arm embedded/7 2018-q2-update/bin/../lib/gcc/arm-none-eabi/7.3.1/../../../../arm-none-eabi/lib/thumb/v7e-m/fpv4-sp/hard\libc_nano.a(lib_a-mbtowc_r.o)
                0x0002d3b8                __ascii_mbtowc
 .text.memcpy   0x0002d3dc       0x16 c:/program files (x86)/gnu tools arm embedded/7 2018-q2-update/bin/../lib/gcc/arm-none-eabi/7.3.1/../../../../arm-none-eabi/lib/thumb/v7e-m/fpv4-sp/hard\libc_nano.a(lib_a-memcpy-stub.o)
                0x0002d3dc                memcpy
 .text.memset   0x0002d3f2       0x10 c:/program files (x86)/gnu tools arm embedded/7 2018-q2-update/bin/../lib/gcc/arm-none-eabi/7.3.1/../../../../arm-none-eabi/lib/thumb/v7e-m/fpv4-sp/hard\libc_nano.a(lib_a-memset.o)
                0x0002d3f2                memset
 *fill*         0x0002d402        0x2 
 .text.printf   0x0002d404       0x30 c:/program files (x86)/gnu tools arm embedded/7 2018-q2-update/bin/../lib/gcc/arm-none-eabi/7.3.1/../../../../arm-none-eabi/lib/thumb/v7e-m/fpv4-sp/hard\libc_nano.a(lib_a-printf.o)
                0x0002d404                iprintf
                0x0002d404                printf
 .text.strcpy   0x0002d434       0x10 c:/program files (x86)/gnu tools arm embedded/7 2018-q2-update/bin/../lib/gcc/arm-none-eabi/7.3.1/../../../../arm-none-eabi/lib/thumb/v7e-m/fpv4-sp/hard\libc_nano.a(lib_a-strcpy.o)
                0x0002d434                strcpy
 .text          0x0002d444       0x10 c:/program files (x86)/gnu tools arm embedded/7 2018-q2-update/bin/../lib/gcc/arm-none-eabi/7.3.1/../../../../arm-none-eabi/lib/thumb/v7e-m/fpv4-sp/hard\libc_nano.a(lib_a-strlen.o)
                0x0002d444                strlen
 .text.__ascii_wctomb
                0x0002d454       0x1a c:/program files (x86)/gnu tools arm embedded/7 2018-q2-update/bin/../lib/gcc/arm-none-eabi/7.3.1/../../../../arm-none-eabi/lib/thumb/v7e-m/fpv4-sp/hard\libc_nano.a(lib_a-wctomb_r.o)
                0x0002d454                __ascii_wctomb
 *fill*         0x0002d46e        0x2 
 .text.std      0x0002d470       0x48 c:/program files (x86)/gnu tools arm embedded/7 2018-q2-update/bin/../lib/gcc/arm-none-eabi/7.3.1/../../../../arm-none-eabi/lib/thumb/v7e-m/fpv4-sp/hard\libc_nano.a(lib_a-findfp.o)
 .text._cleanup_r
                0x0002d4b8        0xc c:/program files (x86)/gnu tools arm embedded/7 2018-q2-update/bin/../lib/gcc/arm-none-eabi/7.3.1/../../../../arm-none-eabi/lib/thumb/v7e-m/fpv4-sp/hard\libc_nano.a(lib_a-findfp.o)
                0x0002d4b8                _cleanup_r
 .text.__sfmoreglue
                0x0002d4c4       0x2c c:/program files (x86)/gnu tools arm embedded/7 2018-q2-update/bin/../lib/gcc/arm-none-eabi/7.3.1/../../../../arm-none-eabi/lib/thumb/v7e-m/fpv4-sp/hard\libc_nano.a(lib_a-findfp.o)
                0x0002d4c4                __sfmoreglue
 .text.__sinit  0x0002d4f0       0x60 c:/program files (x86)/gnu tools arm embedded/7 2018-q2-update/bin/../lib/gcc/arm-none-eabi/7.3.1/../../../../arm-none-eabi/lib/thumb/v7e-m/fpv4-sp/hard\libc_nano.a(lib_a-findfp.o)
                0x0002d4f0                __sinit
 .text.__sfp    0x0002d550       0x78 c:/program files (x86)/gnu tools arm embedded/7 2018-q2-update/bin/../lib/gcc/arm-none-eabi/7.3.1/../../../../arm-none-eabi/lib/thumb/v7e-m/fpv4-sp/hard\libc_nano.a(lib_a-findfp.o)
                0x0002d550                __sfp
 .text._fwalk_reent
                0x0002d5c8       0x3c c:/program files (x86)/gnu tools arm embedded/7 2018-q2-update/bin/../lib/gcc/arm-none-eabi/7.3.1/../../../../arm-none-eabi/lib/thumb/v7e-m/fpv4-sp/hard\libc_nano.a(lib_a-fwalk.o)
                0x0002d5c8                _fwalk_reent
 .text._malloc_r
                0x0002d604       0xb4 c:/program files (x86)/gnu tools arm embedded/7 2018-q2-update/bin/../lib/gcc/arm-none-eabi/7.3.1/../../../../arm-none-eabi/lib/thumb/v7e-m/fpv4-sp/hard\libc_nano.a(lib_a-nano-mallocr.o)
                0x0002d604                _malloc_r
 .text.__sfputc_r
                0x0002d6b8       0x2e c:/program files (x86)/gnu tools arm embedded/7 2018-q2-update/bin/../lib/gcc/arm-none-eabi/7.3.1/../../../../arm-none-eabi/lib/thumb/v7e-m/fpv4-sp/hard\libc_nano.a(lib_a-nano-vfprintf.o)
 .text.__sfputs_r
                0x0002d6e6       0x24 c:/program files (x86)/gnu tools arm embedded/7 2018-q2-update/bin/../lib/gcc/arm-none-eabi/7.3.1/../../../../arm-none-eabi/lib/thumb/v7e-m/fpv4-sp/hard\libc_nano.a(lib_a-nano-vfprintf.o)
                0x0002d6e6                __sfputs_r
 *fill*         0x0002d70a        0x2 
 .text._vfprintf_r
                0x0002d70c      0x22c c:/program files (x86)/gnu tools arm embedded/7 2018-q2-update/bin/../lib/gcc/arm-none-eabi/7.3.1/../../../../arm-none-eabi/lib/thumb/v7e-m/fpv4-sp/hard\libc_nano.a(lib_a-nano-vfprintf.o)
                0x0002d70c                _vfprintf_r
                0x0002d70c                _vfiprintf_r
 .text._printf_common
                0x0002d938       0xea c:/program files (x86)/gnu tools arm embedded/7 2018-q2-update/bin/../lib/gcc/arm-none-eabi/7.3.1/../../../../arm-none-eabi/lib/thumb/v7e-m/fpv4-sp/hard\libc_nano.a(lib_a-nano-vfprintf_i.o)
                0x0002d938                _printf_common
 *fill*         0x0002da22        0x2 
 .text._printf_i
                0x0002da24      0x224 c:/program files (x86)/gnu tools arm embedded/7 2018-q2-update/bin/../lib/gcc/arm-none-eabi/7.3.1/../../../../arm-none-eabi/lib/thumb/v7e-m/fpv4-sp/hard\libc_nano.a(lib_a-nano-vfprintf_i.o)
                0x0002da24                _printf_i
 .text._sbrk_r  0x0002dc48       0x20 c:/program files (x86)/gnu tools arm embedded/7 2018-q2-update/bin/../lib/gcc/arm-none-eabi/7.3.1/../../../../arm-none-eabi/lib/thumb/v7e-m/fpv4-sp/hard\libc_nano.a(lib_a-sbrkr.o)
                0x0002dc48                _sbrk_r
 .text.__sread  0x0002dc68       0x22 c:/program files (x86)/gnu tools arm embedded/7 2018-q2-update/bin/../lib/gcc/arm-none-eabi/7.3.1/../../../../arm-none-eabi/lib/thumb/v7e-m/fpv4-sp/hard\libc_nano.a(lib_a-stdio.o)
                0x0002dc68                __sread
 .text.__swrite
                0x0002dc8a       0x38 c:/program files (x86)/gnu tools arm embedded/7 2018-q2-update/bin/../lib/gcc/arm-none-eabi/7.3.1/../../../../arm-none-eabi/lib/thumb/v7e-m/fpv4-sp/hard\libc_nano.a(lib_a-stdio.o)
                0x0002dc8a                __swrite
 .text.__sseek  0x0002dcc2       0x24 c:/program files (x86)/gnu tools arm embedded/7 2018-q2-update/bin/../lib/gcc/arm-none-eabi/7.3.1/../../../../arm-none-eabi/lib/thumb/v7e-m/fpv4-sp/hard\libc_nano.a(lib_a-stdio.o)
                0x0002dcc2                __sseek
 .text.__sclose
                0x0002dce6        0x8 c:/program files (x86)/gnu tools arm embedded/7 2018-q2-update/bin/../lib/gcc/arm-none-eabi/7.3.1/../../../../arm-none-eabi/lib/thumb/v7e-m/fpv4-sp/hard\libc_nano.a(lib_a-stdio.o)
                0x0002dce6                __sclose
 *fill*         0x0002dcee        0x2 
 .text.__swbuf_r
                0x0002dcf0       0xa4 c:/program files (x86)/gnu tools arm embedded/7 2018-q2-update/bin/../lib/gcc/arm-none-eabi/7.3.1/../../../../arm-none-eabi/lib/thumb/v7e-m/fpv4-sp/hard\libc_nano.a(lib_a-wbuf.o)
                0x0002dcf0                __swbuf_r
 .text._write_r
                0x0002dd94       0x24 c:/program files (x86)/gnu tools arm embedded/7 2018-q2-update/bin/../lib/gcc/arm-none-eabi/7.3.1/../../../../arm-none-eabi/lib/thumb/v7e-m/fpv4-sp/hard\libc_nano.a(lib_a-writer.o)
                0x0002dd94                _write_r
 .text.__swsetup_r
                0x0002ddb8       0xdc c:/program files (x86)/gnu tools arm embedded/7 2018-q2-update/bin/../lib/gcc/arm-none-eabi/7.3.1/../../../../arm-none-eabi/lib/thumb/v7e-m/fpv4-sp/hard\libc_nano.a(lib_a-wsetup.o)
                0x0002ddb8                __swsetup_r
 .text._close_r
                0x0002de94       0x20 c:/program files (x86)/gnu tools arm embedded/7 2018-q2-update/bin/../lib/gcc/arm-none-eabi/7.3.1/../../../../arm-none-eabi/lib/thumb/v7e-m/fpv4-sp/hard\libc_nano.a(lib_a-closer.o)
                0x0002de94                _close_r
 .text.__sflush_r
                0x0002deb4      0x10c c:/program files (x86)/gnu tools arm embedded/7 2018-q2-update/bin/../lib/gcc/arm-none-eabi/7.3.1/../../../../arm-none-eabi/lib/thumb/v7e-m/fpv4-sp/hard\libc_nano.a(lib_a-fflush.o)
                0x0002deb4                __sflush_r
 .text._fflush_r
                0x0002dfc0       0x54 c:/program files (x86)/gnu tools arm embedded/7 2018-q2-update/bin/../lib/gcc/arm-none-eabi/7.3.1/../../../../arm-none-eabi/lib/thumb/v7e-m/fpv4-sp/hard\libc_nano.a(lib_a-fflush.o)
                0x0002dfc0                _fflush_r
 .text._lseek_r
                0x0002e014       0x24 c:/program files (x86)/gnu tools arm embedded/7 2018-q2-update/bin/../lib/gcc/arm-none-eabi/7.3.1/../../../../arm-none-eabi/lib/thumb/v7e-m/fpv4-sp/hard\libc_nano.a(lib_a-lseekr.o)
                0x0002e014                _lseek_r
 .text.__swhatbuf_r
                0x0002e038       0x48 c:/program files (x86)/gnu tools arm embedded/7 2018-q2-update/bin/../lib/gcc/arm-none-eabi/7.3.1/../../../../arm-none-eabi/lib/thumb/v7e-m/fpv4-sp/hard\libc_nano.a(lib_a-makebuf.o)
                0x0002e038                __swhatbuf_r
 .text.__smakebuf_r
                0x0002e080       0x80 c:/program files (x86)/gnu tools arm embedded/7 2018-q2-update/bin/../lib/gcc/arm-none-eabi/7.3.1/../../../../arm-none-eabi/lib/thumb/v7e-m/fpv4-sp/hard\libc_nano.a(lib_a-makebuf.o)
                0x0002e080                __smakebuf_r
 .text          0x0002e100       0xa0 c:/program files (x86)/gnu tools arm embedded/7 2018-q2-update/bin/../lib/gcc/arm-none-eabi/7.3.1/../../../../arm-none-eabi/lib/thumb/v7e-m/fpv4-sp/hard\libc_nano.a(lib_a-memchr.o)
                0x0002e100                memchr
 .text.__malloc_lock
                0x0002e1a0        0x2 c:/program files (x86)/gnu tools arm embedded/7 2018-q2-update/bin/../lib/gcc/arm-none-eabi/7.3.1/../../../../arm-none-eabi/lib/thumb/v7e-m/fpv4-sp/hard\libc_nano.a(lib_a-mlock.o)
                0x0002e1a0                __malloc_lock
 .text.__malloc_unlock
                0x0002e1a2        0x2 c:/program files (x86)/gnu tools arm embedded/7 2018-q2-update/bin/../lib/gcc/arm-none-eabi/7.3.1/../../../../arm-none-eabi/lib/thumb/v7e-m/fpv4-sp/hard\libc_nano.a(lib_a-mlock.o)
                0x0002e1a2                __malloc_unlock
 .text._free_r  0x0002e1a4       0x9c c:/program files (x86)/gnu tools arm embedded/7 2018-q2-update/bin/../lib/gcc/arm-none-eabi/7.3.1/../../../../arm-none-eabi/lib/thumb/v7e-m/fpv4-sp/hard\libc_nano.a(lib_a-nano-freer.o)
                0x0002e1a4                _free_r
 .text._read_r  0x0002e240       0x24 c:/program files (x86)/gnu tools arm embedded/7 2018-q2-update/bin/../lib/gcc/arm-none-eabi/7.3.1/../../../../arm-none-eabi/lib/thumb/v7e-m/fpv4-sp/hard\libc_nano.a(lib_a-readr.o)
                0x0002e240                _read_r
 .text._fstat_r
                0x0002e264       0x24 c:/program files (x86)/gnu tools arm embedded/7 2018-q2-update/bin/../lib/gcc/arm-none-eabi/7.3.1/../../../../arm-none-eabi/lib/thumb/v7e-m/fpv4-sp/hard\libc_nano.a(lib_a-fstatr.o)
                0x0002e264                _fstat_r
 .text._isatty_r
                0x0002e288       0x20 c:/program files (x86)/gnu tools arm embedded/7 2018-q2-update/bin/../lib/gcc/arm-none-eabi/7.3.1/../../../../arm-none-eabi/lib/thumb/v7e-m/fpv4-sp/hard\libc_nano.a(lib_a-isattyr.o)
                0x0002e288                _isatty_r
 .text._close   0x0002e2a8       0x10 c:/program files (x86)/gnu tools arm embedded/7 2018-q2-update/bin/../lib/gcc/arm-none-eabi/7.3.1/../../../../arm-none-eabi/lib/thumb/v7e-m/fpv4-sp/hard\libnosys.a(close.o)
                0x0002e2a8                _close
 .text._fstat   0x0002e2b8       0x10 c:/program files (x86)/gnu tools arm embedded/7 2018-q2-update/bin/../lib/gcc/arm-none-eabi/7.3.1/../../../../arm-none-eabi/lib/thumb/v7e-m/fpv4-sp/hard\libnosys.a(fstat.o)
                0x0002e2b8                _fstat
 .text._isatty  0x0002e2c8       0x10 c:/program files (x86)/gnu tools arm embedded/7 2018-q2-update/bin/../lib/gcc/arm-none-eabi/7.3.1/../../../../arm-none-eabi/lib/thumb/v7e-m/fpv4-sp/hard\libnosys.a(isatty.o)
                0x0002e2c8                _isatty
 .text._lseek   0x0002e2d8       0x10 c:/program files (x86)/gnu tools arm embedded/7 2018-q2-update/bin/../lib/gcc/arm-none-eabi/7.3.1/../../../../arm-none-eabi/lib/thumb/v7e-m/fpv4-sp/hard\libnosys.a(lseek.o)
                0x0002e2d8                _lseek
 .text._sbrk    0x0002e2e8       0x1c c:/program files (x86)/gnu tools arm embedded/7 2018-q2-update/bin/../lib/gcc/arm-none-eabi/7.3.1/../../../../arm-none-eabi/lib/thumb/v7e-m/fpv4-sp/hard\libnosys.a(sbrk.o)
                0x0002e2e8                _sbrk
 .text._exit    0x0002e304        0x4 c:/program files (x86)/gnu tools arm embedded/7 2018-q2-update/bin/../lib/gcc/arm-none-eabi/7.3.1/../../../../arm-none-eabi/lib/thumb/v7e-m/fpv4-sp/hard\libnosys.a(_exit.o)
                0x0002e304                _exit
 .text          0x0002e308       0x30 c:/program files (x86)/gnu tools arm embedded/7 2018-q2-update/bin/../lib/gcc/arm-none-eabi/7.3.1/thumb/v7e-m/fpv4-sp/hard\libgcc.a(_aeabi_uldivmod.o)
                0x0002e308                __aeabi_uldivmod
 .text          0x0002e338      0x2cc c:/program files (x86)/gnu tools arm embedded/7 2018-q2-update/bin/../lib/gcc/arm-none-eabi/7.3.1/thumb/v7e-m/fpv4-sp/hard\libgcc.a(_udivmoddi4.o)
                0x0002e338                __udivmoddi4
 .text          0x0002e604        0x4 c:/program files (x86)/gnu tools arm embedded/7 2018-q2-update/bin/../lib/gcc/arm-none-eabi/7.3.1/thumb/v7e-m/fpv4-sp/hard\libgcc.a(_dvmd_tls.o)
                0x0002e604                __aeabi_idiv0
                0x0002e604                __aeabi_ldiv0
 *(.init)
 .init          0x0002e608        0x4 c:/program files (x86)/gnu tools arm embedded/7 2018-q2-update/bin/../lib/gcc/arm-none-eabi/7.3.1/thumb/v7e-m/fpv4-sp/hard/crti.o
                0x0002e608                _init
 .init          0x0002e60c        0x8 c:/program files (x86)/gnu tools arm embedded/7 2018-q2-update/bin/../lib/gcc/arm-none-eabi/7.3.1/thumb/v7e-m/fpv4-sp/hard/crtn.o
 *(.fini)
 .fini          0x0002e614        0x4 c:/program files (x86)/gnu tools arm embedded/7 2018-q2-update/bin/../lib/gcc/arm-none-eabi/7.3.1/thumb/v7e-m/fpv4-sp/hard/crti.o
                0x0002e614                _fini
 .fini          0x0002e618        0x8 c:/program files (x86)/gnu tools arm embedded/7 2018-q2-update/bin/../lib/gcc/arm-none-eabi/7.3.1/thumb/v7e-m/fpv4-sp/hard/crtn.o
 *crtbegin.o(.ctors)
 *crtbegin?.o(.ctors)
 *(EXCLUDE_FILE(*crtend.o *crtend?.o) .ctors)
 *(SORT_BY_NAME(.ctors.*))
 *(.ctors)
 *crtbegin.o(.dtors)
 *crtbegin?.o(.dtors)
 *(EXCLUDE_FILE(*crtend.o *crtend?.o) .dtors)
 *(SORT_BY_NAME(.dtors.*))
 *(.dtors)
 *(.rodata*)
 .rodata.delay_machine_code.9020
                0x0002e620        0x6 _build/nrf52832_xxaa/nrf_log_backend_rtt.c.o
 *fill*         0x0002e626        0x2 
 .rodata.nrf_log_backend_rtt_api
                0x0002e628        0xc _build/nrf52832_xxaa/nrf_log_backend_rtt.c.o
                0x0002e628                nrf_log_backend_rtt_api
 .rodata.str1.4
                0x0002e634       0x10 _build/nrf52832_xxaa/nrf_log_default_backends.c.o
 .rodata.m_log_push_ringbuf
                0x0002e644        0xc _build/nrf52832_xxaa/nrf_log_frontend.c.o
 .rodata.nrf_log_frontend_dequeue.part.6.str1.4
                0x0002e650       0x11 _build/nrf52832_xxaa/nrf_log_frontend.c.o
 *fill*         0x0002e661        0x3 
 .rodata.str1.4
                0x0002e664        0x4 _build/nrf52832_xxaa/nrf_log_frontend.c.o
 .rodata.m_colors
                0x0002e668       0x24 _build/nrf52832_xxaa/nrf_log_str_formatter.c.o
 .rodata.nrf_log_hexdump_entry_process.str1.4
                0x0002e68c       0x13 _build/nrf52832_xxaa/nrf_log_str_formatter.c.o
                                 0x16 (size before relaxing)
 *fill*         0x0002e69f        0x1 
 .rodata.nrf_log_std_entry_process.str1.4
                0x0002e6a0       0x3b _build/nrf52832_xxaa/nrf_log_str_formatter.c.o
 *fill*         0x0002e6db        0x1 
 .rodata.severity_names
                0x0002e6dc       0x14 _build/nrf52832_xxaa/nrf_log_str_formatter.c.o
 .rodata.str1.4
                0x0002e6f0       0x56 _build/nrf52832_xxaa/nrf_log_str_formatter.c.o
 *fill*         0x0002e746        0x2 
 .rodata.m_detection_delay_timer_id
                0x0002e748        0x4 _build/nrf52832_xxaa/app_button.c.o
 .rodata.app_error_fault_handler.str1.4
                0x0002e74c       0x19 _build/nrf52832_xxaa/app_error_weak.c.o
 *fill*         0x0002e765        0xb 
 .rodata.delay_machine_code.8744
                0x0002e770        0x6 _build/nrf52832_xxaa/app_timer.c.o
 *fill*         0x0002e776        0x2 
 .rodata        0x0002e778       0x20 _build/nrf52832_xxaa/app_uart_fifo.c.o
 .rodata._aV2C.7442
                0x0002e798       0x10 _build/nrf52832_xxaa/nrf_fprintf_format.c.o
 .rodata.pwr_mgmt_data
                0x0002e7a8        0xc _build/nrf52832_xxaa/nrf_pwr_mgmt.c.o
 .rodata.str1.4
                0x0002e7b4        0x9 _build/nrf52832_xxaa/nrf_pwr_mgmt.c.o
 *fill*         0x0002e7bd        0x3 
 .rodata.m_unknown_str
                0x0002e7c0       0x13 _build/nrf52832_xxaa/nrf_strerror.c.o
 *fill*         0x0002e7d3        0x1 
 .rodata.nrf_strerror_array
                0x0002e7d4      0x128 _build/nrf52832_xxaa/nrf_strerror.c.o
 .rodata.str1.4
                0x0002e8fc      0x3e9 _build/nrf52832_xxaa/nrf_strerror.c.o
 *fill*         0x0002ece5        0x3 
 .rodata.m_board_btn_list
                0x0002ece8        0x4 _build/nrf52832_xxaa/boards.c.o
 .rodata.m_board_led_list
                0x0002ecec        0x4 _build/nrf52832_xxaa/boards.c.o
 .rodata.str1.4
                0x0002ecf0        0x6 _build/nrf52832_xxaa/nrf_drv_clock.c.o
 *fill*         0x0002ecf6        0x2 
 .rodata.str1.4
                0x0002ecf8        0x6 _build/nrf52832_xxaa/nrfx_clock.c.o
 *fill*         0x0002ecfe        0x2 
 .rodata.str1.4
                0x0002ed00        0x7 _build/nrf52832_xxaa/nrfx_gpiote.c.o
 *fill*         0x0002ed07        0x1 
 .rodata.str1.4
                0x0002ed08        0x4 _build/nrf52832_xxaa/nrfx_prs.c.o
 .rodata.str1.4
                0x0002ed0c        0x5 _build/nrf52832_xxaa/nrfx_uart.c.o
 *fill*         0x0002ed11        0x3 
 .rodata.str1.4
                0x0002ed14        0x6 _build/nrf52832_xxaa/nrfx_uarte.c.o
 *fill*         0x0002ed1a        0x2 
 .rodata.app_buttons
                0x0002ed1c       0x20 _build/nrf52832_xxaa/bsp.c.o
 .rodata.m_bsp_alert_tmr
                0x0002ed3c        0x4 _build/nrf52832_xxaa/bsp.c.o
 .rodata.m_bsp_button_tmr
                0x0002ed40        0x4 _build/nrf52832_xxaa/bsp.c.o
 .rodata.m_bsp_leds_tmr
                0x0002ed44        0x4 _build/nrf52832_xxaa/bsp.c.o
 .rodata        0x0002ed48       0x18 _build/nrf52832_xxaa/main.c.o
 .rodata.ble_evt_handler.str1.4
                0x0002ed60       0x19 _build/nrf52832_xxaa/main.c.o
 *fill*         0x0002ed79        0x3 
 .rodata.gatt_evt_handler.str1.4
                0x0002ed7c       0x1c _build/nrf52832_xxaa/main.c.o
 .rodata.main.str1.4
                0x0002ed98       0x49 _build/nrf52832_xxaa/main.c.o
 *fill*         0x0002ede1        0x3 
 .rodata.nus_data_handler.str1.4
                0x0002ede4       0x2b _build/nrf52832_xxaa/main.c.o
 *fill*         0x0002ee0f        0x1 
 .rodata.SEGGER_RTT_ReadNoLock.str1.4
                0x0002ee10       0x17 _build/nrf52832_xxaa/SEGGER_RTT.c.o
 *fill*         0x0002ee27        0x1 
 .rodata.nrf_ble_gatt_data_length_set.str1.4
                0x0002ee28       0xe2 _build/nrf52832_xxaa/nrf_ble_gatt.c.o
 *fill*         0x0002ef0a        0x2 
 .rodata.nrf_ble_gatt_on_ble_evt.str1.4
                0x0002ef0c       0x63 _build/nrf52832_xxaa/nrf_ble_gatt.c.o
 *fill*         0x0002ef6f        0x1 
 .rodata.str1.4
                0x0002ef70        0xd _build/nrf52832_xxaa/nrf_ble_gatt.c.o
 *fill*         0x0002ef7d        0x3 
 .rodata        0x0002ef80       0x10 _build/nrf52832_xxaa/ble_nus.c.o
 .rodata.str1.4
                0x0002ef90        0x8 _build/nrf52832_xxaa/ble_nus.c.o
 .rodata        0x0002ef98        0x4 _build/nrf52832_xxaa/nrf_sdh.c.o
 .rodata.sdh_req_observers
                0x0002ef9c        0xc _build/nrf52832_xxaa/nrf_sdh.c.o
 .rodata.sdh_stack_observers
                0x0002efa8        0xc _build/nrf52832_xxaa/nrf_sdh.c.o
 .rodata.sdh_state_observers
                0x0002efb4        0xc _build/nrf52832_xxaa/nrf_sdh.c.o
 .rodata.str1.4
                0x0002efc0        0x8 _build/nrf52832_xxaa/nrf_sdh.c.o
 .rodata.nrf_sdh_ble_default_cfg_set.str1.4
                0x0002efc8      0x1cf _build/nrf52832_xxaa/nrf_sdh_ble.c.o
 *fill*         0x0002f197        0x1 
 .rodata.nrf_sdh_ble_enable.str1.4
                0x0002f198       0xad _build/nrf52832_xxaa/nrf_sdh_ble.c.o
 *fill*         0x0002f245        0x3 
 .rodata.sdh_ble_observers
                0x0002f248        0xc _build/nrf52832_xxaa/nrf_sdh_ble.c.o
 .rodata.str1.4
                0x0002f254        0xc _build/nrf52832_xxaa/nrf_sdh_ble.c.o
 .rodata.sdh_soc_observers
                0x0002f260        0xc _build/nrf52832_xxaa/nrf_sdh_soc.c.o
 .rodata.str1.4
                0x0002f26c        0xc _build/nrf52832_xxaa/nrf_sdh_soc.c.o
 .rodata._global_impure_ptr
                0x0002f278        0x4 c:/program files (x86)/gnu tools arm embedded/7 2018-q2-update/bin/../lib/gcc/arm-none-eabi/7.3.1/../../../../arm-none-eabi/lib/thumb/v7e-m/fpv4-sp/hard\libc_nano.a(lib_a-impure.o)
                0x0002f278                _global_impure_ptr
 .rodata._setlocale_r.str1.1
                0x0002f27c        0x8 c:/program files (x86)/gnu tools arm embedded/7 2018-q2-update/bin/../lib/gcc/arm-none-eabi/7.3.1/../../../../arm-none-eabi/lib/thumb/v7e-m/fpv4-sp/hard\libc_nano.a(lib_a-locale.o)
                                  0x9 (size before relaxing)
 .rodata.str1.1
                0x0002f284        0x2 c:/program files (x86)/gnu tools arm embedded/7 2018-q2-update/bin/../lib/gcc/arm-none-eabi/7.3.1/../../../../arm-none-eabi/lib/thumb/v7e-m/fpv4-sp/hard\libc_nano.a(lib_a-locale.o)
 .rodata._ctype_
                0x0002f286      0x101 c:/program files (x86)/gnu tools arm embedded/7 2018-q2-update/bin/../lib/gcc/arm-none-eabi/7.3.1/../../../../arm-none-eabi/lib/thumb/v7e-m/fpv4-sp/hard\libc_nano.a(lib_a-ctype_.o)
                0x0002f286                _ctype_
 *fill*         0x0002f387        0x1 
 .rodata.__sf_fake_stderr
                0x0002f388       0x20 c:/program files (x86)/gnu tools arm embedded/7 2018-q2-update/bin/../lib/gcc/arm-none-eabi/7.3.1/../../../../arm-none-eabi/lib/thumb/v7e-m/fpv4-sp/hard\libc_nano.a(lib_a-findfp.o)
                0x0002f388                __sf_fake_stderr
 .rodata.__sf_fake_stdin
                0x0002f3a8       0x20 c:/program files (x86)/gnu tools arm embedded/7 2018-q2-update/bin/../lib/gcc/arm-none-eabi/7.3.1/../../../../arm-none-eabi/lib/thumb/v7e-m/fpv4-sp/hard\libc_nano.a(lib_a-findfp.o)
                0x0002f3a8                __sf_fake_stdin
 .rodata.__sf_fake_stdout
                0x0002f3c8       0x20 c:/program files (x86)/gnu tools arm embedded/7 2018-q2-update/bin/../lib/gcc/arm-none-eabi/7.3.1/../../../../arm-none-eabi/lib/thumb/v7e-m/fpv4-sp/hard\libc_nano.a(lib_a-findfp.o)
                0x0002f3c8                __sf_fake_stdout
 .rodata._vfprintf_r.str1.1
                0x0002f3e8       0x11 c:/program files (x86)/gnu tools arm embedded/7 2018-q2-update/bin/../lib/gcc/arm-none-eabi/7.3.1/../../../../arm-none-eabi/lib/thumb/v7e-m/fpv4-sp/hard\libc_nano.a(lib_a-nano-vfprintf.o)
 .rodata._printf_i.str1.1
                0x0002f3f9       0x22 c:/program files (x86)/gnu tools arm embedded/7 2018-q2-update/bin/../lib/gcc/arm-none-eabi/7.3.1/../../../../arm-none-eabi/lib/thumb/v7e-m/fpv4-sp/hard\libc_nano.a(lib_a-nano-vfprintf_i.o)
 *(.eh_frame*)
 *fill*         0x0002f41b        0x1 
 .eh_frame      0x0002f41c        0x0 c:/program files (x86)/gnu tools arm embedded/7 2018-q2-update/bin/../lib/gcc/arm-none-eabi/7.3.1/thumb/v7e-m/fpv4-sp/hard/crtbegin.o
 .eh_frame      0x0002f41c        0x4 c:/program files (x86)/gnu tools arm embedded/7 2018-q2-update/bin/../lib/gcc/arm-none-eabi/7.3.1/thumb/v7e-m/fpv4-sp/hard/crtend.o

.glue_7         0x0002f420        0x0
 .glue_7        0x0002f420        0x0 linker stubs

.glue_7t        0x0002f420        0x0
 .glue_7t       0x0002f420        0x0 linker stubs

.vfp11_veneer   0x0002f420        0x0
 .vfp11_veneer  0x0002f420        0x0 linker stubs

.v4_bx          0x0002f420        0x0
 .v4_bx         0x0002f420        0x0 linker stubs

.iplt           0x0002f420        0x0
 .iplt          0x0002f420        0x0 c:/program files (x86)/gnu tools arm embedded/7 2018-q2-update/bin/../lib/gcc/arm-none-eabi/7.3.1/thumb/v7e-m/fpv4-sp/hard/crtbegin.o

.mem_section_dummy_rom

.sdh_soc_observers
                0x0002f420       0x10
                0x0002f420                PROVIDE (__start_sdh_soc_observers = .)
 *(SORT_BY_NAME(.sdh_soc_observers*))
 .sdh_soc_observers0
                0x0002f420        0x8 _build/nrf52832_xxaa/nrf_drv_clock.c.o
 .sdh_soc_observers1
                0x0002f428        0x8 _build/nrf52832_xxaa/main.c.o
                0x0002f430                PROVIDE (__stop_sdh_soc_observers = .)

.sdh_ble_observers
                0x0002f430       0x40
                0x0002f430                PROVIDE (__start_sdh_ble_observers = .)
 *(SORT_BY_NAME(.sdh_ble_observers*))
 .sdh_ble_observers0
                0x0002f430        0x8 _build/nrf52832_xxaa/ble_conn_state.c.o
 .sdh_ble_observers1
                0x0002f438        0x8 _build/nrf52832_xxaa/bsp_btn_ble.c.o
 .sdh_ble_observers1
                0x0002f440       0x10 _build/nrf52832_xxaa/main.c.o
 .sdh_ble_observers1
                0x0002f450        0x8 _build/nrf52832_xxaa/ble_conn_params.c.o
 .sdh_ble_observers2
                0x0002f458       0x10 _build/nrf52832_xxaa/main.c.o
 .sdh_ble_observers3
                0x0002f468        0x8 _build/nrf52832_xxaa/main.c.o
                0x0002f470                PROVIDE (__stop_sdh_ble_observers = .)

.pwr_mgmt_data  0x0002f470        0x0
                0x0002f470                PROVIDE (__start_pwr_mgmt_data = .)
 *(SORT_BY_NAME(.pwr_mgmt_data*))
                0x0002f470                PROVIDE (__stop_pwr_mgmt_data = .)

.sdh_req_observers
                0x0002f470        0x0
                0x0002f470                PROVIDE (__start_sdh_req_observers = .)
 *(SORT_BY_NAME(.sdh_req_observers*))
                0x0002f470                PROVIDE (__stop_sdh_req_observers = .)

.sdh_state_observers
                0x0002f470        0x8
                0x0002f470                PROVIDE (__start_sdh_state_observers = .)
 *(SORT_BY_NAME(.sdh_state_observers*))
 .sdh_state_observers0
                0x0002f470        0x8 _build/nrf52832_xxaa/nrf_drv_clock.c.o
                0x0002f478                PROVIDE (__stop_sdh_state_observers = .)

.sdh_stack_observers
                0x0002f478       0x10
                0x0002f478                PROVIDE (__start_sdh_stack_observers = .)
 *(SORT_BY_NAME(.sdh_stack_observers*))
 .sdh_stack_observers0
                0x0002f478        0x8 _build/nrf52832_xxaa/nrf_sdh_ble.c.o
 .sdh_stack_observers0
                0x0002f480        0x8 _build/nrf52832_xxaa/nrf_sdh_soc.c.o
                0x0002f488                PROVIDE (__stop_sdh_stack_observers = .)

.nrf_queue      0x0002f488        0x0
                [!provide]                PROVIDE (__start_nrf_queue = .)
 *(.nrf_queue)
                [!provide]                PROVIDE (__stop_nrf_queue = .)

.nrf_balloc     0x0002f488       0x14
                [!provide]                PROVIDE (__start_nrf_balloc = .)
 *(.nrf_balloc)
 .nrf_balloc    0x0002f488       0x14 _build/nrf52832_xxaa/nrf_log_frontend.c.o
                0x0002f488                log_mempool
                [!provide]                PROVIDE (__stop_nrf_balloc = .)

.cli_command    0x0002f49c        0x0
                [!provide]                PROVIDE (__start_cli_command = .)
 *(.cli_command)
                [!provide]                PROVIDE (__stop_cli_command = .)

.crypto_data    0x0002f49c        0x0
                [!provide]                PROVIDE (__start_crypto_data = .)
 *(SORT_BY_NAME(.crypto_data*))
                [!provide]                PROVIDE (__stop_crypto_data = .)

.log_const_data
                0x0002f49c       0x68
                0x0002f49c                PROVIDE (__start_log_const_data = .)
 *(SORT_BY_NAME(.log_const_data*))
 .log_const_data_CLOCK
                0x0002f49c        0x8 _build/nrf52832_xxaa/nrfx_clock.c.o
                0x0002f49c                m_nrf_log_CLOCK_logs_data_const
 .log_const_data_GPIOTE
                0x0002f4a4        0x8 _build/nrf52832_xxaa/nrfx_gpiote.c.o
                0x0002f4a4                m_nrf_log_GPIOTE_logs_data_const
 .log_const_data_PRS
                0x0002f4ac        0x8 _build/nrf52832_xxaa/nrfx_prs.c.o
                0x0002f4ac                m_nrf_log_PRS_logs_data_const
 .log_const_data_UART
                0x0002f4b4        0x8 _build/nrf52832_xxaa/nrfx_uart.c.o
                0x0002f4b4                m_nrf_log_UART_logs_data_const
 .log_const_data_UARTE
                0x0002f4bc        0x8 _build/nrf52832_xxaa/nrfx_uarte.c.o
                0x0002f4bc                m_nrf_log_UARTE_logs_data_const
 .log_const_data_app
                0x0002f4c4        0x8 _build/nrf52832_xxaa/nrf_log_frontend.c.o
                0x0002f4c4                m_nrf_log_app_logs_data_const
 .log_const_data_ble_nus
                0x0002f4cc        0x8 _build/nrf52832_xxaa/ble_nus.c.o
                0x0002f4cc                m_nrf_log_ble_nus_logs_data_const
 .log_const_data_clock
                0x0002f4d4        0x8 _build/nrf52832_xxaa/nrf_drv_clock.c.o
                0x0002f4d4                m_nrf_log_clock_logs_data_const
 .log_const_data_nrf_ble_gatt
                0x0002f4dc        0x8 _build/nrf52832_xxaa/nrf_ble_gatt.c.o
                0x0002f4dc                m_nrf_log_nrf_ble_gatt_logs_data_const
 .log_const_data_nrf_sdh
                0x0002f4e4        0x8 _build/nrf52832_xxaa/nrf_sdh.c.o
                0x0002f4e4                m_nrf_log_nrf_sdh_logs_data_const
 .log_const_data_nrf_sdh_ble
                0x0002f4ec        0x8 _build/nrf52832_xxaa/nrf_sdh_ble.c.o
                0x0002f4ec                m_nrf_log_nrf_sdh_ble_logs_data_const
 .log_const_data_nrf_sdh_soc
                0x0002f4f4        0x8 _build/nrf52832_xxaa/nrf_sdh_soc.c.o
                0x0002f4f4                m_nrf_log_nrf_sdh_soc_logs_data_const
 .log_const_data_pwr_mgmt
                0x0002f4fc        0x8 _build/nrf52832_xxaa/nrf_pwr_mgmt.c.o
                0x0002f4fc                m_nrf_log_pwr_mgmt_logs_data_const
                0x0002f504                PROVIDE (__stop_log_const_data = .)

.log_backends   0x0002f504       0x10
                [!provide]                PROVIDE (__start_log_backends = .)
 *(SORT_BY_NAME(.log_backends*))
 .log_backends  0x0002f504       0x10 _build/nrf52832_xxaa/nrf_log_default_backends.c.o
                [!provide]                PROVIDE (__stop_log_backends = .)

.ARM.extab
 *(.ARM.extab* .gnu.linkonce.armextab.*)
                0x0002f514                __exidx_start = .

.ARM.exidx      0x0002f514        0x8
 *(.ARM.exidx* .gnu.linkonce.armexidx.*)
 .ARM.exidx     0x0002f514        0x8 c:/program files (x86)/gnu tools arm embedded/7 2018-q2-update/bin/../lib/gcc/arm-none-eabi/7.3.1/../../../../arm-none-eabi/lib/thumb/v7e-m/fpv4-sp/hard/crt0.o
 .ARM.exidx     0x0002f51c        0x0 c:/program files (x86)/gnu tools arm embedded/7 2018-q2-update/bin/../lib/gcc/arm-none-eabi/7.3.1/thumb/v7e-m/fpv4-sp/hard\libgcc.a(_udivmoddi4.o)
                                  0x8 (size before relaxing)
                0x0002f51c                __exidx_end = .
                0x0002f51c                __etext = .

.rel.dyn        0x0002f51c        0x0
 .rel.iplt      0x0002f51c        0x0 c:/program files (x86)/gnu tools arm embedded/7 2018-q2-update/bin/../lib/gcc/arm-none-eabi/7.3.1/thumb/v7e-m/fpv4-sp/hard/crtbegin.o

.data           0x20002a98      0x224 load address 0x0002f51c
                0x20002a98                __data_start__ = .
 *(vtable)
 *(.data*)
 .data.log_backend_cb_rtt_log_backend
                0x20002a98        0x8 _build/nrf52832_xxaa/nrf_log_default_backends.c.o
 .data.app_uart_inst
                0x20002aa0       0x14 _build/nrf52832_xxaa/app_uart_fifo.c.o
 .data.SystemCoreClock
                0x20002ab4        0x4 _build/nrf52832_xxaa/system_nrf52.c.o
                0x20002ab4                SystemCoreClock
 .data.m_adv_uuids
                0x20002ab8        0x4 _build/nrf52832_xxaa/main.c.o
 .data.m_ble_nus_max_data_len
                0x20002abc        0x2 _build/nrf52832_xxaa/main.c.o
 .data.m_conn_handle
                0x20002abe        0x2 _build/nrf52832_xxaa/main.c.o
 .data.m_nus    0x20002ac0       0x1c _build/nrf52832_xxaa/main.c.o
 .data.m_nus_link_ctx_storage
                0x20002adc        0x8 _build/nrf52832_xxaa/main.c.o
 .data._impure_ptr
                0x20002ae4        0x4 c:/program files (x86)/gnu tools arm embedded/7 2018-q2-update/bin/../lib/gcc/arm-none-eabi/7.3.1/../../../../arm-none-eabi/lib/thumb/v7e-m/fpv4-sp/hard\libc_nano.a(lib_a-impure.o)
                0x20002ae4                _impure_ptr
 .data.impure_data
                0x20002ae8       0x60 c:/program files (x86)/gnu tools arm embedded/7 2018-q2-update/bin/../lib/gcc/arm-none-eabi/7.3.1/../../../../arm-none-eabi/lib/thumb/v7e-m/fpv4-sp/hard\libc_nano.a(lib_a-impure.o)
 .data.__global_locale
                0x20002b48      0x16c c:/program files (x86)/gnu tools arm embedded/7 2018-q2-update/bin/../lib/gcc/arm-none-eabi/7.3.1/../../../../arm-none-eabi/lib/thumb/v7e-m/fpv4-sp/hard\libc_nano.a(lib_a-locale.o)
                0x20002b48                __global_locale
                0x20002cb4                . = ALIGN (0x4)
                0x20002cb4                PROVIDE (__preinit_array_start = .)
 *(.preinit_array)
                0x20002cb4                PROVIDE (__preinit_array_end = .)
                0x20002cb4                . = ALIGN (0x4)
                0x20002cb4                PROVIDE (__init_array_start = .)
 *(SORT_BY_NAME(.init_array.*))
 *(.init_array)
 .init_array    0x20002cb4        0x4 c:/program files (x86)/gnu tools arm embedded/7 2018-q2-update/bin/../lib/gcc/arm-none-eabi/7.3.1/thumb/v7e-m/fpv4-sp/hard/crtbegin.o
                0x20002cb8                PROVIDE (__init_array_end = .)
                0x20002cb8                . = ALIGN (0x4)
                [!provide]                PROVIDE (__fini_array_start = .)
 *(SORT_BY_NAME(.fini_array.*))
 *(.fini_array)
 .fini_array    0x20002cb8        0x4 c:/program files (x86)/gnu tools arm embedded/7 2018-q2-update/bin/../lib/gcc/arm-none-eabi/7.3.1/thumb/v7e-m/fpv4-sp/hard/crtbegin.o
                [!provide]                PROVIDE (__fini_array_end = .)
 *(.jcr*)
                0x20002cbc                . = ALIGN (0x4)
                0x20002cbc                __data_end__ = .
LOAD c:/program files (x86)/gnu tools arm embedded/7 2018-q2-update/bin/../lib/gcc/arm-none-eabi/7.3.1/thumb/v7e-m/fpv4-sp/hard/crti.o
LOAD c:/program files (x86)/gnu tools arm embedded/7 2018-q2-update/bin/../lib/gcc/arm-none-eabi/7.3.1/thumb/v7e-m/fpv4-sp/hard/crtbegin.o
LOAD c:/program files (x86)/gnu tools arm embedded/7 2018-q2-update/bin/../lib/gcc/arm-none-eabi/7.3.1/../../../../arm-none-eabi/lib/thumb/v7e-m/fpv4-sp/hard/crt0.o
LOAD _build/nrf52832_xxaa/gcc_startup_nrf52.S.o
LOAD _build/nrf52832_xxaa/nrf_log_backend_rtt.c.o
LOAD _build/nrf52832_xxaa/nrf_log_backend_serial.c.o
LOAD _build/nrf52832_xxaa/nrf_log_default_backends.c.o
LOAD _build/nrf52832_xxaa/nrf_log_frontend.c.o
LOAD _build/nrf52832_xxaa/nrf_log_str_formatter.c.o
LOAD _build/nrf52832_xxaa/app_button.c.o
LOAD _build/nrf52832_xxaa/app_error.c.o
LOAD _build/nrf52832_xxaa/app_error_handler_gcc.c.o
LOAD _build/nrf52832_xxaa/app_error_weak.c.o
LOAD _build/nrf52832_xxaa/app_fifo.c.o
LOAD _build/nrf52832_xxaa/app_scheduler.c.o
LOAD _build/nrf52832_xxaa/app_timer.c.o
LOAD _build/nrf52832_xxaa/app_uart_fifo.c.o
LOAD _build/nrf52832_xxaa/app_util_platform.c.o
LOAD _build/nrf52832_xxaa/hardfault_implementation.c.o
LOAD _build/nrf52832_xxaa/nrf_assert.c.o
LOAD _build/nrf52832_xxaa/nrf_atfifo.c.o
LOAD _build/nrf52832_xxaa/nrf_atflags.c.o
LOAD _build/nrf52832_xxaa/nrf_atomic.c.o
LOAD _build/nrf52832_xxaa/nrf_balloc.c.o
LOAD _build/nrf52832_xxaa/nrf_fprintf.c.o
LOAD _build/nrf52832_xxaa/nrf_fprintf_format.c.o
LOAD _build/nrf52832_xxaa/nrf_memobj.c.o
LOAD _build/nrf52832_xxaa/nrf_pwr_mgmt.c.o
LOAD _build/nrf52832_xxaa/nrf_ringbuf.c.o
LOAD _build/nrf52832_xxaa/nrf_section_iter.c.o
LOAD _build/nrf52832_xxaa/nrf_strerror.c.o
LOAD _build/nrf52832_xxaa/retarget.c.o
LOAD _build/nrf52832_xxaa/system_nrf52.c.o
LOAD _build/nrf52832_xxaa/boards.c.o
LOAD _build/nrf52832_xxaa/nrf_drv_clock.c.o
LOAD _build/nrf52832_xxaa/nrf_drv_uart.c.o
LOAD _build/nrf52832_xxaa/nrfx_atomic.c.o
LOAD _build/nrf52832_xxaa/nrfx_clock.c.o
LOAD _build/nrf52832_xxaa/nrfx_gpiote.c.o
LOAD _build/nrf52832_xxaa/nrfx_prs.c.o
LOAD _build/nrf52832_xxaa/nrfx_uart.c.o
LOAD _build/nrf52832_xxaa/nrfx_uarte.c.o
LOAD _build/nrf52832_xxaa/bsp.c.o
LOAD _build/nrf52832_xxaa/bsp_btn_ble.c.o
LOAD _build/nrf52832_xxaa/main.c.o
LOAD _build/nrf52832_xxaa/SEGGER_RTT.c.o
LOAD _build/nrf52832_xxaa/SEGGER_RTT_Syscalls_GCC.c.o
LOAD _build/nrf52832_xxaa/SEGGER_RTT_printf.c.o
LOAD _build/nrf52832_xxaa/ble_advdata.c.o
LOAD _build/nrf52832_xxaa/ble_advertising.c.o
LOAD _build/nrf52832_xxaa/ble_conn_params.c.o
LOAD _build/nrf52832_xxaa/ble_conn_state.c.o
LOAD _build/nrf52832_xxaa/ble_link_ctx_manager.c.o
LOAD _build/nrf52832_xxaa/ble_srv_common.c.o
LOAD _build/nrf52832_xxaa/nrf_ble_gatt.c.o
LOAD _build/nrf52832_xxaa/nrf_ble_qwr.c.o
LOAD _build/nrf52832_xxaa/utf.c.o
LOAD _build/nrf52832_xxaa/ble_nus.c.o
LOAD _build/nrf52832_xxaa/nrf_sdh.c.o
LOAD _build/nrf52832_xxaa/nrf_sdh_ble.c.o
LOAD _build/nrf52832_xxaa/nrf_sdh_soc.c.o
LOAD c:/program files (x86)/gnu tools arm embedded/7 2018-q2-update/bin/../lib/gcc/arm-none-eabi/7.3.1/../../../../arm-none-eabi/lib/thumb/v7e-m/fpv4-sp/hard\libc_nano.a
LOAD c:/program files (x86)/gnu tools arm embedded/7 2018-q2-update/bin/../lib/gcc/arm-none-eabi/7.3.1/../../../../arm-none-eabi/lib/thumb/v7e-m/fpv4-sp/hard\libnosys.a
LOAD c:/program files (x86)/gnu tools arm embedded/7 2018-q2-update/bin/../lib/gcc/arm-none-eabi/7.3.1/../../../../arm-none-eabi/lib/thumb/v7e-m/fpv4-sp/hard\libm.a
START GROUP
LOAD c:/program files (x86)/gnu tools arm embedded/7 2018-q2-update/bin/../lib/gcc/arm-none-eabi/7.3.1/thumb/v7e-m/fpv4-sp/hard\libgcc.a
LOAD c:/program files (x86)/gnu tools arm embedded/7 2018-q2-update/bin/../lib/gcc/arm-none-eabi/7.3.1/../../../../arm-none-eabi/lib/thumb/v7e-m/fpv4-sp/hard\libg_nano.a
LOAD c:/program files (x86)/gnu tools arm embedded/7 2018-q2-update/bin/../lib/gcc/arm-none-eabi/7.3.1/../../../../arm-none-eabi/lib/thumb/v7e-m/fpv4-sp/hard\libc_nano.a
END GROUP
START GROUP
LOAD c:/program files (x86)/gnu tools arm embedded/7 2018-q2-update/bin/../lib/gcc/arm-none-eabi/7.3.1/thumb/v7e-m/fpv4-sp/hard\libgcc.a
LOAD c:/program files (x86)/gnu tools arm embedded/7 2018-q2-update/bin/../lib/gcc/arm-none-eabi/7.3.1/../../../../arm-none-eabi/lib/thumb/v7e-m/fpv4-sp/hard\libc_nano.a
END GROUP
LOAD c:/program files (x86)/gnu tools arm embedded/7 2018-q2-update/bin/../lib/gcc/arm-none-eabi/7.3.1/thumb/v7e-m/fpv4-sp/hard/crtend.o
LOAD c:/program files (x86)/gnu tools arm embedded/7 2018-q2-update/bin/../lib/gcc/arm-none-eabi/7.3.1/thumb/v7e-m/fpv4-sp/hard/crtn.o
START GROUP
LOAD c:/program files (x86)/gnu tools arm embedded/7 2018-q2-update/bin/../lib/gcc/arm-none-eabi/7.3.1/thumb/v7e-m/fpv4-sp/hard\libgcc.a
LOAD c:/program files (x86)/gnu tools arm embedded/7 2018-q2-update/bin/../lib/gcc/arm-none-eabi/7.3.1/../../../../arm-none-eabi/lib/thumb/v7e-m/fpv4-sp/hard\libc.a
LOAD c:/program files (x86)/gnu tools arm embedded/7 2018-q2-update/bin/../lib/gcc/arm-none-eabi/7.3.1/../../../../arm-none-eabi/lib/thumb/v7e-m/fpv4-sp/hard\libnosys.a
END GROUP

.igot.plt       0x20002cbc        0x0 load address 0x0002f740
 .igot.plt      0x20002cbc        0x0 c:/program files (x86)/gnu tools arm embedded/7 2018-q2-update/bin/../lib/gcc/arm-none-eabi/7.3.1/thumb/v7e-m/fpv4-sp/hard/crtbegin.o
                0x20002cbc                . = ALIGN (0x4)

.mem_section_dummy_ram

.cli_sorted_cmd_ptrs
                0x20002cbc        0x0
                [!provide]                PROVIDE (__start_cli_sorted_cmd_ptrs = .)
 *(.cli_sorted_cmd_ptrs)
                [!provide]                PROVIDE (__stop_cli_sorted_cmd_ptrs = .)

.fs_data        0x20002cbc        0x0
                [!provide]                PROVIDE (__start_fs_data = .)
 *(.fs_data)
                [!provide]                PROVIDE (__stop_fs_data = .)

.log_dynamic_data
                0x20002cbc        0x0
                0x20002cbc                PROVIDE (__start_log_dynamic_data = .)
 *(SORT_BY_NAME(.log_dynamic_data*))
                [!provide]                PROVIDE (__stop_log_dynamic_data = .)

.log_filter_data
                0x20002cbc        0x0
                [!provide]                PROVIDE (__start_log_filter_data = .)
 *(SORT_BY_NAME(.log_filter_data*))
                [!provide]                PROVIDE (__stop_log_filter_data = .)

.bss            0x20002cc0     0x11e4 load address 0x0002f748
                0x20002cc0                . = ALIGN (0x4)
                0x20002cc0                __bss_start__ = .
 *(.bss*)
 .bss           0x20002cc0       0x1c c:/program files (x86)/gnu tools arm embedded/7 2018-q2-update/bin/../lib/gcc/arm-none-eabi/7.3.1/thumb/v7e-m/fpv4-sp/hard/crtbegin.o
 .bss.m_host_present
                0x20002cdc        0x1 _build/nrf52832_xxaa/nrf_log_backend_rtt.c.o
 *fill*         0x20002cdd        0x3 
 .bss.m_string_buff
                0x20002ce0       0x40 _build/nrf52832_xxaa/nrf_log_backend_rtt.c.o
 .bss.log_mempool_nrf_balloc_cb
                0x20002d20        0x8 _build/nrf52832_xxaa/nrf_log_frontend.c.o
 .bss.log_mempool_nrf_balloc_pool_mem
                0x20002d28       0xc0 _build/nrf52832_xxaa/nrf_log_frontend.c.o
 .bss.log_mempool_nrf_balloc_pool_stack
                0x20002de8        0x8 _build/nrf52832_xxaa/nrf_log_frontend.c.o
 .bss.m_log_data
                0x20002df0      0x424 _build/nrf52832_xxaa/nrf_log_frontend.c.o
 .bss.m_log_push_ringbuf_buf
                0x20003214       0x80 _build/nrf52832_xxaa/nrf_log_frontend.c.o
 .bss.m_log_push_ringbuf_cb
                0x20003294       0x18 _build/nrf52832_xxaa/nrf_log_frontend.c.o
 .bss.m_button_count
                0x200032ac        0x1 _build/nrf52832_xxaa/app_button.c.o
 *fill*         0x200032ad        0x3 
 .bss.m_detection_delay
                0x200032b0        0x4 _build/nrf52832_xxaa/app_button.c.o
 .bss.m_detection_delay_timer_id_data
                0x200032b4       0x20 _build/nrf52832_xxaa/app_button.c.o
 *fill*         0x200032d4        0x4 
 .bss.m_pin_state
                0x200032d8        0x8 _build/nrf52832_xxaa/app_button.c.o
 .bss.m_pin_transition
                0x200032e0        0x8 _build/nrf52832_xxaa/app_button.c.o
 .bss.mp_buttons
                0x200032e8        0x4 _build/nrf52832_xxaa/app_button.c.o
 .bss.m_op_queue
                0x200032ec      0x10c _build/nrf52832_xxaa/app_timer.c.o
 .bss.m_rtc1_reset
                0x200033f8        0x1 _build/nrf52832_xxaa/app_timer.c.o
 .bss.m_rtc1_running
                0x200033f9        0x1 _build/nrf52832_xxaa/app_timer.c.o
 *fill*         0x200033fa        0x2 
 .bss.m_ticks_elapsed
                0x200033fc        0x8 _build/nrf52832_xxaa/app_timer.c.o
 .bss.m_ticks_elapsed_q_read_ind
                0x20003404        0x1 _build/nrf52832_xxaa/app_timer.c.o
 .bss.m_ticks_elapsed_q_write_ind
                0x20003405        0x1 _build/nrf52832_xxaa/app_timer.c.o
 *fill*         0x20003406        0x2 
 .bss.m_ticks_latest
                0x20003408        0x4 _build/nrf52832_xxaa/app_timer.c.o
 .bss.mp_timer_id_head
                0x2000340c        0x4 _build/nrf52832_xxaa/app_timer.c.o
 .bss.m_event_handler
                0x20003410        0x4 _build/nrf52832_xxaa/app_uart_fifo.c.o
 .bss.m_rx_fifo
                0x20003414       0x10 _build/nrf52832_xxaa/app_uart_fifo.c.o
 .bss.m_rx_ovf  0x20003424        0x1 _build/nrf52832_xxaa/app_uart_fifo.c.o
 *fill*         0x20003425        0x3 
 .bss.m_tx_fifo
                0x20003428       0x10 _build/nrf52832_xxaa/app_uart_fifo.c.o
 .bss.rx_buffer
                0x20003438        0x1 _build/nrf52832_xxaa/app_uart_fifo.c.o
 *fill*         0x20003439        0x3 
 .bss.tx_buffer
                0x2000343c        0x1 _build/nrf52832_xxaa/app_uart_fifo.c.o
 *fill*         0x2000343d        0x3 
 .bss.m_handlers_iter
                0x20003440        0x8 _build/nrf52832_xxaa/nrf_pwr_mgmt.c.o
 .bss.m_shutdown_started
                0x20003448        0x1 _build/nrf52832_xxaa/nrf_pwr_mgmt.c.o
 *fill*         0x20003449        0x3 
 .bss.m_sysoff_mtx
                0x2000344c        0x4 _build/nrf52832_xxaa/nrf_pwr_mgmt.c.o
 .bss.m_clock_cb
                0x20003450       0x14 _build/nrf52832_xxaa/nrf_drv_clock.c.o
 .bss.m_contexts
                0x20003464        0x4 _build/nrf52832_xxaa/nrf_drv_uart.c.o
 .bss.m_handlers
                0x20003468        0x4 _build/nrf52832_xxaa/nrf_drv_uart.c.o
 .bss.m_clock_cb
                0x2000346c        0x8 _build/nrf52832_xxaa/nrfx_clock.c.o
 .bss.m_cb      0x20003474       0x5c _build/nrf52832_xxaa/nrfx_gpiote.c.o
 .bss.m_prs_box_4
                0x200034d0        0x8 _build/nrf52832_xxaa/nrfx_prs.c.o
 .bss.m_cb      0x200034d8       0x2c _build/nrf52832_xxaa/nrfx_uart.c.o
 .bss.m_cb      0x20003504       0x24 _build/nrf52832_xxaa/nrfx_uarte.c.o
 .bss.current_long_push_pin_no.8878
                0x20003528        0x1 _build/nrf52832_xxaa/bsp.c.o
 .bss.m_alert_on
                0x20003529        0x1 _build/nrf52832_xxaa/bsp.c.o
 *fill*         0x2000352a        0x2 
 .bss.m_bsp_alert_tmr_data
                0x2000352c       0x20 _build/nrf52832_xxaa/bsp.c.o
 .bss.m_bsp_button_tmr_data
                0x2000354c       0x20 _build/nrf52832_xxaa/bsp.c.o
 .bss.m_bsp_leds_tmr_data
                0x2000356c       0x20 _build/nrf52832_xxaa/bsp.c.o
 .bss.m_events_list
                0x2000358c        0xc _build/nrf52832_xxaa/bsp.c.o
 .bss.m_indication_type
                0x20003598        0x4 _build/nrf52832_xxaa/bsp.c.o
 .bss.m_leds_clear
                0x2000359c        0x1 _build/nrf52832_xxaa/bsp.c.o
 *fill*         0x2000359d        0x3 
 .bss.m_registered_callback
                0x200035a0        0x4 _build/nrf52832_xxaa/bsp.c.o
 .bss.m_stable_state
                0x200035a4        0x1 _build/nrf52832_xxaa/bsp.c.o
 *fill*         0x200035a5        0x3 
 .bss.release_event_at_push.8879
                0x200035a8        0x4 _build/nrf52832_xxaa/bsp.c.o
 .bss.m_error_handler
                0x200035ac        0x4 _build/nrf52832_xxaa/bsp_btn_ble.c.o
 .bss.m_num_connections
                0x200035b0        0x4 _build/nrf52832_xxaa/bsp_btn_ble.c.o
 .bss.data_array.12167
                0x200035b4       0xf4 _build/nrf52832_xxaa/main.c.o
 .bss.index.12168
                0x200036a8        0x1 _build/nrf52832_xxaa/main.c.o
 *fill*         0x200036a9        0x3 
 .bss.m_advertising
                0x200036ac      0x258 _build/nrf52832_xxaa/main.c.o
 .bss.m_gatt    0x20003904       0x14 _build/nrf52832_xxaa/main.c.o
 .bss.m_nus_link_ctx_storage_ctx_data_pool
                0x20003918        0x4 _build/nrf52832_xxaa/main.c.o
 .bss.m_qwr     0x2000391c        0xc _build/nrf52832_xxaa/main.c.o
 .bss.rx_buf.12185
                0x20003928      0x100 _build/nrf52832_xxaa/main.c.o
 .bss.tx_buf.12186
                0x20003a28      0x100 _build/nrf52832_xxaa/main.c.o
 .bss._acDownBuffer
                0x20003b28       0x10 _build/nrf52832_xxaa/SEGGER_RTT.c.o
 .bss._acUpBuffer
                0x20003b38      0x200 _build/nrf52832_xxaa/SEGGER_RTT.c.o
 .bss.m_conn_params_config
                0x20003d38       0x1c _build/nrf52832_xxaa/ble_conn_params.c.o
 .bss.m_conn_params_instances
                0x20003d54       0x14 _build/nrf52832_xxaa/ble_conn_params.c.o
 .bss.m_preferred_conn_params
                0x20003d68        0x8 _build/nrf52832_xxaa/ble_conn_params.c.o
 .bss.m_timer_data
                0x20003d70       0x20 _build/nrf52832_xxaa/ble_conn_params.c.o
 .bss.m_bcs     0x20003d90       0x78 _build/nrf52832_xxaa/ble_conn_state.c.o
 .bss.m_nrf_sdh_continue
                0x20003e08        0x1 _build/nrf52832_xxaa/nrf_sdh.c.o
 .bss.m_nrf_sdh_enabled
                0x20003e09        0x1 _build/nrf52832_xxaa/nrf_sdh.c.o
 .bss.m_nrf_sdh_suspended
                0x20003e0a        0x1 _build/nrf52832_xxaa/nrf_sdh.c.o
 .bss.m_stack_is_enabled
                0x20003e0b        0x1 _build/nrf52832_xxaa/nrf_sdh_ble.c.o
 .bss.__malloc_free_list
                0x20003e0c        0x4 c:/program files (x86)/gnu tools arm embedded/7 2018-q2-update/bin/../lib/gcc/arm-none-eabi/7.3.1/../../../../arm-none-eabi/lib/thumb/v7e-m/fpv4-sp/hard\libc_nano.a(lib_a-nano-mallocr.o)
                0x20003e0c                __malloc_free_list
 .bss.__malloc_sbrk_start
                0x20003e10        0x4 c:/program files (x86)/gnu tools arm embedded/7 2018-q2-update/bin/../lib/gcc/arm-none-eabi/7.3.1/../../../../arm-none-eabi/lib/thumb/v7e-m/fpv4-sp/hard\libc_nano.a(lib_a-nano-mallocr.o)
                0x20003e10                __malloc_sbrk_start
 .bss.heap_end.5377
                0x20003e14        0x4 c:/program files (x86)/gnu tools arm embedded/7 2018-q2-update/bin/../lib/gcc/arm-none-eabi/7.3.1/../../../../arm-none-eabi/lib/thumb/v7e-m/fpv4-sp/hard\libnosys.a(sbrk.o)
 *(COMMON)
 COMMON         0x20003e18        0xc _build/nrf52832_xxaa/app_util_platform.c.o
                0x20003e18                nrf_nvic_state
 COMMON         0x20003e24        0x1 _build/nrf52832_xxaa/nrf_drv_uart.c.o
                0x20003e24                nrf_drv_uart_use_easy_dma
 *fill*         0x20003e25        0x3 
 COMMON         0x20003e28       0x78 _build/nrf52832_xxaa/SEGGER_RTT.c.o
                0x20003e28                _SEGGER_RTT
 COMMON         0x20003ea0        0x4 c:/program files (x86)/gnu tools arm embedded/7 2018-q2-update/bin/../lib/gcc/arm-none-eabi/7.3.1/../../../../arm-none-eabi/lib/thumb/v7e-m/fpv4-sp/hard\libc_nano.a(lib_a-reent.o)
                0x20003ea0                errno
                0x20003ea4                . = ALIGN (0x4)
                0x20003ea4                __bss_end__ = .

.heap           0x20003ea8     0x2000
                0x20003ea8                __HeapBase = .
                0x20003ea8                __end__ = .
                0x20003ea8                PROVIDE (end = .)
 *(.heap*)
 .heap          0x20003ea8     0x2000 _build/nrf52832_xxaa/gcc_startup_nrf52.S.o
                0x20005ea8                __HeapLimit = .

.stack_dummy    0x20003ea8     0x2000
 *(.stack*)
 .stack         0x20003ea8     0x2000 _build/nrf52832_xxaa/gcc_startup_nrf52.S.o
                0x20010000                __StackTop = (ORIGIN (RAM) + LENGTH (RAM))
                0x2000e000                __StackLimit = (__StackTop - SIZEOF (.stack_dummy))
                0x20010000                PROVIDE (__stack = __StackTop)
                0x00000001                ASSERT ((__StackLimit >= __HeapLimit), region RAM overflowed with stack)
                0x00000228                DataInitFlashUsed = (__bss_start__ - __data_start__)
                0x0000951c                CodeFlashUsed = (__etext - ORIGIN (FLASH))
                0x00009744                TotalFlashUsed = (CodeFlashUsed + DataInitFlashUsed)
                0x00000001                ASSERT ((TotalFlashUsed <= LENGTH (FLASH)), region FLASH overflowed with .data and user data)
OUTPUT(_build/nrf52832_xxaa.out elf32-littlearm)

.ARM.attributes
                0x00000000       0x30
 .ARM.attributes
                0x00000000       0x22 c:/program files (x86)/gnu tools arm embedded/7 2018-q2-update/bin/../lib/gcc/arm-none-eabi/7.3.1/thumb/v7e-m/fpv4-sp/hard/crti.o
 .ARM.attributes
                0x00000022       0x34 c:/program files (x86)/gnu tools arm embedded/7 2018-q2-update/bin/../lib/gcc/arm-none-eabi/7.3.1/thumb/v7e-m/fpv4-sp/hard/crtbegin.o
 .ARM.attributes
                0x00000056       0x20 c:/program files (x86)/gnu tools arm embedded/7 2018-q2-update/bin/../lib/gcc/arm-none-eabi/7.3.1/../../../../arm-none-eabi/lib/thumb/v7e-m/fpv4-sp/hard/crt0.o
 .ARM.attributes
                0x00000076       0x20 _build/nrf52832_xxaa/gcc_startup_nrf52.S.o
 .ARM.attributes
                0x00000096       0x39 _build/nrf52832_xxaa/nrf_log_backend_rtt.c.o
 .ARM.attributes
                0x000000cf       0x39 _build/nrf52832_xxaa/nrf_log_backend_serial.c.o
 .ARM.attributes
                0x00000108       0x39 _build/nrf52832_xxaa/nrf_log_default_backends.c.o
 .ARM.attributes
                0x00000141       0x39 _build/nrf52832_xxaa/nrf_log_frontend.c.o
 .ARM.attributes
                0x0000017a       0x39 _build/nrf52832_xxaa/nrf_log_str_formatter.c.o
 .ARM.attributes
                0x000001b3       0x39 _build/nrf52832_xxaa/app_button.c.o
 .ARM.attributes
                0x000001ec       0x39 _build/nrf52832_xxaa/app_error.c.o
 .ARM.attributes
                0x00000225       0x39 _build/nrf52832_xxaa/app_error_weak.c.o
 .ARM.attributes
                0x0000025e       0x39 _build/nrf52832_xxaa/app_fifo.c.o
 .ARM.attributes
                0x00000297       0x39 _build/nrf52832_xxaa/app_timer.c.o
 .ARM.attributes
                0x000002d0       0x39 _build/nrf52832_xxaa/app_uart_fifo.c.o
 .ARM.attributes
                0x00000309       0x39 _build/nrf52832_xxaa/app_util_platform.c.o
 .ARM.attributes
                0x00000342       0x39 _build/nrf52832_xxaa/nrf_atflags.c.o
 .ARM.attributes
                0x0000037b       0x39 _build/nrf52832_xxaa/nrf_atomic.c.o
 .ARM.attributes
                0x000003b4       0x39 _build/nrf52832_xxaa/nrf_balloc.c.o
 .ARM.attributes
                0x000003ed       0x39 _build/nrf52832_xxaa/nrf_fprintf.c.o
 .ARM.attributes
                0x00000426       0x39 _build/nrf52832_xxaa/nrf_fprintf_format.c.o
 .ARM.attributes
                0x0000045f       0x39 _build/nrf52832_xxaa/nrf_memobj.c.o
 .ARM.attributes
                0x00000498       0x39 _build/nrf52832_xxaa/nrf_pwr_mgmt.c.o
 .ARM.attributes
                0x000004d1       0x39 _build/nrf52832_xxaa/nrf_ringbuf.c.o
 .ARM.attributes
                0x0000050a       0x39 _build/nrf52832_xxaa/nrf_section_iter.c.o
 .ARM.attributes
                0x00000543       0x39 _build/nrf52832_xxaa/nrf_strerror.c.o
 .ARM.attributes
                0x0000057c       0x39 _build/nrf52832_xxaa/retarget.c.o
 .ARM.attributes
                0x000005b5       0x39 _build/nrf52832_xxaa/system_nrf52.c.o
 .ARM.attributes
                0x000005ee       0x39 _build/nrf52832_xxaa/boards.c.o
 .ARM.attributes
                0x00000627       0x39 _build/nrf52832_xxaa/nrf_drv_clock.c.o
 .ARM.attributes
                0x00000660       0x39 _build/nrf52832_xxaa/nrf_drv_uart.c.o
 .ARM.attributes
                0x00000699       0x39 _build/nrf52832_xxaa/nrfx_clock.c.o
 .ARM.attributes
                0x000006d2       0x39 _build/nrf52832_xxaa/nrfx_gpiote.c.o
 .ARM.attributes
                0x0000070b       0x39 _build/nrf52832_xxaa/nrfx_prs.c.o
 .ARM.attributes
                0x00000744       0x39 _build/nrf52832_xxaa/nrfx_uart.c.o
 .ARM.attributes
                0x0000077d       0x39 _build/nrf52832_xxaa/nrfx_uarte.c.o
 .ARM.attributes
                0x000007b6       0x39 _build/nrf52832_xxaa/bsp.c.o
 .ARM.attributes
                0x000007ef       0x39 _build/nrf52832_xxaa/bsp_btn_ble.c.o
 .ARM.attributes
                0x00000828       0x39 _build/nrf52832_xxaa/main.c.o
 .ARM.attributes
                0x00000861       0x39 _build/nrf52832_xxaa/SEGGER_RTT.c.o
 .ARM.attributes
                0x0000089a       0x39 _build/nrf52832_xxaa/ble_advdata.c.o
 .ARM.attributes
                0x000008d3       0x39 _build/nrf52832_xxaa/ble_advertising.c.o
 .ARM.attributes
                0x0000090c       0x39 _build/nrf52832_xxaa/ble_conn_params.c.o
 .ARM.attributes
                0x00000945       0x39 _build/nrf52832_xxaa/ble_conn_state.c.o
 .ARM.attributes
                0x0000097e       0x39 _build/nrf52832_xxaa/ble_link_ctx_manager.c.o
 .ARM.attributes
                0x000009b7       0x39 _build/nrf52832_xxaa/ble_srv_common.c.o
 .ARM.attributes
                0x000009f0       0x39 _build/nrf52832_xxaa/nrf_ble_gatt.c.o
 .ARM.attributes
                0x00000a29       0x39 _build/nrf52832_xxaa/nrf_ble_qwr.c.o
 .ARM.attributes
                0x00000a62       0x39 _build/nrf52832_xxaa/ble_nus.c.o
 .ARM.attributes
                0x00000a9b       0x39 _build/nrf52832_xxaa/nrf_sdh.c.o
 .ARM.attributes
                0x00000ad4       0x39 _build/nrf52832_xxaa/nrf_sdh_ble.c.o
 .ARM.attributes
                0x00000b0d       0x39 _build/nrf52832_xxaa/nrf_sdh_soc.c.o
 .ARM.attributes
                0x00000b46       0x34 c:/program files (x86)/gnu tools arm embedded/7 2018-q2-update/bin/../lib/gcc/arm-none-eabi/7.3.1/../../../../arm-none-eabi/lib/thumb/v7e-m/fpv4-sp/hard\libc_nano.a(lib_a-exit.o)
 .ARM.attributes
                0x00000b7a       0x34 c:/program files (x86)/gnu tools arm embedded/7 2018-q2-update/bin/../lib/gcc/arm-none-eabi/7.3.1/../../../../arm-none-eabi/lib/thumb/v7e-m/fpv4-sp/hard\libc_nano.a(lib_a-impure.o)
 .ARM.attributes
                0x00000bae       0x34 c:/program files (x86)/gnu tools arm embedded/7 2018-q2-update/bin/../lib/gcc/arm-none-eabi/7.3.1/../../../../arm-none-eabi/lib/thumb/v7e-m/fpv4-sp/hard\libc_nano.a(lib_a-init.o)
 .ARM.attributes
                0x00000be2       0x34 c:/program files (x86)/gnu tools arm embedded/7 2018-q2-update/bin/../lib/gcc/arm-none-eabi/7.3.1/../../../../arm-none-eabi/lib/thumb/v7e-m/fpv4-sp/hard\libc_nano.a(lib_a-locale.o)
 .ARM.attributes
                0x00000c16       0x34 c:/program files (x86)/gnu tools arm embedded/7 2018-q2-update/bin/../lib/gcc/arm-none-eabi/7.3.1/../../../../arm-none-eabi/lib/thumb/v7e-m/fpv4-sp/hard\libc_nano.a(lib_a-mbtowc_r.o)
 .ARM.attributes
                0x00000c4a       0x34 c:/program files (x86)/gnu tools arm embedded/7 2018-q2-update/bin/../lib/gcc/arm-none-eabi/7.3.1/../../../../arm-none-eabi/lib/thumb/v7e-m/fpv4-sp/hard\libc_nano.a(lib_a-memcpy-stub.o)
 .ARM.attributes
                0x00000c7e       0x34 c:/program files (x86)/gnu tools arm embedded/7 2018-q2-update/bin/../lib/gcc/arm-none-eabi/7.3.1/../../../../arm-none-eabi/lib/thumb/v7e-m/fpv4-sp/hard\libc_nano.a(lib_a-memset.o)
 .ARM.attributes
                0x00000cb2       0x34 c:/program files (x86)/gnu tools arm embedded/7 2018-q2-update/bin/../lib/gcc/arm-none-eabi/7.3.1/../../../../arm-none-eabi/lib/thumb/v7e-m/fpv4-sp/hard\libc_nano.a(lib_a-printf.o)
 .ARM.attributes
                0x00000ce6       0x34 c:/program files (x86)/gnu tools arm embedded/7 2018-q2-update/bin/../lib/gcc/arm-none-eabi/7.3.1/../../../../arm-none-eabi/lib/thumb/v7e-m/fpv4-sp/hard\libc_nano.a(lib_a-strcpy.o)
 .ARM.attributes
                0x00000d1a       0x1b c:/program files (x86)/gnu tools arm embedded/7 2018-q2-update/bin/../lib/gcc/arm-none-eabi/7.3.1/../../../../arm-none-eabi/lib/thumb/v7e-m/fpv4-sp/hard\libc_nano.a(lib_a-strlen.o)
 .ARM.attributes
                0x00000d35       0x34 c:/program files (x86)/gnu tools arm embedded/7 2018-q2-update/bin/../lib/gcc/arm-none-eabi/7.3.1/../../../../arm-none-eabi/lib/thumb/v7e-m/fpv4-sp/hard\libc_nano.a(lib_a-wctomb_r.o)
 .ARM.attributes
                0x00000d69       0x34 c:/program files (x86)/gnu tools arm embedded/7 2018-q2-update/bin/../lib/gcc/arm-none-eabi/7.3.1/../../../../arm-none-eabi/lib/thumb/v7e-m/fpv4-sp/hard\libc_nano.a(lib_a-ctype_.o)
 .ARM.attributes
                0x00000d9d       0x34 c:/program files (x86)/gnu tools arm embedded/7 2018-q2-update/bin/../lib/gcc/arm-none-eabi/7.3.1/../../../../arm-none-eabi/lib/thumb/v7e-m/fpv4-sp/hard\libc_nano.a(lib_a-findfp.o)
 .ARM.attributes
                0x00000dd1       0x34 c:/program files (x86)/gnu tools arm embedded/7 2018-q2-update/bin/../lib/gcc/arm-none-eabi/7.3.1/../../../../arm-none-eabi/lib/thumb/v7e-m/fpv4-sp/hard\libc_nano.a(lib_a-fwalk.o)
 .ARM.attributes