Archive member included to satisfy reference by file (symbol)

c:/program files (x86)/gnu tools arm embedded/7 2018-q2-update/bin/../lib/gcc/arm-none-eabi/7.3.1/../../../../arm-none-eabi/lib/thumb/v7e-m/fpv4-sp/hard\libc_nano.a(lib_a-exit.o)
                              c:/program files (x86)/gnu tools arm embedded/7 2018-q2-update/bin/../lib/gcc/arm-none-eabi/7.3.1/../../../../arm-none-eabi/lib/thumb/v7e-m/fpv4-sp/hard/crt0.o (exit)
c:/program files (x86)/gnu tools arm embedded/7 2018-q2-update/bin/../lib/gcc/arm-none-eabi/7.3.1/../../../../arm-none-eabi/lib/thumb/v7e-m/fpv4-sp/hard\libc_nano.a(lib_a-impure.o)
                              c:/program files (x86)/gnu tools arm embedded/7 2018-q2-update/bin/../lib/gcc/arm-none-eabi/7.3.1/../../../../arm-none-eabi/lib/thumb/v7e-m/fpv4-sp/hard\libc_nano.a(lib_a-exit.o) (_global_impure_ptr)
c:/program files (x86)/gnu tools arm embedded/7 2018-q2-update/bin/../lib/gcc/arm-none-eabi/7.3.1/../../../../arm-none-eabi/lib/thumb/v7e-m/fpv4-sp/hard\libc_nano.a(lib_a-init.o)
                              c:/program files (x86)/gnu tools arm embedded/7 2018-q2-update/bin/../lib/gcc/arm-none-eabi/7.3.1/../../../../arm-none-eabi/lib/thumb/v7e-m/fpv4-sp/hard/crt0.o (__libc_init_array)
c:/program files (x86)/gnu tools arm embedded/7 2018-q2-update/bin/../lib/gcc/arm-none-eabi/7.3.1/../../../../arm-none-eabi/lib/thumb/v7e-m/fpv4-sp/hard\libc_nano.a(lib_a-locale.o)
                              _build/nrf52832_xxaa/nrf_log_str_formatter.c.o (__locale_ctype_ptr)
c:/program files (x86)/gnu tools arm embedded/7 2018-q2-update/bin/../lib/gcc/arm-none-eabi/7.3.1/../../../../arm-none-eabi/lib/thumb/v7e-m/fpv4-sp/hard\libc_nano.a(lib_a-mbtowc_r.o)
                              c:/program files (x86)/gnu tools arm embedded/7 2018-q2-update/bin/../lib/gcc/arm-none-eabi/7.3.1/../../../../arm-none-eabi/lib/thumb/v7e-m/fpv4-sp/hard\libc_nano.a(lib_a-locale.o) (__ascii_mbtowc)
c:/program files (x86)/gnu tools arm embedded/7 2018-q2-update/bin/../lib/gcc/arm-none-eabi/7.3.1/../../../../arm-none-eabi/lib/thumb/v7e-m/fpv4-sp/hard\libc_nano.a(lib_a-memcmp.o)
                              _build/nrf52832_xxaa/ble_advdata.c.o (memcmp)
c:/program files (x86)/gnu tools arm embedded/7 2018-q2-update/bin/../lib/gcc/arm-none-eabi/7.3.1/../../../../arm-none-eabi/lib/thumb/v7e-m/fpv4-sp/hard\libc_nano.a(lib_a-memcpy-stub.o)
                              _build/nrf52832_xxaa/nrf_log_frontend.c.o (memcpy)
c:/program files (x86)/gnu tools arm embedded/7 2018-q2-update/bin/../lib/gcc/arm-none-eabi/7.3.1/../../../../arm-none-eabi/lib/thumb/v7e-m/fpv4-sp/hard\libc_nano.a(lib_a-memset.o)
                              c:/program files (x86)/gnu tools arm embedded/7 2018-q2-update/bin/../lib/gcc/arm-none-eabi/7.3.1/../../../../arm-none-eabi/lib/thumb/v7e-m/fpv4-sp/hard/crt0.o (memset)
c:/program files (x86)/gnu tools arm embedded/7 2018-q2-update/bin/../lib/gcc/arm-none-eabi/7.3.1/../../../../arm-none-eabi/lib/thumb/v7e-m/fpv4-sp/hard\libc_nano.a(lib_a-strcmp.o)
                              c:/program files (x86)/gnu tools arm embedded/7 2018-q2-update/bin/../lib/gcc/arm-none-eabi/7.3.1/../../../../arm-none-eabi/lib/thumb/v7e-m/fpv4-sp/hard\libc_nano.a(lib_a-locale.o) (strcmp)
c:/program files (x86)/gnu tools arm embedded/7 2018-q2-update/bin/../lib/gcc/arm-none-eabi/7.3.1/../../../../arm-none-eabi/lib/thumb/v7e-m/fpv4-sp/hard\libc_nano.a(lib_a-strcpy.o)
                              _build/nrf52832_xxaa/SEGGER_RTT.c.o (strcpy)
c:/program files (x86)/gnu tools arm embedded/7 2018-q2-update/bin/../lib/gcc/arm-none-eabi/7.3.1/../../../../arm-none-eabi/lib/thumb/v7e-m/fpv4-sp/hard\libc_nano.a(lib_a-strlen.o)
                              _build/nrf52832_xxaa/nrf_log_frontend.c.o (strlen)
c:/program files (x86)/gnu tools arm embedded/7 2018-q2-update/bin/../lib/gcc/arm-none-eabi/7.3.1/../../../../arm-none-eabi/lib/thumb/v7e-m/fpv4-sp/hard\libc_nano.a(lib_a-wctomb_r.o)
                              c:/program files (x86)/gnu tools arm embedded/7 2018-q2-update/bin/../lib/gcc/arm-none-eabi/7.3.1/../../../../arm-none-eabi/lib/thumb/v7e-m/fpv4-sp/hard\libc_nano.a(lib_a-locale.o) (__ascii_wctomb)
c:/program files (x86)/gnu tools arm embedded/7 2018-q2-update/bin/../lib/gcc/arm-none-eabi/7.3.1/../../../../arm-none-eabi/lib/thumb/v7e-m/fpv4-sp/hard\libc_nano.a(lib_a-ctype_.o)
                              c:/program files (x86)/gnu tools arm embedded/7 2018-q2-update/bin/../lib/gcc/arm-none-eabi/7.3.1/../../../../arm-none-eabi/lib/thumb/v7e-m/fpv4-sp/hard\libc_nano.a(lib_a-locale.o) (_ctype_)
c:/program files (x86)/gnu tools arm embedded/7 2018-q2-update/bin/../lib/gcc/arm-none-eabi/7.3.1/../../../../arm-none-eabi/lib/thumb/v7e-m/fpv4-sp/hard\libnosys.a(_exit.o)
                              c:/program files (x86)/gnu tools arm embedded/7 2018-q2-update/bin/../lib/gcc/arm-none-eabi/7.3.1/../../../../arm-none-eabi/lib/thumb/v7e-m/fpv4-sp/hard\libc_nano.a(lib_a-exit.o) (_exit)

Allocating common symbols
[...]
Memory Configuration

Name             Origin             Length             Attributes
FLASH            0x00026000         0x0005a000         xr
RAM              0x200022b8         0x0000dd48         xrw
*default*        0x00000000         0xffffffff

Linker script and memory map


.text           0x00026000     0x6614
 *(.isr_vector)
 .isr_vector    0x00026000      0x200 _build/nrf52832_xxaa/gcc_startup_nrf52.S.o
                0x00026000                __isr_vector
 *(.text*)
 .text          0x00026200       0x40 c:/program files (x86)/gnu tools arm embedded/7 2018-q2-update/bin/../lib/gcc/arm-none-eabi/7.3.1/thumb/v7e-m/fpv4-sp/hard/crtbegin.o
 .text          0x00026240       0x74 c:/program files (x86)/gnu tools arm embedded/7 2018-q2-update/bin/../lib/gcc/arm-none-eabi/7.3.1/../../../../arm-none-eabi/lib/thumb/v7e-m/fpv4-sp/hard/crt0.o
                0x00026240                _start
                0x00026240                _mainCRTStartup
 .text          0x000262b4       0x3c _build/nrf52832_xxaa/gcc_startup_nrf52.S.o
                0x000262b4                Reset_Handler
                0x000262dc                NMI_Handler
                0x000262de                HardFault_Handler
                0x000262e0                MemoryManagement_Handler
                0x000262e2                BusFault_Handler
                0x000262e4                UsageFault_Handler
                0x000262e6                SVC_Handler
                0x000262e8                DebugMon_Handler
                0x000262ea                PendSV_Handler
                0x000262ec                SysTick_Handler
                0x000262ee                TEMP_IRQHandler
                0x000262ee                QDEC_IRQHandler
                0x000262ee                TIMER3_IRQHandler
                0x000262ee                FPU_IRQHandler
                0x000262ee                SPIM0_SPIS0_TWIM0_TWIS0_SPI0_TWI0_IRQHandler
                0x000262ee                PDM_IRQHandler
                0x000262ee                TIMER4_IRQHandler
                0x000262ee                I2S_IRQHandler
                0x000262ee                SWI4_EGU4_IRQHandler
                0x000262ee                TIMER0_IRQHandler
                0x000262ee                RADIO_IRQHandler
                0x000262ee                RTC0_IRQHandler
                0x000262ee                PWM2_IRQHandler
                0x000262ee                ECB_IRQHandler
                0x000262ee                SPIM1_SPIS1_TWIM1_TWIS1_SPI1_TWI1_IRQHandler
                0x000262ee                Default_Handler
                0x000262ee                SAADC_IRQHandler
                0x000262ee                CCM_AAR_IRQHandler
                0x000262ee                WDT_IRQHandler
                0x000262ee                PWM1_IRQHandler
                0x000262ee                SWI5_EGU5_IRQHandler
                0x000262ee                RNG_IRQHandler
                0x000262ee                RTC2_IRQHandler
                0x000262ee                PWM0_IRQHandler
                0x000262ee                SWI3_EGU3_IRQHandler
                0x000262ee                SWI1_EGU1_IRQHandler
                0x000262ee                SPIM2_SPIS2_SPI2_IRQHandler
                0x000262ee                NFCT_IRQHandler
                0x000262ee                TIMER1_IRQHandler
                0x000262ee                MWU_IRQHandler
                0x000262ee                TIMER2_IRQHandler
                0x000262ee                COMP_LPCOMP_IRQHandler
 .text.nrf_log_backend_serial_put
                0x000262f0       0xd4 _build/nrf52832_xxaa/nrf_log_backend_serial.c.o
                0x000262f0                nrf_log_backend_serial_put
 .text.uart_evt_handler
                0x000263c4        0xc _build/nrf52832_xxaa/nrf_log_backend_uart.c.o
 .text.nrf_log_backend_uart_flush
                0x000263d0        0x4 _build/nrf52832_xxaa/nrf_log_backend_uart.c.o
 .text.nrf_log_backend_uart_put
                0x000263d4       0x20 _build/nrf52832_xxaa/nrf_log_backend_uart.c.o
 .text.serial_tx
                0x000263f4       0x4c _build/nrf52832_xxaa/nrf_log_backend_uart.c.o
 .text.nrf_log_backend_uart_panic_set
                0x00026440       0x60 _build/nrf52832_xxaa/nrf_log_backend_uart.c.o
 .text.nrf_log_backend_uart_init
                0x000264a0       0x48 _build/nrf52832_xxaa/nrf_log_backend_uart.c.o
                0x000264a0                nrf_log_backend_uart_init
 .text.nrf_log_default_backends_init
                0x000264e8       0x20 _build/nrf52832_xxaa/nrf_log_default_backends.c.o
                0x000264e8                nrf_log_default_backends_init
 .text.log_skip
                0x00026508       0xd4 _build/nrf52832_xxaa/nrf_log_frontend.c.o
 .text.nrf_log_init
                0x000265dc       0x3c _build/nrf52832_xxaa/nrf_log_frontend.c.o
                0x000265dc                nrf_log_init
 .text.nrf_log_module_name_get
                0x00026618       0x58 _build/nrf52832_xxaa/nrf_log_frontend.c.o
                0x00026618                nrf_log_module_name_get
 .text.nrf_log_color_id_get
                0x00026670       0x2c _build/nrf52832_xxaa/nrf_log_frontend.c.o
                0x00026670                nrf_log_color_id_get
 .text.nrf_log_frontend_std_0
                0x0002669c       0xf0 _build/nrf52832_xxaa/nrf_log_frontend.c.o
                0x0002669c                nrf_log_frontend_std_0
 .text.nrf_log_frontend_dequeue.part.6
                0x0002678c      0x26c _build/nrf52832_xxaa/nrf_log_frontend.c.o
 .text.nrf_log_frontend_std_1
                0x000269f8      0x100 _build/nrf52832_xxaa/nrf_log_frontend.c.o
                0x000269f8                nrf_log_frontend_std_1
 .text.nrf_log_frontend_std_2
                0x00026af8      0x104 _build/nrf52832_xxaa/nrf_log_frontend.c.o
                0x00026af8                nrf_log_frontend_std_2
 .text.nrf_log_frontend_dequeue
                0x00026bfc       0x18 _build/nrf52832_xxaa/nrf_log_frontend.c.o
                0x00026bfc                nrf_log_frontend_dequeue
 .text.nrf_log_backend_add
                0x00026c14       0x68 _build/nrf52832_xxaa/nrf_log_frontend.c.o
                0x00026c14                nrf_log_backend_add
 .text.nrf_log_panic
                0x00026c7c       0x2c _build/nrf52832_xxaa/nrf_log_frontend.c.o
                0x00026c7c                nrf_log_panic
 .text.nrf_log_std_entry_process
                0x00026ca8      0x14c _build/nrf52832_xxaa/nrf_log_str_formatter.c.o
                0x00026ca8                nrf_log_std_entry_process
 .text.nrf_log_hexdump_entry_process
                0x00026df4      0x160 _build/nrf52832_xxaa/nrf_log_str_formatter.c.o
                0x00026df4                nrf_log_hexdump_entry_process
 .text.detection_delay_timeout_handler
                0x00026f54      0x120 _build/nrf52832_xxaa/app_button.c.o
 .text.gpiote_event_handler
                0x00027074       0xa8 _build/nrf52832_xxaa/app_button.c.o
 .text.app_button_init
                0x0002711c       0xb0 _build/nrf52832_xxaa/app_button.c.o
                0x0002711c                app_button_init
 .text.app_button_enable
                0x000271cc       0x2c _build/nrf52832_xxaa/app_button.c.o
                0x000271cc                app_button_enable
 .text.app_button_disable
                0x000271f8       0x34 _build/nrf52832_xxaa/app_button.c.o
                0x000271f8                app_button_disable
 .text.app_error_handler_bare
                0x0002722c       0x20 _build/nrf52832_xxaa/app_error.c.o
                0x0002722c                app_error_handler_bare
 .text.app_error_fault_handler
                0x0002724c       0x70 _build/nrf52832_xxaa/app_error_weak.c.o
                0x0002724c                app_error_fault_handler
 .text.RTC1_IRQHandler
                0x000272bc       0xa0 _build/nrf52832_xxaa/app_timer.c.o
                0x000272bc                RTC1_IRQHandler
 .text.SWI0_EGU0_IRQHandler
                0x0002735c      0x394 _build/nrf52832_xxaa/app_timer.c.o
                0x0002735c                SWI0_EGU0_IRQHandler
 .text.app_timer_init
                0x000276f0       0xa8 _build/nrf52832_xxaa/app_timer.c.o
                0x000276f0                app_timer_init
 .text.app_timer_create
                0x00027798       0x24 _build/nrf52832_xxaa/app_timer.c.o
                0x00027798                app_timer_create
 .text.app_timer_start
                0x000277bc       0xac _build/nrf52832_xxaa/app_timer.c.o
                0x000277bc                app_timer_start
 .text.app_timer_stop
                0x00027868       0x74 _build/nrf52832_xxaa/app_timer.c.o
                0x00027868                app_timer_stop
 .text.app_util_critical_region_enter
                0x000278dc       0x4c _build/nrf52832_xxaa/app_util_platform.c.o
                0x000278dc                app_util_critical_region_enter
 .text.app_util_critical_region_exit
                0x00027928       0x30 _build/nrf52832_xxaa/app_util_platform.c.o
                0x00027928                app_util_critical_region_exit
 .text.nrf_atflags_set
                0x00027958       0x14 _build/nrf52832_xxaa/nrf_atflags.c.o
                0x00027958                nrf_atflags_set
 .text.nrf_atflags_clear
                0x0002796c       0x14 _build/nrf52832_xxaa/nrf_atflags.c.o
                0x0002796c                nrf_atflags_clear
 .text.nrf_atflags_get
                0x00027980       0x14 _build/nrf52832_xxaa/nrf_atflags.c.o
                0x00027980                nrf_atflags_get
 .text.nrf_atomic_u32_fetch_store
                0x00027994       0x14 _build/nrf52832_xxaa/nrf_atomic.c.o
                0x00027994                nrf_atomic_u32_fetch_store
 .text.nrf_atomic_u32_or
                0x000279a8       0x18 _build/nrf52832_xxaa/nrf_atomic.c.o
                0x000279a8                nrf_atomic_u32_or
 .text.nrf_atomic_u32_and
                0x000279c0       0x18 _build/nrf52832_xxaa/nrf_atomic.c.o
                0x000279c0                nrf_atomic_u32_and
 .text.nrf_atomic_u32_add
                0x000279d8       0x18 _build/nrf52832_xxaa/nrf_atomic.c.o
                0x000279d8                nrf_atomic_u32_add
 .text.nrf_atomic_u32_sub
                0x000279f0       0x18 _build/nrf52832_xxaa/nrf_atomic.c.o
                0x000279f0                nrf_atomic_u32_sub
 .text.nrf_atomic_flag_set
                0x00027a08       0x18 _build/nrf52832_xxaa/nrf_atomic.c.o
                0x00027a08                nrf_atomic_flag_set
 .text.nrf_atomic_flag_clear_fetch
                0x00027a20       0x18 _build/nrf52832_xxaa/nrf_atomic.c.o
                0x00027a20                nrf_atomic_flag_clear_fetch
 .text.nrf_balloc_init
                0x00027a38       0x38 _build/nrf52832_xxaa/nrf_balloc.c.o
                0x00027a38                nrf_balloc_init
 .text.nrf_balloc_alloc
                0x00027a70       0x50 _build/nrf52832_xxaa/nrf_balloc.c.o
                0x00027a70                nrf_balloc_alloc
 .text.nrf_balloc_free
                0x00027ac0       0x38 _build/nrf52832_xxaa/nrf_balloc.c.o
                0x00027ac0                nrf_balloc_free
 .text.nrf_fprintf_buffer_flush
                0x00027af8       0x18 _build/nrf52832_xxaa/nrf_fprintf.c.o
                0x00027af8                nrf_fprintf_buffer_flush
 .text.nrf_fprintf
                0x00027b10       0x20 _build/nrf52832_xxaa/nrf_fprintf.c.o
                0x00027b10                nrf_fprintf
 .text.unsigned_print
                0x00027b30      0x148 _build/nrf52832_xxaa/nrf_fprintf_format.c.o
 .text.nrf_fprintf_fmt
                0x00027c78      0x6e4 _build/nrf52832_xxaa/nrf_fprintf_format.c.o
                0x00027c78                nrf_fprintf_fmt
 .text.nrf_memobj_pool_init
                0x0002835c        0x4 _build/nrf52832_xxaa/nrf_memobj.c.o
                0x0002835c                nrf_memobj_pool_init
 .text.nrf_memobj_alloc
                0x00028360       0x84 _build/nrf52832_xxaa/nrf_memobj.c.o
                0x00028360                nrf_memobj_alloc
 .text.nrf_memobj_get
                0x000283e4        0x8 _build/nrf52832_xxaa/nrf_memobj.c.o
                0x000283e4                nrf_memobj_get
 .text.nrf_memobj_put
                0x000283ec       0x44 _build/nrf52832_xxaa/nrf_memobj.c.o
                0x000283ec                nrf_memobj_put
 .text.nrf_memobj_write
                0x00028430       0x68 _build/nrf52832_xxaa/nrf_memobj.c.o
                0x00028430                nrf_memobj_write
 .text.nrf_memobj_read
                0x00028498       0x68 _build/nrf52832_xxaa/nrf_memobj.c.o
                0x00028498                nrf_memobj_read
 .text.sd_app_evt_wait
                0x00028500        0x4 _build/nrf52832_xxaa/nrf_pwr_mgmt.c.o
 .text.nrf_pwr_mgmt_init
                0x00028504       0x2c _build/nrf52832_xxaa/nrf_pwr_mgmt.c.o
                0x00028504                nrf_pwr_mgmt_init
 .text.nrf_pwr_mgmt_run
                0x00028530       0x50 _build/nrf52832_xxaa/nrf_pwr_mgmt.c.o
                0x00028530                nrf_pwr_mgmt_run
 .text.nrf_ringbuf_init
                0x00028580       0x1c _build/nrf52832_xxaa/nrf_ringbuf.c.o
                0x00028580                nrf_ringbuf_init
 .text.nrf_section_iter_init
                0x0002859c       0x14 _build/nrf52832_xxaa/nrf_section_iter.c.o
                0x0002859c                nrf_section_iter_init
 .text.nrf_section_iter_next
                0x000285b0       0x18 _build/nrf52832_xxaa/nrf_section_iter.c.o
                0x000285b0                nrf_section_iter_next
 .text.nrf_strerror_get
                0x000285c8       0x6c _build/nrf52832_xxaa/nrf_strerror.c.o
                0x000285c8                nrf_strerror_get
 .text.SystemInit
                0x00028634      0x3c0 _build/nrf52832_xxaa/system_nrf52.c.o
                0x00028634                SystemInit
 .text.bsp_board_led_on
                0x000289f4       0x18 _build/nrf52832_xxaa/boards.c.o
                0x000289f4                bsp_board_led_on
 .text.bsp_board_led_off
                0x00028a0c       0x18 _build/nrf52832_xxaa/boards.c.o
                0x00028a0c                bsp_board_led_off
 .text.bsp_board_init
                0x00028a24       0x5c _build/nrf52832_xxaa/boards.c.o
                0x00028a24                bsp_board_init
 .text.clock_irq_handler
                0x00028a80       0x44 _build/nrf52832_xxaa/nrf_drv_clock.c.o
 .text.soc_evt_handler
                0x00028ac4       0x28 _build/nrf52832_xxaa/nrf_drv_clock.c.o
 .text.sd_state_evt_handler
                0x00028aec       0xa0 _build/nrf52832_xxaa/nrf_drv_clock.c.o
 .text.uarte_evt_handler
                0x00028b8c       0x34 _build/nrf52832_xxaa/nrf_drv_uart.c.o
 .text.uart_evt_handler
                0x00028bc0       0x34 _build/nrf52832_xxaa/nrf_drv_uart.c.o
 .text.nrf_drv_uart_init
                0x00028bf4       0x80 _build/nrf52832_xxaa/nrf_drv_uart.c.o
                0x00028bf4                nrf_drv_uart_init
 .text.nrfx_clock_init
                0x00028c74       0x1c _build/nrf52832_xxaa/nrfx_clock.c.o
                0x00028c74                nrfx_clock_init
 .text.nrfx_clock_enable
                0x00028c90       0x24 _build/nrf52832_xxaa/nrfx_clock.c.o
                0x00028c90                nrfx_clock_enable
 .text.nrfx_clock_lfclk_stop
                0x00028cb4       0x18 _build/nrf52832_xxaa/nrfx_clock.c.o
                0x00028cb4                nrfx_clock_lfclk_stop
 .text.POWER_CLOCK_IRQHandler
                0x00028ccc       0x64 _build/nrf52832_xxaa/nrfx_clock.c.o
                0x00028ccc                POWER_CLOCK_IRQHandler
 .text.nrfx_gpiote_init
                0x00028d30       0x88 _build/nrf52832_xxaa/nrfx_gpiote.c.o
                0x00028d30                nrfx_gpiote_init
 .text.nrfx_gpiote_is_init
                0x00028db8       0x14 _build/nrf52832_xxaa/nrfx_gpiote.c.o
                0x00028db8                nrfx_gpiote_is_init
 .text.nrfx_gpiote_in_init
                0x00028dcc      0x1bc _build/nrf52832_xxaa/nrfx_gpiote.c.o
                0x00028dcc                nrfx_gpiote_in_init
 .text.nrfx_gpiote_in_event_enable
                0x00028f88       0xc4 _build/nrf52832_xxaa/nrfx_gpiote.c.o
                0x00028f88                nrfx_gpiote_in_event_enable
 .text.nrfx_gpiote_in_event_disable
                0x0002904c       0x64 _build/nrf52832_xxaa/nrfx_gpiote.c.o
                0x0002904c                nrfx_gpiote_in_event_disable
 .text.nrfx_gpiote_in_is_set
                0x000290b0       0x14 _build/nrf52832_xxaa/nrfx_gpiote.c.o
                0x000290b0                nrfx_gpiote_in_is_set
 .text.GPIOTE_IRQHandler
                0x000290c4      0x548 _build/nrf52832_xxaa/nrfx_gpiote.c.o
                0x000290c4                GPIOTE_IRQHandler
 .text.UARTE0_UART0_IRQHandler
                0x0002960c        0xc _build/nrf52832_xxaa/nrfx_prs.c.o
                0x0002960c                UARTE0_UART0_IRQHandler
 .text.nrfx_prs_acquire
                0x00029618       0x4c _build/nrf52832_xxaa/nrfx_prs.c.o
                0x00029618                nrfx_prs_acquire
 .text.nrfx_prs_release
                0x00029664       0x18 _build/nrf52832_xxaa/nrfx_prs.c.o
                0x00029664                nrfx_prs_release
 .text.nrfx_uart_0_irq_handler
                0x0002967c      0x1bc _build/nrf52832_xxaa/nrfx_uart.c.o
                0x0002967c                nrfx_uart_0_irq_handler
 .text.nrfx_uart_init
                0x00029838      0x194 _build/nrf52832_xxaa/nrfx_uart.c.o
                0x00029838                nrfx_uart_init
 .text.nrfx_uart_uninit
                0x000299cc       0xcc _build/nrf52832_xxaa/nrfx_uart.c.o
                0x000299cc                nrfx_uart_uninit
 .text.nrfx_uart_tx
                0x00029a98       0xcc _build/nrf52832_xxaa/nrfx_uart.c.o
                0x00029a98                nrfx_uart_tx
 .text.nrfx_uarte_0_irq_handler
                0x00029b64      0x11c _build/nrf52832_xxaa/nrfx_uarte.c.o
                0x00029b64                nrfx_uarte_0_irq_handler
 .text.nrfx_uarte_init
                0x00029c80      0x1b8 _build/nrf52832_xxaa/nrfx_uarte.c.o
                0x00029c80                nrfx_uarte_init
 .text.nrfx_uarte_uninit
                0x00029e38       0xd0 _build/nrf52832_xxaa/nrfx_uarte.c.o
                0x00029e38                nrfx_uarte_uninit
 .text.nrfx_uarte_tx
                0x00029f08       0xa4 _build/nrf52832_xxaa/nrfx_uarte.c.o
                0x00029f08                nrfx_uarte_tx
 .text.sd_ble_gap_adv_set_configure
                0x00029fac        0x4 _build/nrf52832_xxaa/main.c.o
 .text.sd_ble_gap_adv_start
                0x00029fb0        0x4 _build/nrf52832_xxaa/main.c.o
 .text.sd_ble_gap_disconnect
                0x00029fb4        0x4 _build/nrf52832_xxaa/main.c.o
 .text.sd_ble_gap_ppcp_set
                0x00029fb8        0x4 _build/nrf52832_xxaa/main.c.o
 .text.sd_ble_gap_device_name_set
                0x00029fbc        0x4 _build/nrf52832_xxaa/main.c.o
 .text.sd_ble_gap_sec_params_reply
                0x00029fc0        0x4 _build/nrf52832_xxaa/main.c.o
 .text.sd_ble_gap_phy_update
                0x00029fc4        0x4 _build/nrf52832_xxaa/main.c.o
 .text.sd_ble_gatts_sys_attr_set
                0x00029fc8        0x4 _build/nrf52832_xxaa/main.c.o
 .text.nrf_qwr_error_handler
                0x00029fcc        0x4 _build/nrf52832_xxaa/main.c.o
 .text.on_conn_params_evt
                0x00029fd0       0x24 _build/nrf52832_xxaa/main.c.o
 .text.button_event_handler
                0x00029ff4       0x60 _build/nrf52832_xxaa/main.c.o
 .text.led_write_handler
                0x0002a054       0x44 _build/nrf52832_xxaa/main.c.o
 .text.conn_params_error_handler
                0x0002a098        0x4 _build/nrf52832_xxaa/main.c.o
 .text.ble_evt_handler
                0x0002a09c      0x14c _build/nrf52832_xxaa/main.c.o
 .text.startup.main
                0x0002a1e8      0x230 _build/nrf52832_xxaa/main.c.o
                0x0002a1e8                main
 .text.sd_ble_gap_addr_get
                0x0002a418        0x4 _build/nrf52832_xxaa/ble_advdata.c.o
 .text.sd_ble_gap_appearance_get
                0x0002a41c        0x4 _build/nrf52832_xxaa/ble_advdata.c.o
 .text.sd_ble_gap_device_name_get
                0x0002a420        0x4 _build/nrf52832_xxaa/ble_advdata.c.o
 .text.sd_ble_uuid_encode
                0x0002a424        0x4 _build/nrf52832_xxaa/ble_advdata.c.o
 .text.uuid_list_sized_encode
                0x0002a428       0xb4 _build/nrf52832_xxaa/ble_advdata.c.o
 .text.ble_advdata_encode
                0x0002a4dc      0x3fc _build/nrf52832_xxaa/ble_advdata.c.o
                0x0002a4dc                ble_advdata_encode
 .text.sd_ble_gap_conn_param_update
                0x0002a8d8        0x4 _build/nrf52832_xxaa/ble_conn_params.c.o
 .text.sd_ble_gap_disconnect
                0x0002a8dc        0x4 _build/nrf52832_xxaa/ble_conn_params.c.o
 .text.sd_ble_gap_ppcp_set
                0x0002a8e0        0x4 _build/nrf52832_xxaa/ble_conn_params.c.o
 .text.sd_ble_gap_ppcp_get
                0x0002a8e4        0x4 _build/nrf52832_xxaa/ble_conn_params.c.o
 .text.update_timeout_handler
                0x0002a8e8       0x80 _build/nrf52832_xxaa/ble_conn_params.c.o
 .text.ble_evt_handler
                0x0002a968      0x1d4 _build/nrf52832_xxaa/ble_conn_params.c.o
 .text.ble_conn_params_init
                0x0002ab3c       0x7c _build/nrf52832_xxaa/ble_conn_params.c.o
                0x0002ab3c                ble_conn_params_init
 .text.ble_evt_handler
                0x0002abb8      0x124 _build/nrf52832_xxaa/ble_conn_state.c.o
 .text.sd_ble_gatts_characteristic_add
                0x0002acdc        0x4 _build/nrf52832_xxaa/ble_srv_common.c.o
 .text.ble_srv_is_notification_enabled
                0x0002ace0        0x8 _build/nrf52832_xxaa/ble_srv_common.c.o
                0x0002ace0                ble_srv_is_notification_enabled
 .text.characteristic_add
                0x0002ace8      0x270 _build/nrf52832_xxaa/ble_srv_common.c.o
                0x0002ace8                characteristic_add
 .text.sd_ble_gap_data_length_update
                0x0002af58        0x4 _build/nrf52832_xxaa/nrf_ble_gatt.c.o
 .text.sd_ble_gattc_exchange_mtu_request
                0x0002af5c        0x4 _build/nrf52832_xxaa/nrf_ble_gatt.c.o
 .text.sd_ble_gatts_exchange_mtu_reply
                0x0002af60        0x4 _build/nrf52832_xxaa/nrf_ble_gatt.c.o
 .text.nrf_ble_gatt_init
                0x0002af64       0x2c _build/nrf52832_xxaa/nrf_ble_gatt.c.o
                0x0002af64                nrf_ble_gatt_init
 .text.nrf_ble_gatt_on_ble_evt
                0x0002af90      0x240 _build/nrf52832_xxaa/nrf_ble_gatt.c.o
                0x0002af90                nrf_ble_gatt_on_ble_evt
 .text.sd_ble_gatts_rw_authorize_reply
                0x0002b1d0        0x4 _build/nrf52832_xxaa/nrf_ble_qwr.c.o
 .text.sd_ble_user_mem_reply
                0x0002b1d4        0x4 _build/nrf52832_xxaa/nrf_ble_qwr.c.o
 .text.nrf_ble_qwr_init
                0x0002b1d8       0x24 _build/nrf52832_xxaa/nrf_ble_qwr.c.o
                0x0002b1d8                nrf_ble_qwr_init
 .text.nrf_ble_qwr_conn_handle_assign
                0x0002b1fc       0x18 _build/nrf52832_xxaa/nrf_ble_qwr.c.o
                0x0002b1fc                nrf_ble_qwr_conn_handle_assign
 .text.nrf_ble_qwr_on_ble_evt
                0x0002b214       0xf8 _build/nrf52832_xxaa/nrf_ble_qwr.c.o
                0x0002b214                nrf_ble_qwr_on_ble_evt
 .text.sd_ble_gatts_service_add
                0x0002b30c        0x4 _build/nrf52832_xxaa/ble_lbs.c.o
 .text.sd_ble_gatts_hvx
                0x0002b310        0x4 _build/nrf52832_xxaa/ble_lbs.c.o
 .text.sd_ble_uuid_vs_add
                0x0002b314        0x4 _build/nrf52832_xxaa/ble_lbs.c.o
 .text.ble_lbs_on_ble_evt
                0x0002b318       0x30 _build/nrf52832_xxaa/ble_lbs.c.o
                0x0002b318                ble_lbs_on_ble_evt
 .text.ble_lbs_init
                0x0002b348       0xc4 _build/nrf52832_xxaa/ble_lbs.c.o
                0x0002b348                ble_lbs_init
 .text.ble_lbs_on_button_change
                0x0002b40c       0x40 _build/nrf52832_xxaa/ble_lbs.c.o
                0x0002b40c                ble_lbs_on_button_change
 .text.sd_softdevice_enable
                0x0002b44c        0x4 _build/nrf52832_xxaa/nrf_sdh.c.o
 .text.nrf_sdh_enable_request
                0x0002b450      0x114 _build/nrf52832_xxaa/nrf_sdh.c.o
                0x0002b450                nrf_sdh_enable_request
 .text.nrf_sdh_is_enabled
                0x0002b564        0xc _build/nrf52832_xxaa/nrf_sdh.c.o
                0x0002b564                nrf_sdh_is_enabled
 .text.SWI2_EGU2_IRQHandler
                0x0002b570       0x2c _build/nrf52832_xxaa/nrf_sdh.c.o
                0x0002b570                SWI2_EGU2_IRQHandler
 .text.sd_ble_enable
                0x0002b59c        0x4 _build/nrf52832_xxaa/nrf_sdh_ble.c.o
 .text.sd_ble_cfg_set
                0x0002b5a0        0x4 _build/nrf52832_xxaa/nrf_sdh_ble.c.o
 .text.sd_ble_evt_get
                0x0002b5a4        0x4 _build/nrf52832_xxaa/nrf_sdh_ble.c.o
 .text.nrf_sdh_ble_evts_poll
                0x0002b5a8       0x58 _build/nrf52832_xxaa/nrf_sdh_ble.c.o
 .text.nrf_sdh_ble_default_cfg_set
                0x0002b600      0x178 _build/nrf52832_xxaa/nrf_sdh_ble.c.o
                0x0002b600                nrf_sdh_ble_default_cfg_set
 .text.nrf_sdh_ble_enable
                0x0002b778       0x9c _build/nrf52832_xxaa/nrf_sdh_ble.c.o
                0x0002b778                nrf_sdh_ble_enable
 .text.sd_evt_get
                0x0002b814        0x4 _build/nrf52832_xxaa/nrf_sdh_soc.c.o
 .text.nrf_sdh_soc_evts_poll
                0x0002b818       0x4c _build/nrf52832_xxaa/nrf_sdh_soc.c.o
 .text.exit     0x0002b864       0x28 c:/program files (x86)/gnu tools arm embedded/7 2018-q2-update/bin/../lib/gcc/arm-none-eabi/7.3.1/../../../../arm-none-eabi/lib/thumb/v7e-m/fpv4-sp/hard\libc_nano.a(lib_a-exit.o)
                0x0002b864                exit
 .text.__libc_init_array
                0x0002b88c       0x48 c:/program files (x86)/gnu tools arm embedded/7 2018-q2-update/bin/../lib/gcc/arm-none-eabi/7.3.1/../../../../arm-none-eabi/lib/thumb/v7e-m/fpv4-sp/hard\libc_nano.a(lib_a-init.o)
                0x0002b88c                __libc_init_array
 .text.__locale_ctype_ptr
                0x0002b8d4       0x1c c:/program files (x86)/gnu tools arm embedded/7 2018-q2-update/bin/../lib/gcc/arm-none-eabi/7.3.1/../../../../arm-none-eabi/lib/thumb/v7e-m/fpv4-sp/hard\libc_nano.a(lib_a-locale.o)
                0x0002b8d4                __locale_ctype_ptr
 .text.__ascii_mbtowc
                0x0002b8f0       0x24 c:/program files (x86)/gnu tools arm embedded/7 2018-q2-update/bin/../lib/gcc/arm-none-eabi/7.3.1/../../../../arm-none-eabi/lib/thumb/v7e-m/fpv4-sp/hard\libc_nano.a(lib_a-mbtowc_r.o)
                0x0002b8f0                __ascii_mbtowc
 .text.memcpy   0x0002b914       0x16 c:/program files (x86)/gnu tools arm embedded/7 2018-q2-update/bin/../lib/gcc/arm-none-eabi/7.3.1/../../../../arm-none-eabi/lib/thumb/v7e-m/fpv4-sp/hard\libc_nano.a(lib_a-memcpy-stub.o)
                0x0002b914                memcpy
 .text.memset   0x0002b92a       0x10 c:/program files (x86)/gnu tools arm embedded/7 2018-q2-update/bin/../lib/gcc/arm-none-eabi/7.3.1/../../../../arm-none-eabi/lib/thumb/v7e-m/fpv4-sp/hard\libc_nano.a(lib_a-memset.o)
                0x0002b92a                memset
 .text          0x0002b93a       0x10 c:/program files (x86)/gnu tools arm embedded/7 2018-q2-update/bin/../lib/gcc/arm-none-eabi/7.3.1/../../../../arm-none-eabi/lib/thumb/v7e-m/fpv4-sp/hard\libc_nano.a(lib_a-strlen.o)
                0x0002b93a                strlen
 .text.__ascii_wctomb
                0x0002b94a       0x1a c:/program files (x86)/gnu tools arm embedded/7 2018-q2-update/bin/../lib/gcc/arm-none-eabi/7.3.1/../../../../arm-none-eabi/lib/thumb/v7e-m/fpv4-sp/hard\libc_nano.a(lib_a-wctomb_r.o)
                0x0002b94a                __ascii_wctomb
 .text._exit    0x0002b964        0x4 c:/program files (x86)/gnu tools arm embedded/7 2018-q2-update/bin/../lib/gcc/arm-none-eabi/7.3.1/../../../../arm-none-eabi/lib/thumb/v7e-m/fpv4-sp/hard\libnosys.a(_exit.o)
                0x0002b964                _exit
 *(.init)
 .init          0x0002b968        0x4 c:/program files (x86)/gnu tools arm embedded/7 2018-q2-update/bin/../lib/gcc/arm-none-eabi/7.3.1/thumb/v7e-m/fpv4-sp/hard/crti.o
                0x0002b968                _init
 .init          0x0002b96c        0x8 c:/program files (x86)/gnu tools arm embedded/7 2018-q2-update/bin/../lib/gcc/arm-none-eabi/7.3.1/thumb/v7e-m/fpv4-sp/hard/crtn.o
 *(.fini)
 .fini          0x0002b974        0x4 c:/program files (x86)/gnu tools arm embedded/7 2018-q2-update/bin/../lib/gcc/arm-none-eabi/7.3.1/thumb/v7e-m/fpv4-sp/hard/crti.o
                0x0002b974                _fini
 .fini          0x0002b978        0x8 c:/program files (x86)/gnu tools arm embedded/7 2018-q2-update/bin/../lib/gcc/arm-none-eabi/7.3.1/thumb/v7e-m/fpv4-sp/hard/crtn.o
 *crtbegin.o(.ctors)
 *crtbegin?.o(.ctors)
 *(EXCLUDE_FILE(*crtend.o *crtend?.o) .ctors)
 *(SORT_BY_NAME(.ctors.*))
 *(.ctors)
 *crtbegin.o(.dtors)
 *crtbegin?.o(.dtors)
 *(EXCLUDE_FILE(*crtend.o *crtend?.o) .dtors)
 *(SORT_BY_NAME(.dtors.*))
 *(.dtors)
 *(.rodata*)
 .rodata        0x0002b980       0x20 _build/nrf52832_xxaa/nrf_log_backend_uart.c.o
 .rodata.nrf_log_backend_uart_api
                0x0002b9a0        0xc _build/nrf52832_xxaa/nrf_log_backend_uart.c.o
                0x0002b9a0                nrf_log_backend_uart_api
 .rodata.str1.4
                0x0002b9ac       0x11 _build/nrf52832_xxaa/nrf_log_default_backends.c.o
 *fill*         0x0002b9bd        0x3 
 .rodata.m_log_push_ringbuf
                0x0002b9c0        0xc _build/nrf52832_xxaa/nrf_log_frontend.c.o
 .rodata.nrf_log_frontend_dequeue.part.6.str1.4
                0x0002b9cc       0x11 _build/nrf52832_xxaa/nrf_log_frontend.c.o
 *fill*         0x0002b9dd        0x3 
 .rodata.str1.4
                0x0002b9e0        0x4 _build/nrf52832_xxaa/nrf_log_frontend.c.o
 .rodata.m_colors
                0x0002b9e4       0x24 _build/nrf52832_xxaa/nrf_log_str_formatter.c.o
 .rodata.nrf_log_hexdump_entry_process.str1.4
                0x0002ba08       0x13 _build/nrf52832_xxaa/nrf_log_str_formatter.c.o
                                 0x16 (size before relaxing)
 *fill*         0x0002ba1b        0x1 
 .rodata.nrf_log_std_entry_process.str1.4
                0x0002ba1c       0x3b _build/nrf52832_xxaa/nrf_log_str_formatter.c.o
 *fill*         0x0002ba57        0x1 
 .rodata.severity_names
                0x0002ba58       0x14 _build/nrf52832_xxaa/nrf_log_str_formatter.c.o
 .rodata.str1.4
                0x0002ba6c       0x56 _build/nrf52832_xxaa/nrf_log_str_formatter.c.o
 *fill*         0x0002bac2        0x2 
 .rodata.m_detection_delay_timer_id
                0x0002bac4        0x4 _build/nrf52832_xxaa/app_button.c.o
 .rodata.app_error_fault_handler.str1.4
                0x0002bac8       0x19 _build/nrf52832_xxaa/app_error_weak.c.o
 *fill*         0x0002bae1        0xf 
 .rodata.delay_machine_code.8744
                0x0002baf0        0x6 _build/nrf52832_xxaa/app_timer.c.o
 *fill*         0x0002baf6        0x2 
 .rodata._aV2C.7442
                0x0002baf8       0x10 _build/nrf52832_xxaa/nrf_fprintf_format.c.o
 .rodata.pwr_mgmt_data
                0x0002bb08        0xc _build/nrf52832_xxaa/nrf_pwr_mgmt.c.o
 .rodata.str1.4
                0x0002bb14        0x9 _build/nrf52832_xxaa/nrf_pwr_mgmt.c.o
 *fill*         0x0002bb1d        0x3 
 .rodata.m_unknown_str
                0x0002bb20       0x13 _build/nrf52832_xxaa/nrf_strerror.c.o
 *fill*         0x0002bb33        0x1 
 .rodata.nrf_strerror_array
                0x0002bb34      0x128 _build/nrf52832_xxaa/nrf_strerror.c.o
 .rodata.str1.4
                0x0002bc5c      0x3e9 _build/nrf52832_xxaa/nrf_strerror.c.o
 *fill*         0x0002c045        0x3 
 .rodata.m_board_led_list
                0x0002c048        0x4 _build/nrf52832_xxaa/boards.c.o
 .rodata.str1.4
                0x0002c04c        0x6 _build/nrf52832_xxaa/nrf_drv_clock.c.o
 *fill*         0x0002c052        0x2 
 .rodata.str1.4
                0x0002c054        0x6 _build/nrf52832_xxaa/nrfx_clock.c.o
 *fill*         0x0002c05a        0x2 
 .rodata.str1.4
                0x0002c05c        0x7 _build/nrf52832_xxaa/nrfx_gpiote.c.o
 *fill*         0x0002c063        0x1 
 .rodata.str1.4
                0x0002c064        0x4 _build/nrf52832_xxaa/nrfx_prs.c.o
 .rodata.str1.4
                0x0002c068        0x5 _build/nrf52832_xxaa/nrfx_uart.c.o
 *fill*         0x0002c06d        0x3 
 .rodata.str1.4
                0x0002c070        0x6 _build/nrf52832_xxaa/nrfx_uarte.c.o
 *fill*         0x0002c076        0x2 
 .rodata.ble_evt_handler.str1.4
                0x0002c078       0x19 _build/nrf52832_xxaa/main.c.o
 *fill*         0x0002c091        0x3 
 .rodata.button_event_handler.str1.4
                0x0002c094       0x1a _build/nrf52832_xxaa/main.c.o
 *fill*         0x0002c0ae        0x2 
 .rodata.led_write_handler.str1.4
                0x0002c0b0       0x26 _build/nrf52832_xxaa/main.c.o
 *fill*         0x0002c0d6        0x2 
 .rodata.main.str1.4
                0x0002c0d8       0x28 _build/nrf52832_xxaa/main.c.o
 .rodata.nrf_ble_gatt_data_length_set.str1.4
                0x0002c100       0xe2 _build/nrf52832_xxaa/nrf_ble_gatt.c.o
 *fill*         0x0002c1e2        0x2 
 .rodata.nrf_ble_gatt_on_ble_evt.str1.4
                0x0002c1e4       0x63 _build/nrf52832_xxaa/nrf_ble_gatt.c.o
 *fill*         0x0002c247        0x1 
 .rodata.str1.4
                0x0002c248        0xd _build/nrf52832_xxaa/nrf_ble_gatt.c.o
 *fill*         0x0002c255        0x3 
 .rodata        0x0002c258       0x10 _build/nrf52832_xxaa/ble_lbs.c.o
 .rodata        0x0002c268        0x4 _build/nrf52832_xxaa/nrf_sdh.c.o
 .rodata.sdh_req_observers
                0x0002c26c        0xc _build/nrf52832_xxaa/nrf_sdh.c.o
 .rodata.sdh_stack_observers
                0x0002c278        0xc _build/nrf52832_xxaa/nrf_sdh.c.o
 .rodata.sdh_state_observers
                0x0002c284        0xc _build/nrf52832_xxaa/nrf_sdh.c.o
 .rodata.str1.4
                0x0002c290        0x8 _build/nrf52832_xxaa/nrf_sdh.c.o
 .rodata.nrf_sdh_ble_default_cfg_set.str1.4
                0x0002c298      0x187 _build/nrf52832_xxaa/nrf_sdh_ble.c.o
 *fill*         0x0002c41f        0x1 
 .rodata.nrf_sdh_ble_enable.str1.4
                0x0002c420       0xad _build/nrf52832_xxaa/nrf_sdh_ble.c.o
 *fill*         0x0002c4cd        0x3 
 .rodata.sdh_ble_observers
                0x0002c4d0        0xc _build/nrf52832_xxaa/nrf_sdh_ble.c.o
 .rodata.str1.4
                0x0002c4dc        0xc _build/nrf52832_xxaa/nrf_sdh_ble.c.o
 .rodata.sdh_soc_observers
                0x0002c4e8        0xc _build/nrf52832_xxaa/nrf_sdh_soc.c.o
 .rodata.str1.4
                0x0002c4f4        0xc _build/nrf52832_xxaa/nrf_sdh_soc.c.o
 .rodata._global_impure_ptr
                0x0002c500        0x4 c:/program files (x86)/gnu tools arm embedded/7 2018-q2-update/bin/../lib/gcc/arm-none-eabi/7.3.1/../../../../arm-none-eabi/lib/thumb/v7e-m/fpv4-sp/hard\libc_nano.a(lib_a-impure.o)
                0x0002c500                _global_impure_ptr
 .rodata._setlocale_r.str1.1
                0x0002c504        0x8 c:/program files (x86)/gnu tools arm embedded/7 2018-q2-update/bin/../lib/gcc/arm-none-eabi/7.3.1/../../../../arm-none-eabi/lib/thumb/v7e-m/fpv4-sp/hard\libc_nano.a(lib_a-locale.o)
                                  0x9 (size before relaxing)
 .rodata.str1.1
                0x0002c50c        0x2 c:/program files (x86)/gnu tools arm embedded/7 2018-q2-update/bin/../lib/gcc/arm-none-eabi/7.3.1/../../../../arm-none-eabi/lib/thumb/v7e-m/fpv4-sp/hard\libc_nano.a(lib_a-locale.o)
 .rodata._ctype_
                0x0002c50e      0x101 c:/program files (x86)/gnu tools arm embedded/7 2018-q2-update/bin/../lib/gcc/arm-none-eabi/7.3.1/../../../../arm-none-eabi/lib/thumb/v7e-m/fpv4-sp/hard\libc_nano.a(lib_a-ctype_.o)
                0x0002c50e                _ctype_
 *(.eh_frame*)
 *fill*         0x0002c60f        0x1 
 .eh_frame      0x0002c610        0x0 c:/program files (x86)/gnu tools arm embedded/7 2018-q2-update/bin/../lib/gcc/arm-none-eabi/7.3.1/thumb/v7e-m/fpv4-sp/hard/crtbegin.o
 .eh_frame      0x0002c610        0x4 c:/program files (x86)/gnu tools arm embedded/7 2018-q2-update/bin/../lib/gcc/arm-none-eabi/7.3.1/thumb/v7e-m/fpv4-sp/hard/crtend.o

.glue_7         0x0002c614        0x0
 .glue_7        0x0002c614        0x0 linker stubs

.glue_7t        0x0002c614        0x0
 .glue_7t       0x0002c614        0x0 linker stubs

.vfp11_veneer   0x0002c614        0x0
 .vfp11_veneer  0x0002c614        0x0 linker stubs

.v4_bx          0x0002c614        0x0
 .v4_bx         0x0002c614        0x0 linker stubs

.iplt           0x0002c614        0x0
 .iplt          0x0002c614        0x0 c:/program files (x86)/gnu tools arm embedded/7 2018-q2-update/bin/../lib/gcc/arm-none-eabi/7.3.1/thumb/v7e-m/fpv4-sp/hard/crtbegin.o

.mem_section_dummy_rom

.sdh_soc_observers
                0x0002c614        0x8
                0x0002c614                PROVIDE (__start_sdh_soc_observers = .)
 *(SORT_BY_NAME(.sdh_soc_observers*))
 .sdh_soc_observers0
                0x0002c614        0x8 _build/nrf52832_xxaa/nrf_drv_clock.c.o
                0x0002c61c                PROVIDE (__stop_sdh_soc_observers = .)

.pwr_mgmt_data  0x0002c61c        0x0
                0x0002c61c                PROVIDE (__start_pwr_mgmt_data = .)
 *(SORT_BY_NAME(.pwr_mgmt_data*))
                0x0002c61c                PROVIDE (__stop_pwr_mgmt_data = .)

.sdh_ble_observers
                0x0002c61c       0x30
                0x0002c61c                PROVIDE (__start_sdh_ble_observers = .)
 *(SORT_BY_NAME(.sdh_ble_observers*))
 .sdh_ble_observers0
                0x0002c61c        0x8 _build/nrf52832_xxaa/ble_conn_state.c.o
 .sdh_ble_observers1
                0x0002c624        0x8 _build/nrf52832_xxaa/main.c.o
 .sdh_ble_observers1
                0x0002c62c        0x8 _build/nrf52832_xxaa/ble_conn_params.c.o
 .sdh_ble_observers2
                0x0002c634       0x10 _build/nrf52832_xxaa/main.c.o
 .sdh_ble_observers3
                0x0002c644        0x8 _build/nrf52832_xxaa/main.c.o
                0x0002c64c                PROVIDE (__stop_sdh_ble_observers = .)

.sdh_req_observers
                0x0002c64c        0x0
                0x0002c64c                PROVIDE (__start_sdh_req_observers = .)
 *(SORT_BY_NAME(.sdh_req_observers*))
                0x0002c64c                PROVIDE (__stop_sdh_req_observers = .)

.sdh_state_observers
                0x0002c64c        0x8
                0x0002c64c                PROVIDE (__start_sdh_state_observers = .)
 *(SORT_BY_NAME(.sdh_state_observers*))
 .sdh_state_observers0
                0x0002c64c        0x8 _build/nrf52832_xxaa/nrf_drv_clock.c.o
                0x0002c654                PROVIDE (__stop_sdh_state_observers = .)

.sdh_stack_observers
                0x0002c654       0x10
                0x0002c654                PROVIDE (__start_sdh_stack_observers = .)
 *(SORT_BY_NAME(.sdh_stack_observers*))
 .sdh_stack_observers0
                0x0002c654        0x8 _build/nrf52832_xxaa/nrf_sdh_ble.c.o
 .sdh_stack_observers0
                0x0002c65c        0x8 _build/nrf52832_xxaa/nrf_sdh_soc.c.o
                0x0002c664                PROVIDE (__stop_sdh_stack_observers = .)

.nrf_queue      0x0002c664        0x0
                [!provide]                PROVIDE (__start_nrf_queue = .)
 *(.nrf_queue)
                [!provide]                PROVIDE (__stop_nrf_queue = .)

.nrf_balloc     0x0002c664       0x14
                [!provide]                PROVIDE (__start_nrf_balloc = .)
 *(.nrf_balloc)
 .nrf_balloc    0x0002c664       0x14 _build/nrf52832_xxaa/nrf_log_frontend.c.o
                0x0002c664                log_mempool
                [!provide]                PROVIDE (__stop_nrf_balloc = .)

.cli_command    0x0002c678        0x0
                [!provide]                PROVIDE (__start_cli_command = .)
 *(.cli_command)
                [!provide]                PROVIDE (__stop_cli_command = .)

.crypto_data    0x0002c678        0x0
                [!provide]                PROVIDE (__start_crypto_data = .)
 *(SORT_BY_NAME(.crypto_data*))
                [!provide]                PROVIDE (__stop_crypto_data = .)

.log_const_data
                0x0002c678       0x60
                0x0002c678                PROVIDE (__start_log_const_data = .)
 *(SORT_BY_NAME(.log_const_data*))
 .log_const_data_CLOCK
                0x0002c678        0x8 _build/nrf52832_xxaa/nrfx_clock.c.o
                0x0002c678                m_nrf_log_CLOCK_logs_data_const
 .log_const_data_GPIOTE
                0x0002c680        0x8 _build/nrf52832_xxaa/nrfx_gpiote.c.o
                0x0002c680                m_nrf_log_GPIOTE_logs_data_const
 .log_const_data_PRS
                0x0002c688        0x8 _build/nrf52832_xxaa/nrfx_prs.c.o
                0x0002c688                m_nrf_log_PRS_logs_data_const
 .log_const_data_UART
                0x0002c690        0x8 _build/nrf52832_xxaa/nrfx_uart.c.o
                0x0002c690                m_nrf_log_UART_logs_data_const
 .log_const_data_UARTE
                0x0002c698        0x8 _build/nrf52832_xxaa/nrfx_uarte.c.o
                0x0002c698                m_nrf_log_UARTE_logs_data_const
 .log_const_data_app
                0x0002c6a0        0x8 _build/nrf52832_xxaa/nrf_log_frontend.c.o
                0x0002c6a0                m_nrf_log_app_logs_data_const
 .log_const_data_clock
                0x0002c6a8        0x8 _build/nrf52832_xxaa/nrf_drv_clock.c.o
                0x0002c6a8                m_nrf_log_clock_logs_data_const
 .log_const_data_nrf_ble_gatt
                0x0002c6b0        0x8 _build/nrf52832_xxaa/nrf_ble_gatt.c.o
                0x0002c6b0                m_nrf_log_nrf_ble_gatt_logs_data_const
 .log_const_data_nrf_sdh
                0x0002c6b8        0x8 _build/nrf52832_xxaa/nrf_sdh.c.o
                0x0002c6b8                m_nrf_log_nrf_sdh_logs_data_const
 .log_const_data_nrf_sdh_ble
                0x0002c6c0        0x8 _build/nrf52832_xxaa/nrf_sdh_ble.c.o
                0x0002c6c0                m_nrf_log_nrf_sdh_ble_logs_data_const
 .log_const_data_nrf_sdh_soc
                0x0002c6c8        0x8 _build/nrf52832_xxaa/nrf_sdh_soc.c.o
                0x0002c6c8                m_nrf_log_nrf_sdh_soc_logs_data_const
 .log_const_data_pwr_mgmt
                0x0002c6d0        0x8 _build/nrf52832_xxaa/nrf_pwr_mgmt.c.o
                0x0002c6d0                m_nrf_log_pwr_mgmt_logs_data_const
                0x0002c6d8                PROVIDE (__stop_log_const_data = .)

.log_backends   0x0002c6d8       0x10
                [!provide]                PROVIDE (__start_log_backends = .)
 *(SORT_BY_NAME(.log_backends*))
 .log_backends  0x0002c6d8       0x10 _build/nrf52832_xxaa/nrf_log_default_backends.c.o
                [!provide]                PROVIDE (__stop_log_backends = .)

.ARM.extab
 *(.ARM.extab* .gnu.linkonce.armextab.*)
                0x0002c6e8                __exidx_start = .

.ARM.exidx      0x0002c6e8        0x8
 *(.ARM.exidx* .gnu.linkonce.armexidx.*)
 .ARM.exidx     0x0002c6e8        0x8 c:/program files (x86)/gnu tools arm embedded/7 2018-q2-update/bin/../lib/gcc/arm-none-eabi/7.3.1/../../../../arm-none-eabi/lib/thumb/v7e-m/fpv4-sp/hard/crt0.o
                0x0002c6f0                __exidx_end = .
                0x0002c6f0                __etext = .

.rel.dyn        0x0002c6f0        0x0
 .rel.iplt      0x0002c6f0        0x0 c:/program files (x86)/gnu tools arm embedded/7 2018-q2-update/bin/../lib/gcc/arm-none-eabi/7.3.1/thumb/v7e-m/fpv4-sp/hard/crtbegin.o

.data           0x200022b8      0x214 load address 0x0002c6f0
                0x200022b8                __data_start__ = .
 *(vtable)
 *(.data*)
 .data.m_uart   0x200022b8       0x14 _build/nrf52832_xxaa/nrf_log_backend_uart.c.o
                0x200022b8                m_uart
 .data.log_backend_cb_uart_log_backend
                0x200022cc        0x8 _build/nrf52832_xxaa/nrf_log_default_backends.c.o
 .data.SystemCoreClock
                0x200022d4        0x4 _build/nrf52832_xxaa/system_nrf52.c.o
                0x200022d4                SystemCoreClock
 .data.buttons.11280
                0x200022d8        0x8 _build/nrf52832_xxaa/main.c.o
 .data.m_adv_data
                0x200022e0       0x10 _build/nrf52832_xxaa/main.c.o
 .data.m_adv_handle
                0x200022f0        0x1 _build/nrf52832_xxaa/main.c.o
 *fill*         0x200022f1        0x1 
 .data.m_conn_handle
                0x200022f2        0x2 _build/nrf52832_xxaa/main.c.o
 .data._impure_ptr
                0x200022f4        0x4 c:/program files (x86)/gnu tools arm embedded/7 2018-q2-update/bin/../lib/gcc/arm-none-eabi/7.3.1/../../../../arm-none-eabi/lib/thumb/v7e-m/fpv4-sp/hard\libc_nano.a(lib_a-impure.o)
                0x200022f4                _impure_ptr
 .data.impure_data
                0x200022f8       0x60 c:/program files (x86)/gnu tools arm embedded/7 2018-q2-update/bin/../lib/gcc/arm-none-eabi/7.3.1/../../../../arm-none-eabi/lib/thumb/v7e-m/fpv4-sp/hard\libc_nano.a(lib_a-impure.o)
 .data.__global_locale
                0x20002358      0x16c c:/program files (x86)/gnu tools arm embedded/7 2018-q2-update/bin/../lib/gcc/arm-none-eabi/7.3.1/../../../../arm-none-eabi/lib/thumb/v7e-m/fpv4-sp/hard\libc_nano.a(lib_a-locale.o)
                0x20002358                __global_locale
                0x200024c4                . = ALIGN (0x4)
                0x200024c4                PROVIDE (__preinit_array_start = .)
 *(.preinit_array)
                0x200024c4                PROVIDE (__preinit_array_end = .)
                0x200024c4                . = ALIGN (0x4)
                0x200024c4                PROVIDE (__init_array_start = .)
 *(SORT_BY_NAME(.init_array.*))
 *(.init_array)
 .init_array    0x200024c4        0x4 c:/program files (x86)/gnu tools arm embedded/7 2018-q2-update/bin/../lib/gcc/arm-none-eabi/7.3.1/thumb/v7e-m/fpv4-sp/hard/crtbegin.o
                0x200024c8                PROVIDE (__init_array_end = .)
                0x200024c8                . = ALIGN (0x4)
                [!provide]                PROVIDE (__fini_array_start = .)
 *(SORT_BY_NAME(.fini_array.*))
 *(.fini_array)
 .fini_array    0x200024c8        0x4 c:/program files (x86)/gnu tools arm embedded/7 2018-q2-update/bin/../lib/gcc/arm-none-eabi/7.3.1/thumb/v7e-m/fpv4-sp/hard/crtbegin.o
                [!provide]                PROVIDE (__fini_array_end = .)
 *(.jcr*)
                0x200024cc                . = ALIGN (0x4)
                0x200024cc                __data_end__ = .
LOAD c:/program files (x86)/gnu tools arm embedded/7 2018-q2-update/bin/../lib/gcc/arm-none-eabi/7.3.1/thumb/v7e-m/fpv4-sp/hard/crti.o
LOAD c:/program files (x86)/gnu tools arm embedded/7 2018-q2-update/bin/../lib/gcc/arm-none-eabi/7.3.1/thumb/v7e-m/fpv4-sp/hard/crtbegin.o
LOAD c:/program files (x86)/gnu tools arm embedded/7 2018-q2-update/bin/../lib/gcc/arm-none-eabi/7.3.1/../../../../arm-none-eabi/lib/thumb/v7e-m/fpv4-sp/hard/crt0.o
LOAD _build/nrf52832_xxaa/gcc_startup_nrf52.S.o
LOAD _build/nrf52832_xxaa/nrf_log_backend_rtt.c.o
LOAD _build/nrf52832_xxaa/nrf_log_backend_serial.c.o
LOAD _build/nrf52832_xxaa/nrf_log_backend_uart.c.o
LOAD _build/nrf52832_xxaa/nrf_log_default_backends.c.o
LOAD _build/nrf52832_xxaa/nrf_log_frontend.c.o
LOAD _build/nrf52832_xxaa/nrf_log_str_formatter.c.o
LOAD _build/nrf52832_xxaa/app_button.c.o
LOAD _build/nrf52832_xxaa/app_error.c.o
LOAD _build/nrf52832_xxaa/app_error_handler_gcc.c.o
LOAD _build/nrf52832_xxaa/app_error_weak.c.o
LOAD _build/nrf52832_xxaa/app_scheduler.c.o
LOAD _build/nrf52832_xxaa/app_timer.c.o
LOAD _build/nrf52832_xxaa/app_util_platform.c.o
LOAD _build/nrf52832_xxaa/hardfault_implementation.c.o
LOAD _build/nrf52832_xxaa/nrf_assert.c.o
LOAD _build/nrf52832_xxaa/nrf_atfifo.c.o
LOAD _build/nrf52832_xxaa/nrf_atflags.c.o
LOAD _build/nrf52832_xxaa/nrf_atomic.c.o
LOAD _build/nrf52832_xxaa/nrf_balloc.c.o
LOAD _build/nrf52832_xxaa/nrf_fprintf.c.o
LOAD _build/nrf52832_xxaa/nrf_fprintf_format.c.o
LOAD _build/nrf52832_xxaa/nrf_memobj.c.o
LOAD _build/nrf52832_xxaa/nrf_pwr_mgmt.c.o
LOAD _build/nrf52832_xxaa/nrf_ringbuf.c.o
LOAD _build/nrf52832_xxaa/nrf_section_iter.c.o
LOAD _build/nrf52832_xxaa/nrf_strerror.c.o
LOAD _build/nrf52832_xxaa/system_nrf52.c.o
LOAD _build/nrf52832_xxaa/boards.c.o
LOAD _build/nrf52832_xxaa/nrf_drv_clock.c.o
LOAD _build/nrf52832_xxaa/nrf_drv_uart.c.o
LOAD _build/nrf52832_xxaa/nrfx_atomic.c.o
LOAD _build/nrf52832_xxaa/nrfx_clock.c.o
LOAD _build/nrf52832_xxaa/nrfx_gpiote.c.o
LOAD _build/nrf52832_xxaa/nrfx_prs.c.o
LOAD _build/nrf52832_xxaa/nrfx_uart.c.o
LOAD _build/nrf52832_xxaa/nrfx_uarte.c.o
LOAD _build/nrf52832_xxaa/main.c.o
LOAD _build/nrf52832_xxaa/SEGGER_RTT.c.o
LOAD _build/nrf52832_xxaa/SEGGER_RTT_Syscalls_GCC.c.o
LOAD _build/nrf52832_xxaa/SEGGER_RTT_printf.c.o
LOAD _build/nrf52832_xxaa/ble_advdata.c.o
LOAD _build/nrf52832_xxaa/ble_conn_params.c.o
LOAD _build/nrf52832_xxaa/ble_conn_state.c.o
LOAD _build/nrf52832_xxaa/ble_srv_common.c.o
LOAD _build/nrf52832_xxaa/nrf_ble_gatt.c.o
LOAD _build/nrf52832_xxaa/nrf_ble_qwr.c.o
LOAD _build/nrf52832_xxaa/utf.c.o
LOAD _build/nrf52832_xxaa/ble_lbs.c.o
LOAD _build/nrf52832_xxaa/nrf_sdh.c.o
LOAD _build/nrf52832_xxaa/nrf_sdh_ble.c.o
LOAD _build/nrf52832_xxaa/nrf_sdh_soc.c.o
LOAD c:/program files (x86)/gnu tools arm embedded/7 2018-q2-update/bin/../lib/gcc/arm-none-eabi/7.3.1/../../../../arm-none-eabi/lib/thumb/v7e-m/fpv4-sp/hard\libc_nano.a
LOAD c:/program files (x86)/gnu tools arm embedded/7 2018-q2-update/bin/../lib/gcc/arm-none-eabi/7.3.1/../../../../arm-none-eabi/lib/thumb/v7e-m/fpv4-sp/hard\libnosys.a
LOAD c:/program files (x86)/gnu tools arm embedded/7 2018-q2-update/bin/../lib/gcc/arm-none-eabi/7.3.1/../../../../arm-none-eabi/lib/thumb/v7e-m/fpv4-sp/hard\libm.a
START GROUP
LOAD c:/program files (x86)/gnu tools arm embedded/7 2018-q2-update/bin/../lib/gcc/arm-none-eabi/7.3.1/thumb/v7e-m/fpv4-sp/hard\libgcc.a
LOAD c:/program files (x86)/gnu tools arm embedded/7 2018-q2-update/bin/../lib/gcc/arm-none-eabi/7.3.1/../../../../arm-none-eabi/lib/thumb/v7e-m/fpv4-sp/hard\libg_nano.a
LOAD c:/program files (x86)/gnu tools arm embedded/7 2018-q2-update/bin/../lib/gcc/arm-none-eabi/7.3.1/../../../../arm-none-eabi/lib/thumb/v7e-m/fpv4-sp/hard\libc_nano.a
END GROUP
START GROUP
LOAD c:/program files (x86)/gnu tools arm embedded/7 2018-q2-update/bin/../lib/gcc/arm-none-eabi/7.3.1/thumb/v7e-m/fpv4-sp/hard\libgcc.a
LOAD c:/program files (x86)/gnu tools arm embedded/7 2018-q2-update/bin/../lib/gcc/arm-none-eabi/7.3.1/../../../../arm-none-eabi/lib/thumb/v7e-m/fpv4-sp/hard\libc_nano.a
END GROUP
LOAD c:/program files (x86)/gnu tools arm embedded/7 2018-q2-update/bin/../lib/gcc/arm-none-eabi/7.3.1/thumb/v7e-m/fpv4-sp/hard/crtend.o
LOAD c:/program files (x86)/gnu tools arm embedded/7 2018-q2-update/bin/../lib/gcc/arm-none-eabi/7.3.1/thumb/v7e-m/fpv4-sp/hard/crtn.o
START GROUP
LOAD c:/program files (x86)/gnu tools arm embedded/7 2018-q2-update/bin/../lib/gcc/arm-none-eabi/7.3.1/thumb/v7e-m/fpv4-sp/hard\libgcc.a
LOAD c:/program files (x86)/gnu tools arm embedded/7 2018-q2-update/bin/../lib/gcc/arm-none-eabi/7.3.1/../../../../arm-none-eabi/lib/thumb/v7e-m/fpv4-sp/hard\libc.a
LOAD c:/program files (x86)/gnu tools arm embedded/7 2018-q2-update/bin/../lib/gcc/arm-none-eabi/7.3.1/../../../../arm-none-eabi/lib/thumb/v7e-m/fpv4-sp/hard\libnosys.a
END GROUP

.igot.plt       0x200024cc        0x0 load address 0x0002c904
 .igot.plt      0x200024cc        0x0 c:/program files (x86)/gnu tools arm embedded/7 2018-q2-update/bin/../lib/gcc/arm-none-eabi/7.3.1/thumb/v7e-m/fpv4-sp/hard/crtbegin.o
                0x200024cc                . = ALIGN (0x4)

.mem_section_dummy_ram

.cli_sorted_cmd_ptrs
                0x200024cc        0x0
                [!provide]                PROVIDE (__start_cli_sorted_cmd_ptrs = .)
 *(.cli_sorted_cmd_ptrs)
                [!provide]                PROVIDE (__stop_cli_sorted_cmd_ptrs = .)

.fs_data        0x200024cc        0x0
                [!provide]                PROVIDE (__start_fs_data = .)
 *(.fs_data)
                [!provide]                PROVIDE (__stop_fs_data = .)

.log_dynamic_data
                0x200024cc        0x0
                0x200024cc                PROVIDE (__start_log_dynamic_data = .)
 *(SORT_BY_NAME(.log_dynamic_data*))
                [!provide]                PROVIDE (__stop_log_dynamic_data = .)

.log_filter_data
                0x200024cc        0x0
                [!provide]                PROVIDE (__start_log_filter_data = .)
 *(SORT_BY_NAME(.log_filter_data*))
                [!provide]                PROVIDE (__stop_log_filter_data = .)

.bss            0x200024d0      0x994 load address 0x0002c908
                0x200024d0                . = ALIGN (0x4)
                0x200024d0                __bss_start__ = .
 *(.bss*)
 .bss           0x200024d0       0x1c c:/program files (x86)/gnu tools arm embedded/7 2018-q2-update/bin/../lib/gcc/arm-none-eabi/7.3.1/thumb/v7e-m/fpv4-sp/hard/crtbegin.o
 .bss.m_async_mode
                0x200024ec        0x1 _build/nrf52832_xxaa/nrf_log_backend_uart.c.o
 *fill*         0x200024ed        0x3 
 .bss.m_string_buff
                0x200024f0       0x40 _build/nrf52832_xxaa/nrf_log_backend_uart.c.o
 .bss.m_xfer_done
                0x20002530        0x1 _build/nrf52832_xxaa/nrf_log_backend_uart.c.o
 *fill*         0x20002531        0x3 
 .bss.log_mempool_nrf_balloc_cb
                0x20002534        0x8 _build/nrf52832_xxaa/nrf_log_frontend.c.o
 .bss.log_mempool_nrf_balloc_pool_mem
                0x2000253c       0xc0 _build/nrf52832_xxaa/nrf_log_frontend.c.o
 .bss.log_mempool_nrf_balloc_pool_stack
                0x200025fc        0x8 _build/nrf52832_xxaa/nrf_log_frontend.c.o
 .bss.m_log_data
                0x20002604      0x424 _build/nrf52832_xxaa/nrf_log_frontend.c.o
 .bss.m_log_push_ringbuf_buf
                0x20002a28       0x80 _build/nrf52832_xxaa/nrf_log_frontend.c.o
 .bss.m_log_push_ringbuf_cb
                0x20002aa8       0x18 _build/nrf52832_xxaa/nrf_log_frontend.c.o
 .bss.m_button_count
                0x20002ac0        0x1 _build/nrf52832_xxaa/app_button.c.o
 *fill*         0x20002ac1        0x3 
 .bss.m_detection_delay
                0x20002ac4        0x4 _build/nrf52832_xxaa/app_button.c.o
 .bss.m_detection_delay_timer_id_data
                0x20002ac8       0x20 _build/nrf52832_xxaa/app_button.c.o
 .bss.m_pin_state
                0x20002ae8        0x8 _build/nrf52832_xxaa/app_button.c.o
 .bss.m_pin_transition
                0x20002af0        0x8 _build/nrf52832_xxaa/app_button.c.o
 .bss.mp_buttons
                0x20002af8        0x4 _build/nrf52832_xxaa/app_button.c.o
 .bss.m_op_queue
                0x20002afc      0x10c _build/nrf52832_xxaa/app_timer.c.o
 .bss.m_rtc1_reset
                0x20002c08        0x1 _build/nrf52832_xxaa/app_timer.c.o
 .bss.m_rtc1_running
                0x20002c09        0x1 _build/nrf52832_xxaa/app_timer.c.o
 *fill*         0x20002c0a        0x2 
 .bss.m_ticks_elapsed
                0x20002c0c        0x8 _build/nrf52832_xxaa/app_timer.c.o
 .bss.m_ticks_elapsed_q_read_ind
                0x20002c14        0x1 _build/nrf52832_xxaa/app_timer.c.o
 .bss.m_ticks_elapsed_q_write_ind
                0x20002c15        0x1 _build/nrf52832_xxaa/app_timer.c.o
 *fill*         0x20002c16        0x2 
 .bss.m_ticks_latest
                0x20002c18        0x4 _build/nrf52832_xxaa/app_timer.c.o
 .bss.mp_timer_id_head
                0x20002c1c        0x4 _build/nrf52832_xxaa/app_timer.c.o
 .bss.m_handlers_iter
                0x20002c20        0x8 _build/nrf52832_xxaa/nrf_pwr_mgmt.c.o
 .bss.m_shutdown_started
                0x20002c28        0x1 _build/nrf52832_xxaa/nrf_pwr_mgmt.c.o
 *fill*         0x20002c29        0x3 
 .bss.m_sysoff_mtx
                0x20002c2c        0x4 _build/nrf52832_xxaa/nrf_pwr_mgmt.c.o
 .bss.m_clock_cb
                0x20002c30       0x14 _build/nrf52832_xxaa/nrf_drv_clock.c.o
 .bss.m_contexts
                0x20002c44        0x4 _build/nrf52832_xxaa/nrf_drv_uart.c.o
 .bss.m_handlers
                0x20002c48        0x4 _build/nrf52832_xxaa/nrf_drv_uart.c.o
 .bss.m_clock_cb
                0x20002c4c        0x8 _build/nrf52832_xxaa/nrfx_clock.c.o
 .bss.m_cb      0x20002c54       0x5c _build/nrf52832_xxaa/nrfx_gpiote.c.o
 .bss.m_prs_box_4
                0x20002cb0        0x8 _build/nrf52832_xxaa/nrfx_prs.c.o
 .bss.m_cb      0x20002cb8       0x2c _build/nrf52832_xxaa/nrfx_uart.c.o
 .bss.m_cb      0x20002ce4       0x24 _build/nrf52832_xxaa/nrfx_uarte.c.o
 .bss.m_enc_advdata
                0x20002d08       0x1f _build/nrf52832_xxaa/main.c.o
 *fill*         0x20002d27        0x1 
 .bss.m_enc_scan_response_data
                0x20002d28       0x1f _build/nrf52832_xxaa/main.c.o
 *fill*         0x20002d47        0x1 
 .bss.m_gatt    0x20002d48       0x14 _build/nrf52832_xxaa/main.c.o
 .bss.m_lbs     0x20002d5c       0x18 _build/nrf52832_xxaa/main.c.o
 .bss.m_qwr     0x20002d74        0xc _build/nrf52832_xxaa/main.c.o
 .bss.m_conn_params_config
                0x20002d80       0x1c _build/nrf52832_xxaa/ble_conn_params.c.o
 .bss.m_conn_params_instances
                0x20002d9c       0x14 _build/nrf52832_xxaa/ble_conn_params.c.o
 .bss.m_preferred_conn_params
                0x20002db0        0x8 _build/nrf52832_xxaa/ble_conn_params.c.o
 .bss.m_timer_data
                0x20002db8       0x20 _build/nrf52832_xxaa/ble_conn_params.c.o
 .bss.m_bcs     0x20002dd8       0x78 _build/nrf52832_xxaa/ble_conn_state.c.o
 .bss.m_nrf_sdh_continue
                0x20002e50        0x1 _build/nrf52832_xxaa/nrf_sdh.c.o
 .bss.m_nrf_sdh_enabled
                0x20002e51        0x1 _build/nrf52832_xxaa/nrf_sdh.c.o
 .bss.m_nrf_sdh_suspended
                0x20002e52        0x1 _build/nrf52832_xxaa/nrf_sdh.c.o
 .bss.m_stack_is_enabled
                0x20002e53        0x1 _build/nrf52832_xxaa/nrf_sdh_ble.c.o
 *(COMMON)
 COMMON         0x20002e54        0xc _build/nrf52832_xxaa/app_util_platform.c.o
                0x20002e54                nrf_nvic_state
 COMMON         0x20002e60        0x1 _build/nrf52832_xxaa/nrf_drv_uart.c.o
                0x20002e60                nrf_drv_uart_use_easy_dma
                0x20002e64                . = ALIGN (0x4)
 *fill*         0x20002e61        0x3 
                0x20002e64                __bss_end__ = .

.heap           0x20002e68     0x2000
                0x20002e68                __HeapBase = .
                0x20002e68                __end__ = .
                [!provide]                PROVIDE (end = .)
 *(.heap*)
 .heap          0x20002e68     0x2000 _build/nrf52832_xxaa/gcc_startup_nrf52.S.o
                0x20004e68                __HeapLimit = .

.stack_dummy    0x20002e68     0x2000
 *(.stack*)
 .stack         0x20002e68     0x2000 _build/nrf52832_xxaa/gcc_startup_nrf52.S.o
                0x20010000                __StackTop = (ORIGIN (RAM) + LENGTH (RAM))
                0x2000e000                __StackLimit = (__StackTop - SIZEOF (.stack_dummy))
                0x20010000                PROVIDE (__stack = __StackTop)
                0x00000001                ASSERT ((__StackLimit >= __HeapLimit), region RAM overflowed with stack)
                0x00000218                DataInitFlashUsed = (__bss_start__ - __data_start__)
                0x000066f0                CodeFlashUsed = (__etext - ORIGIN (FLASH))
                0x00006908                TotalFlashUsed = (CodeFlashUsed + DataInitFlashUsed)
                0x00000001                ASSERT ((TotalFlashUsed <= LENGTH (FLASH)), region FLASH overflowed with .data and user data)
OUTPUT(_build/nrf52832_xxaa.out elf32-littlearm)

.ARM.attributes
                0x00000000       0x30
 .ARM.attributes
                0x00000000       0x22 c:/program files (x86)/gnu tools arm embedded/7 2018-q2-update/bin/../lib/gcc/arm-none-eabi/7.3.1/thumb/v7e-m/fpv4-sp/hard/crti.o
 .ARM.attributes
                0x00000022       0x34 c:/program files (x86)/gnu tools arm embedded/7 2018-q2-update/bin/../lib/gcc/arm-none-eabi/7.3.1/thumb/v7e-m/fpv4-sp/hard/crtbegin.o
 .ARM.attributes
                0x00000056       0x20 c:/program files (x86)/gnu tools arm embedded/7 2018-q2-update/bin/../lib/gcc/arm-none-eabi/7.3.1/../../../../arm-none-eabi/lib/thumb/v7e-m/fpv4-sp/hard/crt0.o
 .ARM.attributes
                0x00000076       0x20 _build/nrf52832_xxaa/gcc_startup_nrf52.S.o
 .ARM.attributes
                0x00000096       0x39 _build/nrf52832_xxaa/nrf_log_backend_serial.c.o
 .ARM.attributes
                0x000000cf       0x39 _build/nrf52832_xxaa/nrf_log_backend_uart.c.o
 .ARM.attributes
                0x00000108       0x39 _build/nrf52832_xxaa/nrf_log_default_backends.c.o
 .ARM.attributes
                0x00000141       0x39 _build/nrf52832_xxaa/nrf_log_frontend.c.o
 .ARM.attributes
                0x0000017a       0x39 _build/nrf52832_xxaa/nrf_log_str_formatter.c.o
 .ARM.attributes
                0x000001b3       0x39 _build/nrf52832_xxaa/app_button.c.o
 .ARM.attributes
                0x000001ec       0x39 _build/nrf52832_xxaa/app_error.c.o
 .ARM.attributes
                0x00000225       0x39 _build/nrf52832_xxaa/app_error_weak.c.o
 .ARM.attributes
                0x0000025e       0x39 _build/nrf52832_xxaa/app_timer.c.o
 .ARM.attributes
                0x00000297       0x39 _build/nrf52832_xxaa/app_util_platform.c.o
 .ARM.attributes
                0x000002d0       0x39 _build/nrf52832_xxaa/nrf_atflags.c.o
 .ARM.attributes
                0x00000309       0x39 _build/nrf52832_xxaa/nrf_atomic.c.o
 .ARM.attributes
                0x00000342       0x39 _build/nrf52832_xxaa/nrf_balloc.c.o
 .ARM.attributes
                0x0000037b       0x39 _build/nrf52832_xxaa/nrf_fprintf.c.o
 .ARM.attributes
                0x000003b4       0x39 _build/nrf52832_xxaa/nrf_fprintf_format.c.o
 .ARM.attributes
                0x000003ed       0x39 _build/nrf52832_xxaa/nrf_memobj.c.o
 .ARM.attributes
                0x00000426       0x39 _build/nrf52832_xxaa/nrf_pwr_mgmt.c.o
 .ARM.attributes
                0x0000045f       0x39 _build/nrf52832_xxaa/nrf_ringbuf.c.o
 .ARM.attributes
                0x00000498       0x39 _build/nrf52832_xxaa/nrf_section_iter.c.o
 .ARM.attributes
                0x000004d1       0x39 _build/nrf52832_xxaa/nrf_strerror.c.o
 .ARM.attributes
                0x0000050a       0x39 _build/nrf52832_xxaa/system_nrf52.c.o
 .ARM.attributes
                0x00000543       0x39 _build/nrf52832_xxaa/boards.c.o
 .ARM.attributes
                0x0000057c       0x39 _build/nrf52832_xxaa/nrf_drv_clock.c.o
 .ARM.attributes
                0x000005b5       0x39 _build/nrf52832_xxaa/nrf_drv_uart.c.o
 .ARM.attributes
                0x000005ee       0x39 _build/nrf52832_xxaa/nrfx_clock.c.o
 .ARM.attributes
                0x00000627       0x39 _build/nrf52832_xxaa/nrfx_gpiote.c.o
 .ARM.attributes
                0x00000660       0x39 _build/nrf52832_xxaa/nrfx_prs.c.o
 .ARM.attributes
                0x00000699       0x39 _build/nrf52832_xxaa/nrfx_uart.c.o
 .ARM.attributes
                0x000006d2       0x39 _build/nrf52832_xxaa/nrfx_uarte.c.o
 .ARM.attributes
                0x0000070b       0x39 _build/nrf52832_xxaa/main.c.o
 .ARM.attributes
                0x00000744       0x39 _build/nrf52832_xxaa/ble_advdata.c.o
 .ARM.attributes
                0x0000077d       0x39 _build/nrf52832_xxaa/ble_conn_params.c.o
 .ARM.attributes
                0x000007b6       0x39 _build/nrf52832_xxaa/ble_conn_state.c.o
 .ARM.attributes
                0x000007ef       0x39 _build/nrf52832_xxaa/ble_srv_common.c.o
 .ARM.attributes
                0x00000828       0x39 _build/nrf52832_xxaa/nrf_ble_gatt.c.o
 .ARM.attributes
                0x00000861       0x39 _build/nrf52832_xxaa/nrf_ble_qwr.c.o
 .ARM.attributes
                0x0000089a       0x39 _build/nrf52832_xxaa/ble_lbs.c.o
 .ARM.attributes
                0x000008d3       0x39 _build/nrf52832_xxaa/nrf_sdh.c.o
 .ARM.attributes
                0x0000090c       0x39 _build/nrf52832_xxaa/nrf_sdh_ble.c.o
 .ARM.attributes
                0x00000945       0x39 _build/nrf52832_xxaa/nrf_sdh_soc.c.o
 .ARM.attributes
                0x0000097e       0x34 c:/program files (x86)/gnu tools arm embedded/7 2018-q2-update/bin/../lib/gcc/arm-none-eabi/7.3.1/../../../../arm-none-eabi/lib/thumb/v7e-m/fpv4-sp/hard\libc_nano.a(lib_a-exit.o)
 .ARM.attributes
                0x000009b2       0x34 c:/program files (x86)/gnu tools arm embedded/7 2018-q2-update/bin/../lib/gcc/arm-none-eabi/7.3.1/../../../../arm-none-eabi/lib/thumb/v7e-m/fpv4-sp/hard\libc_nano.a(lib_a-impure.o)
 .ARM.attributes
                0x000009e6       0x34 c:/program files (x86)/gnu tools arm embedded/7 2018-q2-update/bin/../lib/gcc/arm-none-eabi/7.3.1/../../../../arm-none-eabi/lib/thumb/v7e-m/fpv4-sp/hard\libc_nano.a(lib_a-init.o)
 .ARM.attributes
                0x00000a1a       0x34 c:/program files (x86)/gnu tools arm embedded/7 2018-q2-update/bin/../lib/gcc/arm-none-eabi/7.3.1/../../../../arm-none-eabi/lib/thumb/v7e-m/fpv4-sp/hard\libc_nano.a(lib_a-locale.o)
 .ARM.attributes
                0x00000a4e       0x34 c:/program files (x86)/gnu tools arm embedded/7 2018-q2-update/bin/../lib/gcc/arm-none-eabi/7.3.1/../../../../arm-none-eabi/lib/thumb/v7e-m/fpv4-sp/hard\libc_nano.a(lib_a-mbtowc_r.o)
 .ARM.attributes
                0x00000a82       0x34 c:/program files (x86)/gnu tools arm embedded/7 2018-q2-update/bin/../lib/gcc/arm-none-eabi/7.3.1/../../../../arm-none-eabi/lib/thumb/v7e-m/fpv4-sp/hard\libc_nano.a(lib_a-memcpy-stub.o)
 .ARM.attributes
                0x00000ab6       0x34 c:/program files (x86)/gnu tools arm embedded/7 2018-q2-update/bin/../lib/gcc/arm-none-eabi/7.3.1/../../../../arm-none-eabi/lib/thumb/v7e-m/fpv4-sp/hard\libc_nano.a(lib_a-memset.o)
 .ARM.attributes
                0x00000aea       0x1b c:/program files (x86)/gnu tools arm embedded/7 2018-q2-update/bin/../lib/gcc/arm-none-eabi/7.3.1/../../../../arm-none-eabi/lib/thumb/v7e-m/fpv4-sp/hard\libc_nano.a(lib_a-strlen.o)
 .ARM.attributes
                0x00000b05       0x34 c:/program files (x86)/gnu tools arm embedded/7 2018-q2-update/bin/../lib/gcc/arm-none-eabi/7.3.1/../../../../arm-none-eabi/lib/thumb/v7e-m/fpv4-sp/hard\libc_nano.a(lib_a-wctomb_r.o)
 .ARM.attributes
                0x00000b39       0x34 c:/program files (x86)/gnu tools arm embedded/7 2018-q2-update/bin/../lib/gcc/arm-none-eabi/7.3.1/../../../../arm-none-eabi/lib/thumb/v7e-m/fpv4-sp/hard\libc_nano.a(lib_a-ctype_.o)
 .ARM.attributes
                0x00000b6d       0x34 c:/program files (x86)/gnu tools arm embedded/7 2018-q2-update/bin/../lib/gcc/arm-none-eabi/7.3.1/../../../../arm-none-eabi/lib/thumb/v7e-m/fpv4-sp/hard\libnosys.a(_exit.o)
 .ARM.attributes
                0x00000ba1       0x34 c:/program files (x86)/gnu tools arm embedded/7 2018-q2-update/bin/../lib/gcc/arm-none-eabi/7.3.1/thumb/v7e-m/fpv4-sp/hard/crtend.o
 .ARM.attributes
                0x00000bd5       0x22 c:/program files (x86)/gnu tools arm embedded/7 2018-q2-update/bin/../lib/gcc/arm-none-eabi/7.3.1/thumb/v7e-m/fpv4-sp/hard/crtn.o

.comment        0x00000000       0x7f
 .comment       0x00000000       0x7f _build/nrf52832_xxaa/nrf_log_backend_serial.c.o
                                 0x80 (size before relaxing)
 .comment       0x0000007f       0x80 _build/nrf52832_xxaa/nrf_log_backend_uart.c.o
 .comment       0x0000007f       0x80 _build/nrf52832_xxaa/nrf_log_default_backends.c.o
 .comment       0x0000007f       0x80 _build/nrf52832_xxaa/nrf_log_frontend.c.o
 .comment       0x0000007f       0x80 _build/nrf52832_xxaa/nrf_log_str_formatter.c.o
 .comment       0x0000007f       0x80 _build/nrf52832_xxaa/app_button.c.o
 .comment       0x0000007f       0x80 _build/nrf52832_xxaa/app_error.c.o
 .comment       0x0000007f       0x80 _build/nrf52832_xxaa/app_error_weak.c.o
 .comment       0x0000007f       0x80 _build/nrf52832_xxaa/app_timer.c.o
 .comment       0x0000007f       0x80 _build/nrf52832_xxaa/app_util_platform.c.o
 .comment       0x0000007f       0x80 _build/nrf52832_xxaa/nrf_atflags.c.o
 .comment       0x0000007f       0x80 _build/nrf52832_xxaa/nrf_atomic.c.o
 .comment       0x0000007f       0x80 _build/nrf52832_xxaa/nrf_balloc.c.o
 .comment       0x0000007f       0x80 _build/nrf52832_xxaa/nrf_fprintf.c.o
 .comment       0x0000007f       0x80 _build/nrf52832_xxaa/nrf_fprintf_format.c.o
 .comment       0x0000007f       0x80 _build/nrf52832_xxaa/nrf_memobj.c.o
 .comment       0x0000007f       0x80 _build/nrf52832_xxaa/nrf_pwr_mgmt.c.o
 .comment       0x0000007f       0x80 _build/nrf52832_xxaa/nrf_ringbuf.c.o
 .comment       0x0000007f       0x80 _build/nrf52832_xxaa/nrf_section_iter.c.o
 .comment       0x0000007f       0x80 _build/nrf52832_xxaa/nrf_strerror.c.o
 .comment       0x0000007f       0x80 _build/nrf52832_xxaa/system_nrf52.c.o
 .comment       0x0000007f       0x80 _build/nrf52832_xxaa/boards.c.o
 .comment       0x0000007f       0x80 _build/nrf52832_xxaa/nrf_drv_clock.c.o
 .comment       0x0000007f       0x80 _build/nrf52832_xxaa/nrf_drv_uart.c.o
 .comment       0x0000007f       0x80 _build/nrf52832_xxaa/nrfx_clock.c.o
 .comment       0x0000007f       0x80 _build/nrf52832_xxaa/nrfx_gpiote.c.o
 .comment       0x0000007f       0x80 _build/nrf52832_xxaa/nrfx_prs.c.o
 .comment       0x0000007f       0x80 _build/nrf52832_xxaa/nrfx_uart.c.o
 .comment       0x0000007f       0x80 _build/nrf52832_xxaa/nrfx_uarte.c.o
 .comment       0x0000007f       0x80 _build/nrf52832_xxaa/main.c.o
 .comment       0x0000007f       0x80 _build/nrf52832_xxaa/ble_advdata.c.o
 .comment       0x0000007f       0x80 _build/nrf52832_xxaa/ble_conn_params.c.o
 .comment       0x0000007f       0x80 _build/nrf52832_xxaa/ble_conn_state.c.o
 .comment       0x0000007f       0x80 _build/nrf52832_xxaa/ble_srv_common.c.o
 .comment       0x0000007f       0x80 _build/nrf52832_xxaa/nrf_ble_gatt.c.o
 .comment       0x0000007f       0x80 _build/nrf52832_xxaa/nrf_ble_qwr.c.o
 .comment       0x0000007f       0x80 _build/nrf52832_xxaa/ble_lbs.c.o
 .comment       0x0000007f       0x80 _build/nrf52832_xxaa/nrf_sdh.c.o
 .comment       0x0000007f       0x80 _build/nrf52832_xxaa/nrf_sdh_ble.c.o
 .comment       0x0000007f       0x80 _build/nrf52832_xxaa/nrf_sdh_soc.c.o

.debug_line     0x00000000    0x17ac0
 .debug_line    0x00000000       0x86 _build/nrf52832_xxaa/gcc_startup_nrf52.S.o
 .debug_line    0x00000086      0x876 _build/nrf52832_xxaa/nrf_log_backend_serial.c.o
 .debug_line    0x000008fc      0xb01 _build/nrf52832_xxaa/nrf_log_backend_uart.c.o
 .debug_line    0x000013fd      0x7f4 _build/nrf52832_xxaa/nrf_log_default_backends.c.o
 .debug_line    0x00001bf1      0xf46 _build/nrf52832_xxaa/nrf_log_frontend.c.o
 .debug_line    0x00002b37      0x8e9 _build/nrf52832_xxaa/nrf_log_str_formatter.c.o
 .debug_line    0x00003420      0x97f _build/nrf52832_xxaa/app_button.c.o
 .debug_line    0x00003d9f      0x502 _build/nrf52832_xxaa/app_error.c.o
 .debug_line    0x000042a1      0x869 _build/nrf52832_xxaa/app_error_weak.c.o
 .debug_line    0x00004b0a      0xd0a _build/nrf52832_xxaa/app_timer.c.o
 .debug_line    0x00005814      0x618 _build/nrf52832_xxaa/app_util_platform.c.o
 .debug_line    0x00005e2c      0x6a9 _build/nrf52832_xxaa/nrf_atflags.c.o
 .debug_line    0x000064d5      0x708 _build/nrf52832_xxaa/nrf_atomic.c.o
 .debug_line    0x00006bdd      0x7c6 _build/nrf52832_xxaa/nrf_balloc.c.o
 .debug_line    0x000073a3      0x5a1 _build/nrf52832_xxaa/nrf_fprintf.c.o
 .debug_line    0x00007944      0x7b1 _build/nrf52832_xxaa/nrf_fprintf_format.c.o
 .debug_line    0x000080f5      0x8a3 _build/nrf52832_xxaa/nrf_memobj.c.o
 .debug_line    0x00008998      0xc11 _build/nrf52832_xxaa/nrf_pwr_mgmt.c.o
 .debug_line    0x000095a9      0x762 _build/nrf52832_xxaa/nrf_ringbuf.c.o
 .debug_line    0x00009d0b      0x5ab _build/nrf52832_xxaa/nrf_section_iter.c.o
 .debug_line    0x0000a2b6      0x5ae _build/nrf52832_xxaa/nrf_strerror.c.o
 .debug_line    0x0000a864      0x49f _build/nrf52832_xxaa/system_nrf52.c.o
 .debug_line    0x0000ad03      0x959 _build/nrf52832_xxaa/boards.c.o
 .debug_line    0x0000b65c      0xc6a _build/nrf52832_xxaa/nrf_drv_clock.c.o
 .debug_line    0x0000c2c6      0x853 _build/nrf52832_xxaa/nrf_drv_uart.c.o
 .debug_line    0x0000cb19      0xbde _build/nrf52832_xxaa/nrfx_clock.c.o
 .debug_line    0x0000d6f7     0x1363 _build/nrf52832_xxaa/nrfx_gpiote.c.o
 .debug_line    0x0000ea5a      0x951 _build/nrf52832_xxaa/nrfx_prs.c.o
 .debug_line    0x0000f3ab     0x1042 _build/nrf52832_xxaa/nrfx_uart.c.o
 .debug_line    0x000103ed      0xf6a _build/nrf52832_xxaa/nrfx_uarte.c.o
 .debug_line    0x00011357      0xf3e _build/nrf52832_xxaa/main.c.o
 .debug_line    0x00012295      0x9fa _build/nrf52832_xxaa/ble_advdata.c.o
 .debug_line    0x00012c8f      0x9c2 _build/nrf52832_xxaa/ble_conn_params.c.o
 .debug_line    0x00013651      0xb0f _build/nrf52832_xxaa/ble_conn_state.c.o
 .debug_line    0x00014160      0x79c _build/nrf52832_xxaa/ble_srv_common.c.o
 .debug_line    0x000148fc      0x8f9 _build/nrf52832_xxaa/nrf_ble_gatt.c.o
 .debug_line    0x000151f5      0x6f5 _build/nrf52832_xxaa/nrf_ble_qwr.c.o
 .debug_line    0x000158ea      0x78b _build/nrf52832_xxaa/ble_lbs.c.o
 .debug_line    0x00016075      0x9c4 _build/nrf52832_xxaa/nrf_sdh.c.o
 .debug_line    0x00016a39      0x907 _build/nrf52832_xxaa/nrf_sdh_ble.c.o
 .debug_line    0x00017340      0x780 _build/nrf52832_xxaa/nrf_sdh_soc.c.o

.debug_info     0x00000000    0x4712f
 .debug_info    0x00000000       0x26 _build/nrf52832_xxaa/gcc_startup_nrf52.S.o
 .debug_info    0x00000026     0x1125 _build/nrf52832_xxaa/nrf_log_backend_serial.c.o
 .debug_info    0x0000114b     0x1ac6 _build/nrf52832_xxaa/nrf_log_backend_uart.c.o
 .debug_info    0x00002c11      0xccc _build/nrf52832_xxaa/nrf_log_default_backends.c.o
 .debug_info    0x000038dd     0x392c _build/nrf52832_xxaa/nrf_log_frontend.c.o
 .debug_info    0x00007209     0x1380 _build/nrf52832_xxaa/nrf_log_str_formatter.c.o
 .debug_info    0x00008589      0xf13 _build/nrf52832_xxaa/app_button.c.o
 .debug_info    0x0000949c      0xaeb _build/nrf52832_xxaa/app_error.c.o
 .debug_info    0x00009f87      0xf19 _build/nrf52832_xxaa/app_error_weak.c.o
 .debug_info    0x0000aea0     0x23d3 _build/nrf52832_xxaa/app_timer.c.o
 .debug_info    0x0000d273     0x119d _build/nrf52832_xxaa/app_util_platform.c.o
 .debug_info    0x0000e410      0xdfe _build/nrf52832_xxaa/nrf_atflags.c.o
 .debug_info    0x0000f20e     0x122a _build/nrf52832_xxaa/nrf_atomic.c.o
 .debug_info    0x00010438      0xd8d _build/nrf52832_xxaa/nrf_balloc.c.o
 .debug_info    0x000111c5      0xaa8 _build/nrf52832_xxaa/nrf_fprintf.c.o
 .debug_info    0x00011c6d     0x132f _build/nrf52832_xxaa/nrf_fprintf_format.c.o
 .debug_info    0x00012f9c     0x136c _build/nrf52832_xxaa/nrf_memobj.c.o
 .debug_info    0x00014308     0x1c36 _build/nrf52832_xxaa/nrf_pwr_mgmt.c.o
 .debug_info    0x00015f3e      0xe3a _build/nrf52832_xxaa/nrf_ringbuf.c.o
 .debug_info    0x00016d78      0xa21 _build/nrf52832_xxaa/nrf_section_iter.c.o
 .debug_info    0x00017799      0xaa2 _build/nrf52832_xxaa/nrf_strerror.c.o
 .debug_info    0x0001823b     0x1139 _build/nrf52832_xxaa/system_nrf52.c.o
 .debug_info    0x00019374     0x14d0 _build/nrf52832_xxaa/boards.c.o
 .debug_info    0x0001a844     0x1e1e _build/nrf52832_xxaa/nrf_drv_clock.c.o
 .debug_info    0x0001c662     0x193f _build/nrf52832_xxaa/nrf_drv_uart.c.o
 .debug_info    0x0001dfa1     0x1bd5 _build/nrf52832_xxaa/nrfx_clock.c.o
 .debug_info    0x0001fb76     0x398b _build/nrf52832_xxaa/nrfx_gpiote.c.o
 .debug_info    0x00023501     0x10d0 _build/nrf52832_xxaa/nrfx_prs.c.o
 .debug_info    0x000245d1     0x383f _build/nrf52832_xxaa/nrfx_uart.c.o
 .debug_info    0x00027e10     0x3576 _build/nrf52832_xxaa/nrfx_uarte.c.o
 .debug_info    0x0002b386     0x446c _build/nrf52832_xxaa/main.c.o
 .debug_info    0x0002f7f2     0x23c4 _build/nrf52832_xxaa/ble_advdata.c.o
 .debug_info    0x00031bb6     0x307c _build/nrf52832_xxaa/ble_conn_params.c.o
 .debug_info    0x00034c32     0x32df _build/nrf52832_xxaa/ble_conn_state.c.o
 .debug_info    0x00037f11     0x1523 _build/nrf52832_xxaa/ble_srv_common.c.o
 .debug_info    0x00039434     0x307e _build/nrf52832_xxaa/nrf_ble_gatt.c.o
 .debug_info    0x0003c4b2     0x26b0 _build/nrf52832_xxaa/nrf_ble_qwr.c.o
 .debug_info    0x0003eb62     0x2896 _build/nrf52832_xxaa/ble_lbs.c.o
 .debug_info    0x000413f8     0x1d9a _build/nrf52832_xxaa/nrf_sdh.c.o
 .debug_info    0x00043192     0x311b _build/nrf52832_xxaa/nrf_sdh_ble.c.o
 .debug_info    0x000462ad      0xe82 _build/nrf52832_xxaa/nrf_sdh_soc.c.o

.debug_abbrev   0x00000000     0x8ef3
 .debug_abbrev  0x00000000       0x14 _build/nrf52832_xxaa/gcc_startup_nrf52.S.o
 .debug_abbrev  0x00000014      0x27f _build/nrf52832_xxaa/nrf_log_backend_serial.c.o
 .debug_abbrev  0x00000293      0x3ca _build/nrf52832_xxaa/nrf_log_backend_uart.c.o
 .debug_abbrev  0x0000065d      0x256 _build/nrf52832_xxaa/nrf_log_default_backends.c.o
 .debug_abbrev  0x000008b3      0x598 _build/nrf52832_xxaa/nrf_log_frontend.c.o
 .debug_abbrev  0x00000e4b      0x2ba _build/nrf52832_xxaa/nrf_log_str_formatter.c.o
 .debug_abbrev  0x00001105      0x2d9 _build/nrf52832_xxaa/app_button.c.o
 .debug_abbrev  0x000013de      0x235 _build/nrf52832_xxaa/app_error.c.o
 .debug_abbrev  0x00001613      0x298 _build/nrf52832_xxaa/app_error_weak.c.o
 .debug_abbrev  0x000018ab      0x49d _build/nrf52832_xxaa/app_timer.c.o
 .debug_abbrev  0x00001d48      0x381 _build/nrf52832_xxaa/app_util_platform.c.o
 .debug_abbrev  0x000020c9      0x305 _build/nrf52832_xxaa/nrf_atflags.c.o
 .debug_abbrev  0x000023ce      0x31f _build/nrf52832_xxaa/nrf_atomic.c.o
 .debug_abbrev  0x000026ed      0x302 _build/nrf52832_xxaa/nrf_balloc.c.o
 .debug_abbrev  0x000029ef      0x239 _build/nrf52832_xxaa/nrf_fprintf.c.o
 .debug_abbrev  0x00002c28      0x347 _build/nrf52832_xxaa/nrf_fprintf_format.c.o
 .debug_abbrev  0x00002f6f      0x350 _build/nrf52832_xxaa/nrf_memobj.c.o
 .debug_abbrev  0x000032bf      0x46d _build/nrf52832_xxaa/nrf_pwr_mgmt.c.o
 .debug_abbrev  0x0000372c      0x265 _build/nrf52832_xxaa/nrf_ringbuf.c.o
 .debug_abbrev  0x00003991      0x1da _build/nrf52832_xxaa/nrf_section_iter.c.o
 .debug_abbrev  0x00003b6b      0x248 _build/nrf52832_xxaa/nrf_strerror.c.o
 .debug_abbrev  0x00003db3      0x1e2 _build/nrf52832_xxaa/system_nrf52.c.o
 .debug_abbrev  0x00003f95      0x3b5 _build/nrf52832_xxaa/boards.c.o
 .debug_abbrev  0x0000434a      0x550 _build/nrf52832_xxaa/nrf_drv_clock.c.o
 .debug_abbrev  0x0000489a      0x298 _build/nrf52832_xxaa/nrf_drv_uart.c.o
 .debug_abbrev  0x00004b32      0x4bd _build/nrf52832_xxaa/nrfx_clock.c.o
 .debug_abbrev  0x00004fef      0x522 _build/nrf52832_xxaa/nrfx_gpiote.c.o
 .debug_abbrev  0x00005511      0x30c _build/nrf52832_xxaa/nrfx_prs.c.o
 .debug_abbrev  0x0000581d      0x4fe _build/nrf52832_xxaa/nrfx_uart.c.o
 .debug_abbrev  0x00005d1b      0x4c8 _build/nrf52832_xxaa/nrfx_uarte.c.o
 .debug_abbrev  0x000061e3      0x48e _build/nrf52832_xxaa/main.c.o
 .debug_abbrev  0x00006671      0x42b _build/nrf52832_xxaa/ble_advdata.c.o
 .debug_abbrev  0x00006a9c      0x4fb _build/nrf52832_xxaa/ble_conn_params.c.o
 .debug_abbrev  0x00006f97      0x4f5 _build/nrf52832_xxaa/ble_conn_state.c.o
 .debug_abbrev  0x0000748c      0x34f _build/nrf52832_xxaa/ble_srv_common.c.o
 .debug_abbrev  0x000077db      0x442 _build/nrf52832_xxaa/nrf_ble_gatt.c.o
 .debug_abbrev  0x00007c1d      0x377 _build/nrf52832_xxaa/nrf_ble_qwr.c.o
 .debug_abbrev  0x00007f94      0x37b _build/nrf52832_xxaa/ble_lbs.c.o
 .debug_abbrev  0x0000830f      0x4e7 _build/nrf52832_xxaa/nrf_sdh.c.o
 .debug_abbrev  0x000087f6      0x43b _build/nrf52832_xxaa/nrf_sdh_ble.c.o
 .debug_abbrev  0x00008c31      0x2c2 _build/nrf52832_xxaa/nrf_sdh_soc.c.o

.debug_aranges  0x00000000      0xdd8
 .debug_aranges
                0x00000000       0x20 _build/nrf52832_xxaa/gcc_startup_nrf52.S.o
 .debug_aranges
                0x00000020       0x20 _build/nrf52832_xxaa/nrf_log_backend_serial.c.o
 .debug_aranges
                0x00000040       0x48 _build/nrf52832_xxaa/nrf_log_backend_uart.c.o
 .debug_aranges
                0x00000088       0x20 _build/nrf52832_xxaa/nrf_log_default_backends.c.o
 .debug_aranges
                0x000000a8       0xc8 _build/nrf52832_xxaa/nrf_log_frontend.c.o
 .debug_aranges
                0x00000170       0x30 _build/nrf52832_xxaa/nrf_log_str_formatter.c.o
 .debug_aranges
                0x000001a0       0x48 _build/nrf52832_xxaa/app_button.c.o
 .debug_aranges
                0x000001e8       0x28 _build/nrf52832_xxaa/app_error.c.o
 .debug_aranges
                0x00000210       0x20 _build/nrf52832_xxaa/app_error_weak.c.o
 .debug_aranges
                0x00000230       0x70 _build/nrf52832_xxaa/app_timer.c.o
 .debug_aranges
                0x000002a0       0x48 _build/nrf52832_xxaa/app_util_platform.c.o
 .debug_aranges
                0x000002e8       0x58 _build/nrf52832_xxaa/nrf_atflags.c.o
 .debug_aranges
                0x00000340       0xb0 _build/nrf52832_xxaa/nrf_atomic.c.o
 .debug_aranges
                0x000003f0       0x30 _build/nrf52832_xxaa/nrf_balloc.c.o
 .debug_aranges
                0x00000420       0x28 _build/nrf52832_xxaa/nrf_fprintf.c.o
 .debug_aranges
                0x00000448       0x28 _build/nrf52832_xxaa/nrf_fprintf_format.c.o
 .debug_aranges
                0x00000470       0x50 _build/nrf52832_xxaa/nrf_memobj.c.o
 .debug_aranges
                0x000004c0       0x48 _build/nrf52832_xxaa/nrf_pwr_mgmt.c.o
 .debug_aranges
                0x00000508       0x50 _build/nrf52832_xxaa/nrf_ringbuf.c.o
 .debug_aranges
                0x00000558       0x28 _build/nrf52832_xxaa/nrf_section_iter.c.o
 .debug_aranges
                0x00000580       0x28 _build/nrf52832_xxaa/nrf_strerror.c.o
 .debug_aranges
                0x000005a8       0x28 _build/nrf52832_xxaa/system_nrf52.c.o
 .debug_aranges
                0x000005d0       0x78 _build/nrf52832_xxaa/boards.c.o
 .debug_aranges
                0x00000648       0xa8 _build/nrf52832_xxaa/nrf_drv_clock.c.o
 .debug_aranges
                0x000006f0       0x30 _build/nrf52832_xxaa/nrf_drv_uart.c.o
 .debug_aranges
                0x00000720       0x78 _build/nrf52832_xxaa/nrfx_clock.c.o
 .debug_aranges
                0x00000798       0xd8 _build/nrf52832_xxaa/nrfx_gpiote.c.o
 .debug_aranges
                0x00000870       0x30 _build/nrf52832_xxaa/nrfx_prs.c.o
 .debug_aranges
                0x000008a0       0x78 _build/nrf52832_xxaa/nrfx_uart.c.o
 .debug_aranges
                0x00000918       0x68 _build/nrf52832_xxaa/nrfx_uarte.c.o
 .debug_aranges
                0x00000980       0x90 _build/nrf52832_xxaa/main.c.o
 .debug_aranges
                0x00000a10       0x78 _build/nrf52832_xxaa/ble_advdata.c.o
 .debug_aranges
                0x00000a88       0x60 _build/nrf52832_xxaa/ble_conn_params.c.o
 .debug_aranges
                0x00000ae8       0xc0 _build/nrf52832_xxaa/ble_conn_state.c.o
 .debug_aranges
                0x00000ba8       0x58 _build/nrf52832_xxaa/ble_srv_common.c.o
 .debug_aranges
                0x00000c00       0x68 _build/nrf52832_xxaa/nrf_ble_gatt.c.o
 .debug_aranges
                0x00000c68       0x40 _build/nrf52832_xxaa/nrf_ble_qwr.c.o
 .debug_aranges
                0x00000ca8       0x48 _build/nrf52832_xxaa/ble_lbs.c.o
 .debug_aranges
                0x00000cf0       0x70 _build/nrf52832_xxaa/nrf_sdh.c.o
 .debug_aranges
                0x00000d60       0x50 _build/nrf52832_xxaa/nrf_sdh_ble.c.o
 .debug_aranges
                0x00000db0       0x28 _build/nrf52832_xxaa/nrf_sdh_soc.c.o

.debug_str      0x00000000    0x946c3
 .debug_str     0x00000000       0xb0 _build/nrf52832_xxaa/gcc_startup_nrf52.S.o
 .debug_str     0x000000b0    0x7384a _build/nrf52832_xxaa/nrf_log_backend_serial.c.o
                              0x759c6 (size before relaxing)
 .debug_str     0x000738fa     0x8512 _build/nrf52832_xxaa/nrf_log_backend_uart.c.o
                              0x7d9c1 (size before relaxing)
 .debug_str     0x0007be0c      0x11c _build/nrf52832_xxaa/nrf_log_default_backends.c.o
                              0x7577d (size before relaxing)
 .debug_str     0x0007bf28     0x1372 _build/nrf52832_xxaa/nrf_log_frontend.c.o
                              0x76c34 (size before relaxing)
 .debug_str     0x0007d29a      0x6a4 _build/nrf52832_xxaa/nrf_log_str_formatter.c.o
                              0x75ede (size before relaxing)
 .debug_str     0x0007d93e     0x163d _build/nrf52832_xxaa/app_button.c.o
                              0x7a93e (size before relaxing)
 .debug_str     0x0007ef7b       0xf4 _build/nrf52832_xxaa/app_error.c.o
                              0x609c8 (size before relaxing)
 .debug_str     0x0007f06f      0xa52 _build/nrf52832_xxaa/app_error_weak.c.o
                              0x767bf (size before relaxing)
 .debug_str     0x0007fac1      0xb33 _build/nrf52832_xxaa/app_timer.c.o
                              0x7a308 (size before relaxing)
 .debug_str     0x000805f4      0x24e _build/nrf52832_xxaa/app_util_platform.c.o
                              0x61edc (size before relaxing)
 .debug_str     0x00080842      0x3c4 _build/nrf52832_xxaa/nrf_atflags.c.o
                              0x70996 (size before relaxing)
 .debug_str     0x00080c06      0x65b _build/nrf52832_xxaa/nrf_atomic.c.o
                              0x70cf1 (size before relaxing)
 .debug_str     0x00081261      0x164 _build/nrf52832_xxaa/nrf_balloc.c.o
                              0x75777 (size before relaxing)
 .debug_str     0x000813c5      0x144 _build/nrf52832_xxaa/nrf_fprintf.c.o
                              0x7094a (size before relaxing)
 .debug_str     0x00081509      0x11d _build/nrf52832_xxaa/nrf_fprintf_format.c.o
                              0x70a3f (size before relaxing)
 .debug_str     0x00081626      0x1a5 _build/nrf52832_xxaa/nrf_memobj.c.o
                              0x73b2f (size before relaxing)
 .debug_str     0x000817cb     0x16c5 _build/nrf52832_xxaa/nrf_pwr_mgmt.c.o
                              0x7eb6e (size before relaxing)
 .debug_str     0x00082e90       0xdc _build/nrf52832_xxaa/nrf_ringbuf.c.o
                              0x72221 (size before relaxing)
 .debug_str     0x00082f6c       0x54 _build/nrf52832_xxaa/nrf_section_iter.c.o
                              0x70b19 (size before relaxing)
 .debug_str     0x00082fc0       0xed _build/nrf52832_xxaa/nrf_strerror.c.o
                              0x706b6 (size before relaxing)
 .debug_str     0x000830ad      0x36e _build/nrf52832_xxaa/system_nrf52.c.o
                              0x5c4ca (size before relaxing)
 .debug_str     0x0008341b     0x148e _build/nrf52832_xxaa/boards.c.o
                              0x7a2f6 (size before relaxing)
 .debug_str     0x000848a9      0xe8b _build/nrf52832_xxaa/nrf_drv_clock.c.o
                              0x7d835 (size before relaxing)
 .debug_str     0x00085734      0x470 _build/nrf52832_xxaa/nrf_drv_uart.c.o
                              0x7a1d4 (size before relaxing)
 .debug_str     0x00085ba4      0x8e4 _build/nrf52832_xxaa/nrfx_clock.c.o
                              0x7cd77 (size before relaxing)
 .debug_str     0x00086488      0xd47 _build/nrf52832_xxaa/nrfx_gpiote.c.o
                              0x7df15 (size before relaxing)
 .debug_str     0x000871cf      0x334 _build/nrf52832_xxaa/nrfx_prs.c.o
                              0x7c403 (size before relaxing)
 .debug_str     0x00087503      0x6a7 _build/nrf52832_xxaa/nrfx_uart.c.o
                              0x7d591 (size before relaxing)
 .debug_str     0x00087baa      0x976 _build/nrf52832_xxaa/nrfx_uarte.c.o
                              0x7da25 (size before relaxing)
 .debug_str     0x00088520     0x9752 _build/nrf52832_xxaa/main.c.o
                              0x88709 (size before relaxing)
 .debug_str     0x00091c72      0x56f _build/nrf52832_xxaa/ble_advdata.c.o
                              0x77a38 (size before relaxing)
 .debug_str     0x000921e1      0x37a _build/nrf52832_xxaa/ble_conn_params.c.o
                              0x79e09 (size before relaxing)
 .debug_str     0x0009255b      0x82f _build/nrf52832_xxaa/ble_conn_state.c.o
                              0x79689 (size before relaxing)
 .debug_str     0x00092d8a      0x47c _build/nrf52832_xxaa/ble_srv_common.c.o
                              0x6f05e (size before relaxing)
 .debug_str     0x00093206      0x4d2 _build/nrf52832_xxaa/nrf_ble_gatt.c.o
                              0x7a34f (size before relaxing)
 .debug_str     0x000936d8      0x209 _build/nrf52832_xxaa/nrf_ble_qwr.c.o
                              0x78563 (size before relaxing)
 .debug_str     0x000938e1      0x105 _build/nrf52832_xxaa/ble_lbs.c.o
                              0x78b20 (size before relaxing)
 .debug_str     0x000939e6      0x4f4 _build/nrf52832_xxaa/nrf_sdh.c.o
                              0x761a6 (size before relaxing)
 .debug_str     0x00093eda      0x665 _build/nrf52832_xxaa/nrf_sdh_ble.c.o
                              0x7af03 (size before relaxing)
 .debug_str     0x0009453f      0x184 _build/nrf52832_xxaa/nrf_sdh_soc.c.o
                              0x75161 (size before relaxing)

.debug_loc      0x00000000    0x12b47
 .debug_loc     0x00000000      0x160 _build/nrf52832_xxaa/nrf_log_backend_serial.c.o
 .debug_loc     0x00000160      0x227 _build/nrf52832_xxaa/nrf_log_backend_uart.c.o
 .debug_loc     0x00000387       0x15 _build/nrf52832_xxaa/nrf_log_default_backends.c.o
 .debug_loc     0x0000039c     0x2773 _build/nrf52832_xxaa/nrf_log_frontend.c.o
 .debug_loc     0x00002b0f      0x42f _build/nrf52832_xxaa/nrf_log_str_formatter.c.o
 .debug_loc     0x00002f3e      0x3b3 _build/nrf52832_xxaa/app_button.c.o
 .debug_loc     0x000032f1       0xca _build/nrf52832_xxaa/app_error.c.o
 .debug_loc     0x000033bb       0x63 _build/nrf52832_xxaa/app_error_weak.c.o
 .debug_loc     0x0000341e      0xeb6 _build/nrf52832_xxaa/app_timer.c.o
 .debug_loc     0x000042d4      0x125 _build/nrf52832_xxaa/app_util_platform.c.o
 .debug_loc     0x000043f9      0x39e _build/nrf52832_xxaa/nrf_atflags.c.o
 .debug_loc     0x00004797      0x35c _build/nrf52832_xxaa/nrf_atomic.c.o
 .debug_loc     0x00004af3      0x169 _build/nrf52832_xxaa/nrf_balloc.c.o
 .debug_loc     0x00004c5c       0x4a _build/nrf52832_xxaa/nrf_fprintf.c.o
 .debug_loc     0x00004ca6     0x1169 _build/nrf52832_xxaa/nrf_fprintf_format.c.o
 .debug_loc     0x00005e0f      0xb27 _build/nrf52832_xxaa/nrf_memobj.c.o
 .debug_loc     0x00006936       0xc8 _build/nrf52832_xxaa/nrf_pwr_mgmt.c.o
 .debug_loc     0x000069fe      0x5d5 _build/nrf52832_xxaa/nrf_ringbuf.c.o
 .debug_loc     0x00006fd3      0x2db _build/nrf52832_xxaa/nrf_strerror.c.o
 .debug_loc     0x000072ae      0x801 _build/nrf52832_xxaa/boards.c.o
 .debug_loc     0x00007aaf      0x49a _build/nrf52832_xxaa/nrf_drv_clock.c.o
 .debug_loc     0x00007f49      0x1ae _build/nrf52832_xxaa/nrf_drv_uart.c.o
 .debug_loc     0x000080f7      0x1f5 _build/nrf52832_xxaa/nrfx_clock.c.o
 .debug_loc     0x000082ec     0x28a7 _build/nrf52832_xxaa/nrfx_gpiote.c.o
 .debug_loc     0x0000ab93       0xb8 _build/nrf52832_xxaa/nrfx_prs.c.o
 .debug_loc     0x0000ac4b     0x18b3 _build/nrf52832_xxaa/nrfx_uart.c.o
 .debug_loc     0x0000c4fe     0x13d0 _build/nrf52832_xxaa/nrfx_uarte.c.o
 .debug_loc     0x0000d8ce      0x770 _build/nrf52832_xxaa/main.c.o
 .debug_loc     0x0000e03e     0x1712 _build/nrf52832_xxaa/ble_advdata.c.o
 .debug_loc     0x0000f750      0xb45 _build/nrf52832_xxaa/ble_conn_params.c.o
 .debug_loc     0x00010295      0xaed _build/nrf52832_xxaa/ble_conn_state.c.o
 .debug_loc     0x00010d82      0x545 _build/nrf52832_xxaa/ble_srv_common.c.o
 .debug_loc     0x000112c7      0xc4f _build/nrf52832_xxaa/nrf_ble_gatt.c.o
 .debug_loc     0x00011f16      0x3f7 _build/nrf52832_xxaa/nrf_ble_qwr.c.o
 .debug_loc     0x0001230d      0x287 _build/nrf52832_xxaa/ble_lbs.c.o
 .debug_loc     0x00012594      0x2ab _build/nrf52832_xxaa/nrf_sdh.c.o
 .debug_loc     0x0001283f      0x294 _build/nrf52832_xxaa/nrf_sdh_ble.c.o
 .debug_loc     0x00012ad3       0x74 _build/nrf52832_xxaa/nrf_sdh_soc.c.o

.debug_ranges   0x00000000     0x41d0
 .debug_ranges  0x00000000       0x28 _build/nrf52832_xxaa/nrf_log_backend_serial.c.o
 .debug_ranges  0x00000028       0xb0 _build/nrf52832_xxaa/nrf_log_backend_uart.c.o
 .debug_ranges  0x000000d8       0x10 _build/nrf52832_xxaa/nrf_log_default_backends.c.o
 .debug_ranges  0x000000e8      0x8d8 _build/nrf52832_xxaa/nrf_log_frontend.c.o
 .debug_ranges  0x000009c0       0xb8 _build/nrf52832_xxaa/nrf_log_str_formatter.c.o
 .debug_ranges  0x00000a78       0x88 _build/nrf52832_xxaa/app_button.c.o
 .debug_ranges  0x00000b00       0x18 _build/nrf52832_xxaa/app_error.c.o
 .debug_ranges  0x00000b18       0x10 _build/nrf52832_xxaa/app_error_weak.c.o
 .debug_ranges  0x00000b28      0x570 _build/nrf52832_xxaa/app_timer.c.o
 .debug_ranges  0x00001098       0x80 _build/nrf52832_xxaa/app_util_platform.c.o
 .debug_ranges  0x00001118      0x108 _build/nrf52832_xxaa/nrf_atflags.c.o
 .debug_ranges  0x00001220       0xb8 _build/nrf52832_xxaa/nrf_atomic.c.o
 .debug_ranges  0x000012d8       0x78 _build/nrf52832_xxaa/nrf_balloc.c.o
 .debug_ranges  0x00001350       0x18 _build/nrf52832_xxaa/nrf_fprintf.c.o
 .debug_ranges  0x00001368      0x310 _build/nrf52832_xxaa/nrf_fprintf_format.c.o
 .debug_ranges  0x00001678       0xb0 _build/nrf52832_xxaa/nrf_memobj.c.o
 .debug_ranges  0x00001728       0x98 _build/nrf52832_xxaa/nrf_pwr_mgmt.c.o
 .debug_ranges  0x000017c0       0x40 _build/nrf52832_xxaa/nrf_ringbuf.c.o
 .debug_ranges  0x00001800       0x18 _build/nrf52832_xxaa/nrf_section_iter.c.o
 .debug_ranges  0x00001818       0x80 _build/nrf52832_xxaa/nrf_strerror.c.o
 .debug_ranges  0x00001898      0x168 _build/nrf52832_xxaa/system_nrf52.c.o
 .debug_ranges  0x00001a00      0x190 _build/nrf52832_xxaa/boards.c.o
 .debug_ranges  0x00001b90      0x288 _build/nrf52832_xxaa/nrf_drv_clock.c.o
 .debug_ranges  0x00001e18       0x20 _build/nrf52832_xxaa/nrf_drv_uart.c.o
 .debug_ranges  0x00001e38      0x1e8 _build/nrf52832_xxaa/nrfx_clock.c.o
 .debug_ranges  0x00002020      0x9b8 _build/nrf52832_xxaa/nrfx_gpiote.c.o
 .debug_ranges  0x000029d8       0x50 _build/nrf52832_xxaa/nrfx_prs.c.o
 .debug_ranges  0x00002a28      0x4d0 _build/nrf52832_xxaa/nrfx_uart.c.o